Archive member included to satisfy reference by file (symbol)

BNO08x_Pico_Library/libBNO08x_Pico_Library.a(bno08x.cpp.o)
                              CMakeFiles/main.dir/src/main.cpp.o (BNO08x::begin(unsigned char, i2c_inst*, signed char, signed char))
BNO08x_Pico_Library/libBNO08x_Pico_Library.a(utils.cpp.o)
                              CMakeFiles/main.dir/src/main.cpp.o (initI2C(i2c_inst*&, bool))
BNO08x_Pico_Library/sh2/libsh2.a(sh2.c.o)
                              BNO08x_Pico_Library/libBNO08x_Pico_Library.a(bno08x.cpp.o) (sh2_open)
BNO08x_Pico_Library/sh2/libsh2.a(shtp.c.o)
                              BNO08x_Pico_Library/sh2/libsh2.a(sh2.c.o) (shtp_open)
BNO08x_Pico_Library/sh2/libsh2.a(sh2_util.c.o)
                              BNO08x_Pico_Library/sh2/libsh2.a(shtp.c.o) (readu8)
BNO08x_Pico_Library/sh2/libsh2.a(sh2_SensorValue.c.o)
                              BNO08x_Pico_Library/libBNO08x_Pico_Library.a(bno08x.cpp.o) (sh2_decodeSensorEvent)
/usr/lib/gcc/arm-none-eabi/13.2.1/../../../arm-none-eabi/lib/thumb/v8-m.main+fp/softfp/libm.a(libm_a-wf_sqrt.o)
                              CMakeFiles/main.dir/pico-sdk/src/rp2_common/pico_float/float_math.c.o (sqrtf)
/usr/lib/gcc/arm-none-eabi/13.2.1/../../../arm-none-eabi/lib/thumb/v8-m.main+fp/softfp/libm.a(libm_a-ef_sqrt.o)
                              /usr/lib/gcc/arm-none-eabi/13.2.1/../../../arm-none-eabi/lib/thumb/v8-m.main+fp/softfp/libm.a(libm_a-wf_sqrt.o) (__ieee754_sqrtf)
/usr/lib/gcc/arm-none-eabi/13.2.1/thumb/v8-m.main+fp/softfp/libgcc.a(_arm_addsubdf3.o)
                              CMakeFiles/main.dir/src/main.cpp.o (__aeabi_f2d)
/usr/lib/gcc/arm-none-eabi/13.2.1/thumb/v8-m.main+fp/softfp/libgcc.a(_aeabi_ldivmod.o)
                              CMakeFiles/main.dir/pico-sdk/src/common/pico_time/time.c.o (__aeabi_ldivmod)
/usr/lib/gcc/arm-none-eabi/13.2.1/thumb/v8-m.main+fp/softfp/libgcc.a(_aeabi_uldivmod.o)
                              CMakeFiles/main.dir/pico-sdk/src/rp2_common/hardware_clocks/clocks.c.o (__aeabi_uldivmod)
/usr/lib/gcc/arm-none-eabi/13.2.1/thumb/v8-m.main+fp/softfp/libgcc.a(_udivmoddi4.o)
                              /usr/lib/gcc/arm-none-eabi/13.2.1/thumb/v8-m.main+fp/softfp/libgcc.a(_aeabi_ldivmod.o) (__udivmoddi4)
/usr/lib/gcc/arm-none-eabi/13.2.1/thumb/v8-m.main+fp/softfp/libgcc.a(_dvmd_tls.o)
                              /usr/lib/gcc/arm-none-eabi/13.2.1/thumb/v8-m.main+fp/softfp/libgcc.a(_aeabi_ldivmod.o) (__aeabi_ldiv0)
/usr/lib/gcc/arm-none-eabi/13.2.1/../../../arm-none-eabi/lib/thumb/v8-m.main+fp/softfp/libg.a(libc_a-memset.o)
                              /usr/lib/gcc/arm-none-eabi/13.2.1/../../../arm-none-eabi/lib/thumb/v8-m.main+fp/softfp/crt0.o (memset)
/usr/lib/gcc/arm-none-eabi/13.2.1/../../../arm-none-eabi/lib/thumb/v8-m.main+fp/softfp/libg.a(libc_a-strcmp.o)
                              BNO08x_Pico_Library/sh2/libsh2.a(shtp.c.o) (strcmp)
/usr/lib/gcc/arm-none-eabi/13.2.1/../../../arm-none-eabi/lib/thumb/v8-m.main+fp/softfp/libg.a(libc_a-stpcpy.o)
                              BNO08x_Pico_Library/sh2/libsh2.a(shtp.c.o) (stpcpy)
/usr/lib/gcc/arm-none-eabi/13.2.1/../../../arm-none-eabi/lib/thumb/v8-m.main+fp/softfp/libg.a(libc_a-calloc.o)
                              CMakeFiles/main.dir/pico-sdk/src/rp2_common/pico_malloc/malloc.c.o (calloc)
/usr/lib/gcc/arm-none-eabi/13.2.1/../../../arm-none-eabi/lib/thumb/v8-m.main+fp/softfp/libg.a(libc_a-errno.o)
                              /usr/lib/gcc/arm-none-eabi/13.2.1/../../../arm-none-eabi/lib/thumb/v8-m.main+fp/softfp/libm.a(libm_a-wf_sqrt.o) (__errno)
/usr/lib/gcc/arm-none-eabi/13.2.1/../../../arm-none-eabi/lib/thumb/v8-m.main+fp/softfp/libg.a(libc_a-impure.o)
                              /usr/lib/gcc/arm-none-eabi/13.2.1/../../../arm-none-eabi/lib/thumb/v8-m.main+fp/softfp/libg.a(libc_a-calloc.o) (_impure_ptr)
/usr/lib/gcc/arm-none-eabi/13.2.1/../../../arm-none-eabi/lib/thumb/v8-m.main+fp/softfp/libg.a(libc_a-callocr.o)
                              /usr/lib/gcc/arm-none-eabi/13.2.1/../../../arm-none-eabi/lib/thumb/v8-m.main+fp/softfp/libg.a(libc_a-calloc.o) (_calloc_r)
/usr/lib/gcc/arm-none-eabi/13.2.1/../../../arm-none-eabi/lib/thumb/v8-m.main+fp/softfp/libg.a(libc_a-realloc.o)
                              CMakeFiles/main.dir/pico-sdk/src/rp2_common/pico_malloc/malloc.c.o (realloc)
/usr/lib/gcc/arm-none-eabi/13.2.1/../../../arm-none-eabi/lib/thumb/v8-m.main+fp/softfp/libg.a(libc_a-mallocr.o)
                              /usr/lib/gcc/arm-none-eabi/13.2.1/../../../arm-none-eabi/lib/thumb/v8-m.main+fp/softfp/libg.a(libc_a-callocr.o) (_malloc_r)
/usr/lib/gcc/arm-none-eabi/13.2.1/../../../arm-none-eabi/lib/thumb/v8-m.main+fp/softfp/libg.a(libc_a-freer.o)
                              /usr/lib/gcc/arm-none-eabi/13.2.1/../../../arm-none-eabi/lib/thumb/v8-m.main+fp/softfp/libg.a(libc_a-mallocr.o) (_free_r)
/usr/lib/gcc/arm-none-eabi/13.2.1/../../../arm-none-eabi/lib/thumb/v8-m.main+fp/softfp/libg.a(libc_a-memcmp.o)
[...]
Memory Configuration

Name             Origin             Length             Attributes
FLASH            0x10000000         0x00400000         xr
RAM              0x20000000         0x00080000         xrw
SCRATCH_X        0x20080000         0x00001000         xrw
SCRATCH_Y        0x20081000         0x00001000         xrw
*default*        0x00000000         0xffffffff

Linker script and memory map

LOAD /usr/lib/gcc/arm-none-eabi/13.2.1/thumb/v8-m.main+fp/softfp/crti.o
LOAD /usr/lib/gcc/arm-none-eabi/13.2.1/thumb/v8-m.main+fp/softfp/crtbegin.o
LOAD /usr/lib/gcc/arm-none-eabi/13.2.1/../../../arm-none-eabi/lib/thumb/v8-m.main+fp/softfp/crt0.o

.flash_begin    0x10000000        0x0
                0x10000000                        __flash_binary_start = .

.text           0x10000000     0xb768
                0x10000000                        __logical_binary_start = .
 *(.vectors)
 .vectors       0x10000000      0x124 CMakeFiles/main.dir/pico-sdk/src/rp2_common/pico_crt0/crt0.S.o
                0x10000000                __vectors
                0x10000000                __VECTOR_TABLE
                0x10000110                isr_securefault
                0x10000110                isr_irq30
                0x10000110                __unhandled_user_irq
                0x10000110                isr_irq49
                0x10000110                isr_irq13
                0x10000110                isr_irq43
                0x10000110                isr_irq45
                0x10000110                isr_irq27
                0x10000110                isr_irq32
                0x10000110                isr_irq31
                0x10000110                isr_irq5
                0x10000110                isr_irq11
                0x10000110                isr_irq23
                0x10000110                isr_usagefault
                0x10000110                isr_irq48
                0x10000110                isr_irq35
                0x10000110                isr_irq18
                0x10000110                isr_irq50
                0x10000110                isr_irq40
                0x10000110                isr_irq28
                0x10000110                isr_irq19
                0x10000110                isr_irq36
                0x10000110                isr_irq41
                0x10000110                isr_irq0
                0x10000110                isr_irq6
                0x10000110                isr_memmanage
                0x10000110                isr_irq37
                0x10000110                isr_irq42
                0x10000110                isr_irq22
                0x10000110                isr_irq17
                0x10000110                isr_irq38
                0x10000110                isr_irq14
                0x10000110                __vectors_end
                0x10000110                __default_isrs_start
                0x10000110                isr_irq2
                0x10000110                isr_irq10
                0x10000110                isr_irq8
                0x10000110                isr_debugmonitor
                0x10000110                isr_irq24
                0x10000110                isr_irq46
                0x10000110                isr_irq1
                0x10000110                isr_irq47
                0x10000110                isr_irq51
                0x10000110                isr_irq7
                0x10000110                isr_irq21
                0x10000110                isr_irq39
                0x10000110                isr_irq20
                0x10000110                isr_irq15
                0x10000110                isr_irq25
                0x10000110                isr_irq34
                0x10000110                isr_irq4
                0x10000110                isr_busfault
                0x10000110                isr_irq16
                0x10000110                isr_irq44
                0x10000110                isr_irq29
                0x10000110                isr_irq26
                0x10000110                isr_irq33
                0x10000110                isr_irq3
                0x10000110                isr_irq12
                0x10000110                isr_irq9
                0x10000116                unhandled_user_irq_num_in_r0
                0x10000118                isr_invalid
                0x1000011a                isr_nmi
                0x1000011c                isr_hardfault
                0x1000011e                isr_svcall
                0x10000120                isr_pendsv
                0x10000122                isr_systick
                0x10000124                __default_isrs_end
 *(.binary_info_header)
 .binary_info_header
                0x10000124       0x14 CMakeFiles/main.dir/pico-sdk/src/rp2_common/pico_crt0/crt0.S.o
                0x10000138                        __binary_info_header_end = .
 *(.embedded_block)
 .embedded_block
                0x10000138       0x14 CMakeFiles/main.dir/pico-sdk/src/rp2_common/pico_crt0/crt0.S.o
                0x1000014c                        __embedded_block_end = .
 *(.reset)
 .reset         0x1000014c       0x98 CMakeFiles/main.dir/pico-sdk/src/rp2_common/pico_crt0/crt0.S.o
                0x1000014c                _entry_point
 *(.init)
 .init          0x100001e4        0x4 /usr/lib/gcc/arm-none-eabi/13.2.1/thumb/v8-m.main+fp/softfp/crti.o
                0x100001e4                _init
 *libgcc.a:cmse_nonsecure_call.o()
 *(EXCLUDE_FILE(*libm.a: *libc.a:*lib_a-mem*.o *libgcc.a:) .text*)
 .text          0x100001e8       0x8c /usr/lib/gcc/arm-none-eabi/13.2.1/thumb/v8-m.main+fp/softfp/crtbegin.o
 *fill*         0x10000274        0x4 
 .text.startup.main
                0x10000278      0x16c CMakeFiles/main.dir/src/main.cpp.o
                0x10000278                main
 .text.startup._GLOBAL__sub_I_IMU
                0x100003e4       0x48 CMakeFiles/main.dir/src/main.cpp.o
 .text.gpio_set_function
                0x1000042c       0x3c CMakeFiles/main.dir/pico-sdk/src/rp2_common/hardware_gpio/gpio.c.o
                0x1000042c                gpio_set_function
 .text.gpio_set_pulls
                0x10000468       0x28 CMakeFiles/main.dir/pico-sdk/src/rp2_common/hardware_gpio/gpio.c.o
                0x10000468                gpio_set_pulls
 .text.gpio_init
                0x10000490       0x48 CMakeFiles/main.dir/pico-sdk/src/rp2_common/hardware_gpio/gpio.c.o
                0x10000490                gpio_init
 .text.panic    0x100004d8       0x30 CMakeFiles/main.dir/pico-sdk/src/rp2_common/pico_platform_panic/panic.c.o
                0x100004d8                panic
 .text.hw_claim_or_assert
                0x10000508       0x58 CMakeFiles/main.dir/pico-sdk/src/common/hardware_claim/claim.c.o
                0x10000508                hw_claim_or_assert
 .text.hw_claim_unused_from_range
                0x10000560       0x9c CMakeFiles/main.dir/pico-sdk/src/common/hardware_claim/claim.c.o
                0x10000560                hw_claim_unused_from_range
 .text.next_striped_spin_lock_num
                0x100005fc       0x18 CMakeFiles/main.dir/pico-sdk/src/rp2_common/hardware_sync/sync.c.o
                0x100005fc                next_striped_spin_lock_num
 .text.spin_lock_claim_unused
                0x10000614       0x20 CMakeFiles/main.dir/pico-sdk/src/rp2_common/hardware_sync/sync.c.o
                0x10000614                spin_lock_claim_unused
 .text.spinlock_set_extexclall
                0x10000634       0x10 CMakeFiles/main.dir/pico-sdk/src/rp2_common/hardware_sync_spin_lock/sync_spin_lock.c.o
 .text.spin_locks_reset
                0x10000644       0x18 CMakeFiles/main.dir/pico-sdk/src/rp2_common/hardware_sync_spin_lock/sync_spin_lock.c.o
                0x10000644                spin_locks_reset
 .text.runtime_init_per_core_irq_priorities
                0x1000065c       0x40 CMakeFiles/main.dir/pico-sdk/src/rp2_common/hardware_irq/irq.c.o
                0x1000065c                runtime_init_per_core_irq_priorities
 .text.irq_set_enabled
                0x1000069c       0x2c CMakeFiles/main.dir/pico-sdk/src/rp2_common/hardware_irq/irq.c.o
                0x1000069c                irq_set_enabled
 .text.irq_is_enabled
                0x100006c8       0x20 CMakeFiles/main.dir/pico-sdk/src/rp2_common/hardware_irq/irq.c.o
                0x100006c8                irq_is_enabled
 .text.irq_set_pending
                0x100006e8       0x18 CMakeFiles/main.dir/pico-sdk/src/rp2_common/hardware_irq/irq.c.o
                0x100006e8                irq_set_pending
 .text.irq_has_shared_handler
                0x10000700       0x20 CMakeFiles/main.dir/pico-sdk/src/rp2_common/hardware_irq/irq.c.o
                0x10000700                irq_has_shared_handler
 .text.irq_set_exclusive_handler
                0x10000720       0x60 CMakeFiles/main.dir/pico-sdk/src/rp2_common/hardware_irq/irq.c.o
                0x10000720                irq_set_exclusive_handler
 .text.irq_add_shared_handler
                0x10000780      0x1e8 CMakeFiles/main.dir/pico-sdk/src/rp2_common/hardware_irq/irq.c.o
                0x10000780                irq_add_shared_handler
 .text.irq_add_tail_to_free_list
                0x10000968       0xbc CMakeFiles/main.dir/pico-sdk/src/rp2_common/hardware_irq/irq.c.o
                0x10000968                irq_add_tail_to_free_list
 .text.user_irq_claim_unused
                0x10000a24       0x28 CMakeFiles/main.dir/pico-sdk/src/rp2_common/hardware_irq/irq.c.o
                0x10000a24                user_irq_claim_unused
 .text.lock_init
                0x10000a4c        0xc CMakeFiles/main.dir/pico-sdk/src/common/pico_sync/lock_core.c.o
                0x10000a4c                lock_init
 .text.runtime_init_mutex
                0x10000a58       0x4c CMakeFiles/main.dir/pico-sdk/src/common/pico_sync/mutex.c.o
                0x10000a58                runtime_init_mutex
 .text.mutex_init
                0x10000aa4       0x1c CMakeFiles/main.dir/pico-sdk/src/common/pico_sync/mutex.c.o
                0x10000aa4                mutex_init
 .text.critical_section_init
                0x10000ac0       0x1c CMakeFiles/main.dir/pico-sdk/src/common/pico_sync/critical_section.c.o
                0x10000ac0                critical_section_init
 .text.critical_section_init_with_lock_num
                0x10000adc       0x10 CMakeFiles/main.dir/pico-sdk/src/common/pico_sync/critical_section.c.o
                0x10000adc                critical_section_init_with_lock_num
 .text.sleep_until_callback
                0x10000aec       0x3c CMakeFiles/main.dir/pico-sdk/src/common/pico_time/time.c.o
 .text.alarm_pool_irq_handler
                0x10000b28      0x2f0 CMakeFiles/main.dir/pico-sdk/src/common/pico_time/time.c.o
 .text.runtime_init_default_alarm_pool
                0x10000e18      0x100 CMakeFiles/main.dir/pico-sdk/src/common/pico_time/time.c.o
                0x10000e18                runtime_init_default_alarm_pool
 .text.alarm_pool_get_default
                0x10000f18        0x8 CMakeFiles/main.dir/pico-sdk/src/common/pico_time/time.c.o
                0x10000f18                alarm_pool_get_default
 .text.alarm_pool_add_alarm_at
                0x10000f20       0xdc CMakeFiles/main.dir/pico-sdk/src/common/pico_time/time.c.o
                0x10000f20                alarm_pool_add_alarm_at
 .text.alarm_pool_add_alarm_at_force_in_context
                0x10000ffc       0xc8 CMakeFiles/main.dir/pico-sdk/src/common/pico_time/time.c.o
                0x10000ffc                alarm_pool_add_alarm_at_force_in_context
 .text.alarm_pool_cancel_alarm
                0x100010c4       0x80 CMakeFiles/main.dir/pico-sdk/src/common/pico_time/time.c.o
                0x100010c4                alarm_pool_cancel_alarm
 .text.alarm_pool_core_num
                0x10001144        0x4 CMakeFiles/main.dir/pico-sdk/src/common/pico_time/time.c.o
                0x10001144                alarm_pool_core_num
 .text.sleep_until
                0x10001148       0xbc CMakeFiles/main.dir/pico-sdk/src/common/pico_time/time.c.o
                0x10001148                sleep_until
 .text.sleep_ms
                0x10001204       0x2c CMakeFiles/main.dir/pico-sdk/src/common/pico_time/time.c.o
                0x10001204                sleep_ms
 .text.best_effort_wfe_or_timeout
                0x10001230       0xbc CMakeFiles/main.dir/pico-sdk/src/common/pico_time/time.c.o
                0x10001230                best_effort_wfe_or_timeout
 .text.check_single_timeout_us
                0x100012ec       0x28 CMakeFiles/main.dir/pico-sdk/src/common/pico_time/timeout_helper.c.o
 .text.init_single_timeout_until
                0x10001314       0x10 CMakeFiles/main.dir/pico-sdk/src/common/pico_time/timeout_helper.c.o
                0x10001314                init_single_timeout_until
 .text.timer_hardware_alarm_claim
                0x10001324       0x24 CMakeFiles/main.dir/pico-sdk/src/rp2_common/hardware_timer/timer.c.o
                0x10001324                timer_hardware_alarm_claim
 .text.timer_time_us_64
                0x10001348       0x10 CMakeFiles/main.dir/pico-sdk/src/rp2_common/hardware_timer/timer.c.o
                0x10001348                timer_time_us_64
 .text.time_us_64
                0x10001358       0x14 CMakeFiles/main.dir/pico-sdk/src/rp2_common/hardware_timer/timer.c.o
                0x10001358                time_us_64
 .text.busy_wait_us
                0x1000136c       0x64 CMakeFiles/main.dir/pico-sdk/src/rp2_common/hardware_timer/timer.c.o
                0x1000136c                busy_wait_us
 .text.busy_wait_until
                0x100013d0       0x24 CMakeFiles/main.dir/pico-sdk/src/rp2_common/hardware_timer/timer.c.o
                0x100013d0                busy_wait_until
 .text.clock_configure_undivided
                0x100013f4       0xd0 CMakeFiles/main.dir/pico-sdk/src/rp2_common/hardware_clocks/clocks.c.o
                0x100013f4                clock_configure_undivided
 .text.clock_get_hz
                0x100014c4        0xc CMakeFiles/main.dir/pico-sdk/src/rp2_common/hardware_clocks/clocks.c.o
                0x100014c4                clock_get_hz
 .text.pll_init
                0x100014d0       0x8c CMakeFiles/main.dir/pico-sdk/src/rp2_common/hardware_pll/pll.c.o
                0x100014d0                pll_init
 .text.watchdog_reboot
                0x1000155c       0x98 CMakeFiles/main.dir/pico-sdk/src/rp2_common/hardware_watchdog/watchdog.c.o
                0x1000155c                watchdog_reboot
 .text.tick_start
                0x100015f4       0x18 CMakeFiles/main.dir/pico-sdk/src/rp2_common/hardware_ticks/ticks.c.o
                0x100015f4                tick_start
 .text.rom_reboot.constprop.0.isra.0
                0x1000160c       0x34 CMakeFiles/main.dir/pico-sdk/src/rp2_common/pico_bootrom/bootrom.c.o
 .text.rom_func_lookup
                0x10001640       0x18 CMakeFiles/main.dir/pico-sdk/src/rp2_common/pico_bootrom/bootrom.c.o
                0x10001640                rom_func_lookup
 .text.rom_reset_usb_boot_extra
                0x10001658       0x1c CMakeFiles/main.dir/pico-sdk/src/rp2_common/pico_bootrom/bootrom.c.o
                0x10001658                rom_reset_usb_boot_extra
 .text.runtime_init_bootrom_locking_enable
                0x10001674       0x14 CMakeFiles/main.dir/pico-sdk/src/rp2_common/pico_bootrom/bootrom_lock.c.o
                0x10001674                runtime_init_bootrom_locking_enable
 .text.runtime_init_boot_locks_reset
                0x10001688       0x1c CMakeFiles/main.dir/pico-sdk/src/rp2_common/hardware_boot_lock/boot_lock.c.o
                0x10001688                runtime_init_boot_locks_reset
 .text.xosc_init
                0x100016a4       0x30 CMakeFiles/main.dir/pico-sdk/src/rp2_common/hardware_xosc/xosc.c.o
                0x100016a4                xosc_init
 .text.first_per_core_initializer
                0x100016d4        0x4 CMakeFiles/main.dir/pico-sdk/src/rp2_common/pico_runtime/runtime.c.o
 .text.hard_assertion_failure
                0x100016d8        0xc CMakeFiles/main.dir/pico-sdk/src/rp2_common/pico_runtime/runtime.c.o
                0x100016d8                hard_assertion_failure
 .text.runtime_run_initializers
                0x100016e4       0x20 CMakeFiles/main.dir/pico-sdk/src/rp2_common/pico_runtime/runtime.c.o
                0x100016e4                runtime_run_initializers
 .text.runtime_init_early_resets
                0x10001704       0x34 CMakeFiles/main.dir/pico-sdk/src/rp2_common/pico_runtime_init/runtime_init.c.o
                0x10001704                runtime_init_early_resets
 .text.runtime_init_usb_power_down
                0x10001738       0x1c CMakeFiles/main.dir/pico-sdk/src/rp2_common/pico_runtime_init/runtime_init.c.o
                0x10001738                runtime_init_usb_power_down
 .text.runtime_init_per_core_enable_coprocessors
                0x10001754       0x1c CMakeFiles/main.dir/pico-sdk/src/rp2_common/pico_runtime_init/runtime_init.c.o
                0x10001754                runtime_init_per_core_enable_coprocessors
 .text.runtime_init_post_clock_resets
                0x10001770       0x20 CMakeFiles/main.dir/pico-sdk/src/rp2_common/pico_runtime_init/runtime_init.c.o
                0x10001770                runtime_init_post_clock_resets
 .text.runtime_init_bootrom_reset
                0x10001790       0x14 CMakeFiles/main.dir/pico-sdk/src/rp2_common/pico_runtime_init/runtime_init.c.o
                0x10001790                runtime_init_bootrom_reset
 .text.runtime_init_per_core_bootrom_reset
                0x100017a4       0x14 CMakeFiles/main.dir/pico-sdk/src/rp2_common/pico_runtime_init/runtime_init.c.o
                0x100017a4                runtime_init_per_core_bootrom_reset
 .text.runtime_init_spin_locks_reset
                0x100017b8        0x4 CMakeFiles/main.dir/pico-sdk/src/rp2_common/pico_runtime_init/runtime_init.c.o
                0x100017b8                runtime_init_spin_locks_reset
 .text.runtime_init_install_ram_vector_table
                0x100017bc       0x68 CMakeFiles/main.dir/pico-sdk/src/rp2_common/pico_runtime_init/runtime_init.c.o
                0x100017bc                runtime_init_install_ram_vector_table
 .text.runtime_init_clocks
                0x10001824       0xdc CMakeFiles/main.dir/pico-sdk/src/rp2_common/pico_runtime_init/runtime_init_clocks.c.o
                0x10001824                runtime_init_clocks
 .text.dpow_1   0x10001900      0x264 CMakeFiles/main.dir/pico-sdk/src/rp2_common/pico_double/double_math.c.o
 .text.dpow_int2
                0x10001b64      0x134 CMakeFiles/main.dir/pico-sdk/src/rp2_common/pico_double/double_math.c.o
 .text.dpow_0   0x10001c98      0x150 CMakeFiles/main.dir/pico-sdk/src/rp2_common/pico_double/double_math.c.o
 .text.__wrap_ldexp
                0x10001de8       0x44 CMakeFiles/main.dir/pico-sdk/src/rp2_common/pico_double/double_math.c.o
                0x10001de8                __wrap_ldexp
 .text.__wrap_round
                0x10001e2c       0x7c CMakeFiles/main.dir/pico-sdk/src/rp2_common/pico_double/double_math.c.o
                0x10001e2c                __wrap_round
 .text.__wrap_exp2
                0x10001ea8       0xbc CMakeFiles/main.dir/pico-sdk/src/rp2_common/pico_double/double_math.c.o
                0x10001ea8                __wrap_exp2
 .text.__wrap_pow
                0x10001f64      0x2cc CMakeFiles/main.dir/pico-sdk/src/rp2_common/pico_double/double_math.c.o
                0x10001f64                __wrap_pow
 .text.__rp2350_dcp_engaged_state_save_restore
                0x10002230       0x3a CMakeFiles/main.dir/pico-sdk/src/rp2_common/pico_double/double_aeabi_dcp.S.o
 *fill*         0x1000226a        0x2 
 .text.__wrap___aeabi_dadd
                0x1000226c       0x28 CMakeFiles/main.dir/pico-sdk/src/rp2_common/pico_double/double_aeabi_dcp.S.o
                0x10002274                __wrap___aeabi_dadd
 .text.__wrap___aeabi_dsub
                0x10002294       0x28 CMakeFiles/main.dir/pico-sdk/src/rp2_common/pico_double/double_aeabi_dcp.S.o
                0x1000229c                __wrap___aeabi_dsub
 .text.__wrap___aeabi_dmul
                0x100022bc       0x4c CMakeFiles/main.dir/pico-sdk/src/rp2_common/pico_double/double_aeabi_dcp.S.o
                0x100022c4                __wrap___aeabi_dmul
 .text.__wrap___aeabi_ddiv
                0x10002308       0x9c CMakeFiles/main.dir/pico-sdk/src/rp2_common/pico_double/double_aeabi_dcp.S.o
                0x10002310                __wrap___aeabi_ddiv
 .text.__wrap___aeabi_d2f
                0x100023a4       0x1c CMakeFiles/main.dir/pico-sdk/src/rp2_common/pico_double/double_aeabi_dcp.S.o
                0x100023ac                double2float
                0x100023ac                __wrap___aeabi_d2f
 .text.__wrap___aeabi_i2d
                0x100023c0       0x24 CMakeFiles/main.dir/pico-sdk/src/rp2_common/pico_double/double_aeabi_dcp.S.o
                0x100023c8                __wrap___aeabi_i2d
                0x100023c8                int2double
 .text.__wrap___aeabi_ui2d
                0x100023e4       0x24 CMakeFiles/main.dir/pico-sdk/src/rp2_common/pico_double/double_aeabi_dcp.S.o
                0x100023ec                __wrap___aeabi_ui2d
                0x100023ec                uint2double
 .text.__wrap___aeabi_d2iz
                0x10002408       0x24 CMakeFiles/main.dir/pico-sdk/src/rp2_common/pico_double/double_aeabi_dcp.S.o
                0x10002410                __wrap___aeabi_d2iz
                0x10002410                double2int_z
 .text.__wrap___aeabi_d2uiz
                0x1000242c       0x24 CMakeFiles/main.dir/pico-sdk/src/rp2_common/pico_double/double_aeabi_dcp.S.o
                0x10002434                double2uint_z
                0x10002434                double2uint
                0x10002434                __wrap___aeabi_d2uiz
 .text.__wrap___aeabi_dcmpun
                0x10002450       0x24 CMakeFiles/main.dir/pico-sdk/src/rp2_common/pico_double/double_aeabi_dcp.S.o
                0x10002458                __wrap___aeabi_dcmpun
 .text.__wrap___aeabi_dcmpeq
                0x10002474       0x24 CMakeFiles/main.dir/pico-sdk/src/rp2_common/pico_double/double_aeabi_dcp.S.o
                0x1000247c                __wrap___aeabi_dcmpeq
 .text.__wrap___aeabi_dcmplt
                0x10002498       0x28 CMakeFiles/main.dir/pico-sdk/src/rp2_common/pico_double/double_aeabi_dcp.S.o
                0x100024a0                __wrap___aeabi_dcmplt
 .text.__wrap___aeabi_dcmple
                0x100024c0       0x28 CMakeFiles/main.dir/pico-sdk/src/rp2_common/pico_double/double_aeabi_dcp.S.o
                0x100024c8                __wrap___aeabi_dcmple
 .text.__wrap___aeabi_dcmpge
                0x100024e8       0x28 CMakeFiles/main.dir/pico-sdk/src/rp2_common/pico_double/double_aeabi_dcp.S.o
                0x100024f0                __wrap___aeabi_dcmpge
 .text.__wrap___aeabi_dcmpgt
                0x10002510       0x28 CMakeFiles/main.dir/pico-sdk/src/rp2_common/pico_double/double_aeabi_dcp.S.o
                0x10002518                __wrap___aeabi_dcmpgt
 .text.dpack    0x10002538       0x58 CMakeFiles/main.dir/pico-sdk/src/rp2_common/pico_double/double_sci_m33.S.o
 .text.dreduce  0x10002590       0x7a CMakeFiles/main.dir/pico-sdk/src/rp2_common/pico_double/double_sci_m33.S.o
 *fill*         0x1000260a        0x2 
 .text.exptab   0x1000260c      0x1fc CMakeFiles/main.dir/pico-sdk/src/rp2_common/pico_double/double_sci_m33.S.o
                0x1000260c                exptab0
                0x1000266c                exptab1
                0x100026fc                exptab2
                0x1000277c                logtab0
 .text.__wrap_exp
                0x10002808      0x148 CMakeFiles/main.dir/pico-sdk/src/rp2_common/pico_double/double_sci_m33.S.o
                0x10002832                __wrap_exp
 .text.__wrap_log
                0x10002950      0x358 CMakeFiles/main.dir/pico-sdk/src/rp2_common/pico_double/double_sci_m33.S.o
                0x10002b2e                __wrap_log
 .text.__wrap_asinf
                0x10002ca8       0x64 CMakeFiles/main.dir/pico-sdk/src/rp2_common/pico_float/float_math.c.o
                0x10002ca8                __wrap_asinf
 .text.__wrap_atan2f
                0x10002d0c      0x2cc CMakeFiles/main.dir/pico-sdk/src/rp2_common/pico_float/float_sci_m33_vfp.S.o
                0x10002d68                __wrap_atan2f
 .text._out_null
                0x10002fd8        0x4 CMakeFiles/main.dir/pico-sdk/src/rp2_common/pico_printf/printf.c.o
 .text._out_rev
                0x10002fdc       0x9c CMakeFiles/main.dir/pico-sdk/src/rp2_common/pico_printf/printf.c.o
 .text._ntoa_format
                0x10003078      0x2a4 CMakeFiles/main.dir/pico-sdk/src/rp2_common/pico_printf/printf.c.o
 .text._out_char
                0x1000331c        0x8 CMakeFiles/main.dir/pico-sdk/src/rp2_common/pico_printf/printf.c.o
 .text._out_fct
                0x10003324        0xc CMakeFiles/main.dir/pico-sdk/src/rp2_common/pico_printf/printf.c.o
 .text._etoa    0x10003330      0x460 CMakeFiles/main.dir/pico-sdk/src/rp2_common/pico_printf/printf.c.o
 .text._ftoa    0x10003790      0x3f4 CMakeFiles/main.dir/pico-sdk/src/rp2_common/pico_printf/printf.c.o
 .text._vsnprintf
                0x10003b84      0x9e8 CMakeFiles/main.dir/pico-sdk/src/rp2_common/pico_printf/printf.c.o
 .text.vfctprintf
                0x1000456c       0x28 CMakeFiles/main.dir/pico-sdk/src/rp2_common/pico_printf/printf.c.o
                0x1000456c                vfctprintf
 .text.weak_raw_vprintf
                0x10004594       0x30 CMakeFiles/main.dir/pico-sdk/src/rp2_common/pico_printf/printf.c.o
                0x10004594                weak_raw_vprintf
 .text._exit    0x100045c4        0x4 CMakeFiles/main.dir/pico-sdk/src/rp2_common/pico_clib_interface/newlib_interface.c.o
                0x100045c4                _exit
 .text.exit     0x100045c8        0x8 CMakeFiles/main.dir/pico-sdk/src/rp2_common/pico_clib_interface/newlib_interface.c.o
                0x100045c8                exit
 .text.runtime_init
                0x100045d0       0x24 CMakeFiles/main.dir/pico-sdk/src/rp2_common/pico_clib_interface/newlib_interface.c.o
                0x100045d0                runtime_init
 .text.stdio_out_chars_no_crlf
                0x100045f4        0x8 CMakeFiles/main.dir/pico-sdk/src/rp2_common/pico_stdio/stdio.c.o
 .text.stdio_out_chars_crlf
                0x100045fc       0xac CMakeFiles/main.dir/pico-sdk/src/rp2_common/pico_stdio/stdio.c.o
 .text.stdio_buffered_printer
                0x100046a8       0x60 CMakeFiles/main.dir/pico-sdk/src/rp2_common/pico_stdio/stdio.c.o
 .text.stdio_put_string
                0x10004708       0xf0 CMakeFiles/main.dir/pico-sdk/src/rp2_common/pico_stdio/stdio.c.o
                0x10004708                stdio_put_string
 .text.stdio_set_driver_enabled
                0x100047f8       0x30 CMakeFiles/main.dir/pico-sdk/src/rp2_common/pico_stdio/stdio.c.o
                0x100047f8                stdio_set_driver_enabled
 .text.stdio_init_all
                0x10004828        0x4 CMakeFiles/main.dir/pico-sdk/src/rp2_common/pico_stdio/stdio.c.o
                0x10004828                stdio_init_all
 .text.__wrap_putchar
                0x1000482c       0x84 CMakeFiles/main.dir/pico-sdk/src/rp2_common/pico_stdio/stdio.c.o
                0x1000482c                stdio_putchar
                0x1000482c                __wrap_putchar
 .text.__wrap_puts
                0x100048b0       0x3c CMakeFiles/main.dir/pico-sdk/src/rp2_common/pico_stdio/stdio.c.o
                0x100048b0                __wrap_puts
                0x100048b0                stdio_puts
 .text.__wrap_vprintf
                0x100048ec       0xc8 CMakeFiles/main.dir/pico-sdk/src/rp2_common/pico_stdio/stdio.c.o
                0x100048ec                __wrap_vprintf
                0x100048ec                stdio_vprintf
 .text.__wrap_printf
                0x100049b4       0x1c CMakeFiles/main.dir/pico-sdk/src/rp2_common/pico_stdio/stdio.c.o
                0x100049b4                stdio_printf
                0x100049b4                __wrap_printf
 .text.resetd_init
                0x100049d0        0x4 CMakeFiles/main.dir/pico-sdk/src/rp2_common/pico_stdio_usb/reset_interface.c.o
 .text.resetd_reset
                0x100049d4        0xc CMakeFiles/main.dir/pico-sdk/src/rp2_common/pico_stdio_usb/reset_interface.c.o
 .text.resetd_open
                0x100049e0       0x28 CMakeFiles/main.dir/pico-sdk/src/rp2_common/pico_stdio_usb/reset_interface.c.o
 .text.resetd_xfer_cb
                0x10004a08        0x4 CMakeFiles/main.dir/pico-sdk/src/rp2_common/pico_stdio_usb/reset_interface.c.o
 .text.resetd_control_xfer_cb
                0x10004a0c       0x50 CMakeFiles/main.dir/pico-sdk/src/rp2_common/pico_stdio_usb/reset_interface.c.o
 .text.tud_descriptor_bos_cb
                0x10004a5c        0x8 CMakeFiles/main.dir/pico-sdk/src/rp2_common/pico_stdio_usb/reset_interface.c.o
                0x10004a5c                tud_descriptor_bos_cb
 .text.tud_vendor_control_xfer_cb
                0x10004a64       0x28 CMakeFiles/main.dir/pico-sdk/src/rp2_common/pico_stdio_usb/reset_interface.c.o
                0x10004a64                tud_vendor_control_xfer_cb
 .text.usbd_app_driver_get_cb
                0x10004a8c       0x10 CMakeFiles/main.dir/pico-sdk/src/rp2_common/pico_stdio_usb/reset_interface.c.o
                0x10004a8c                usbd_app_driver_get_cb
 .text.tud_cdc_line_coding_cb
                0x10004a9c       0x18 CMakeFiles/main.dir/pico-sdk/src/rp2_common/pico_stdio_usb/reset_interface.c.o
                0x10004a9c                tud_cdc_line_coding_cb
 .text.stdio_usb_set_chars_available_callback
                0x10004ab4       0x14 CMakeFiles/main.dir/pico-sdk/src/rp2_common/pico_stdio_usb/stdio_usb.c.o
                0x10004ab4                stdio_usb_set_chars_available_callback
 .text.timer_task
                0x10004ac8       0x70 CMakeFiles/main.dir/pico-sdk/src/rp2_common/pico_stdio_usb/stdio_usb.c.o
 .text.usb_irq  0x10004b38        0xc CMakeFiles/main.dir/pico-sdk/src/rp2_common/pico_stdio_usb/stdio_usb.c.o
 .text.stdio_usb_in_chars
                0x10004b44       0x88 CMakeFiles/main.dir/pico-sdk/src/rp2_common/pico_stdio_usb/stdio_usb.c.o
                0x10004b44                stdio_usb_in_chars
 .text.stdio_usb_out_flush
                0x10004bcc       0x54 CMakeFiles/main.dir/pico-sdk/src/rp2_common/pico_stdio_usb/stdio_usb.c.o
 .text.stdio_usb_out_chars
                0x10004c20       0xf4 CMakeFiles/main.dir/pico-sdk/src/rp2_common/pico_stdio_usb/stdio_usb.c.o
 .text.low_priority_worker_irq
                0x10004d14       0xd8 CMakeFiles/main.dir/pico-sdk/src/rp2_common/pico_stdio_usb/stdio_usb.c.o
 .text.stdio_usb_init
                0x10004dec       0xe8 CMakeFiles/main.dir/pico-sdk/src/rp2_common/pico_stdio_usb/stdio_usb.c.o
                0x10004dec                stdio_usb_init
 .text.tud_descriptor_device_cb
                0x10004ed4        0x8 CMakeFiles/main.dir/pico-sdk/src/rp2_common/pico_stdio_usb/stdio_usb_descriptors.c.o
                0x10004ed4                tud_descriptor_device_cb
 .text.tud_descriptor_configuration_cb
                0x10004edc        0x8 CMakeFiles/main.dir/pico-sdk/src/rp2_common/pico_stdio_usb/stdio_usb_descriptors.c.o
                0x10004edc                tud_descriptor_configuration_cb
 .text.tud_descriptor_string_cb
                0x10004ee4       0x70 CMakeFiles/main.dir/pico-sdk/src/rp2_common/pico_stdio_usb/stdio_usb_descriptors.c.o
                0x10004ee4                tud_descriptor_string_cb
 .text.startup._retrieve_unique_id_on_boot
                0x10004f54       0x30 CMakeFiles/main.dir/pico-sdk/src/rp2_common/pico_unique_id/unique_id.c.o
 .text.pico_get_unique_board_id_string
                0x10004f84      0x184 CMakeFiles/main.dir/pico-sdk/src/rp2_common/pico_unique_id/unique_id.c.o
                0x10004f84                pico_get_unique_board_id_string
 .text.dcd_init
                0x10005108       0x90 CMakeFiles/main.dir/pico-sdk/lib/tinyusb/src/portable/raspberrypi/rp2040/dcd_rp2040.c.o
                0x10005108                dcd_init
 .text.dcd_int_enable
                0x10005198        0x8 CMakeFiles/main.dir/pico-sdk/lib/tinyusb/src/portable/raspberrypi/rp2040/dcd_rp2040.c.o
                0x10005198                dcd_int_enable
 .text.dcd_set_address
                0x100051a0       0x10 CMakeFiles/main.dir/pico-sdk/lib/tinyusb/src/portable/raspberrypi/rp2040/dcd_rp2040.c.o
                0x100051a0                dcd_set_address
 .text.dcd_sof_enable
                0x100051b0       0x1c CMakeFiles/main.dir/pico-sdk/lib/tinyusb/src/portable/raspberrypi/rp2040/dcd_rp2040.c.o
                0x100051b0                dcd_sof_enable
 .text.dcd_edpt0_status_complete
                0x100051cc       0x1c CMakeFiles/main.dir/pico-sdk/lib/tinyusb/src/portable/raspberrypi/rp2040/dcd_rp2040.c.o
                0x100051cc                dcd_edpt0_status_complete
 .text.dcd_edpt_open
                0x100051e8      0x108 CMakeFiles/main.dir/pico-sdk/lib/tinyusb/src/portable/raspberrypi/rp2040/dcd_rp2040.c.o
                0x100051e8                dcd_edpt_open
 .text.dcd_edpt_close_all
                0x100052f0        0x4 CMakeFiles/main.dir/pico-sdk/lib/tinyusb/src/portable/raspberrypi/rp2040/dcd_rp2040.c.o
                0x100052f0                dcd_edpt_close_all
 .text.dcd_edpt_xfer
                0x100052f4       0x28 CMakeFiles/main.dir/pico-sdk/lib/tinyusb/src/portable/raspberrypi/rp2040/dcd_rp2040.c.o
                0x100052f4                dcd_edpt_xfer
 .text.dcd_edpt_stall
                0x1000531c       0x2c CMakeFiles/main.dir/pico-sdk/lib/tinyusb/src/portable/raspberrypi/rp2040/dcd_rp2040.c.o
                0x1000531c                dcd_edpt_stall
 .text.dcd_edpt_clear_stall
                0x10005348       0x2c CMakeFiles/main.dir/pico-sdk/lib/tinyusb/src/portable/raspberrypi/rp2040/dcd_rp2040.c.o
                0x10005348                dcd_edpt_clear_stall
 .text.rp2040_usb_init
                0x10005374       0x40 CMakeFiles/main.dir/pico-sdk/lib/tinyusb/src/portable/raspberrypi/rp2040/rp2040_usb.c.o
                0x10005374                rp2040_usb_init
 .text.hw_endpoint_xfer_start
                0x100053b4       0x40 CMakeFiles/main.dir/pico-sdk/lib/tinyusb/src/portable/raspberrypi/rp2040/rp2040_usb.c.o
                0x100053b4                hw_endpoint_xfer_start
 .text.configuration_reset
                0x100053f4       0x8c CMakeFiles/main.dir/pico-sdk/lib/tinyusb/src/device/usbd.c.o
 .text.tud_event_hook_cb
                0x10005480        0x4 CMakeFiles/main.dir/pico-sdk/lib/tinyusb/src/device/usbd.c.o
                0x10005480                tud_event_hook_cb
 .text.tud_sof_cb
                0x10005484        0x4 CMakeFiles/main.dir/pico-sdk/lib/tinyusb/src/device/usbd.c.o
                0x10005484                tud_sof_cb
 .text.tud_descriptor_device_qualifier_cb
                0x10005488        0x4 CMakeFiles/main.dir/pico-sdk/lib/tinyusb/src/device/usbd.c.o
                0x10005488                tud_descriptor_device_qualifier_cb
 .text.tud_descriptor_other_speed_configuration_cb
                0x1000548c        0x4 CMakeFiles/main.dir/pico-sdk/lib/tinyusb/src/device/usbd.c.o
                0x1000548c                tud_descriptor_other_speed_configuration_cb
 .text.tud_mount_cb
                0x10005490        0x4 CMakeFiles/main.dir/pico-sdk/lib/tinyusb/src/device/usbd.c.o
                0x10005490                tud_mount_cb
 .text.tud_umount_cb
                0x10005494        0x4 CMakeFiles/main.dir/pico-sdk/lib/tinyusb/src/device/usbd.c.o
                0x10005494                tud_umount_cb
 .text.tud_suspend_cb
                0x10005498        0x4 CMakeFiles/main.dir/pico-sdk/lib/tinyusb/src/device/usbd.c.o
                0x10005498                tud_suspend_cb
 .text.tud_resume_cb
                0x1000549c        0x4 CMakeFiles/main.dir/pico-sdk/lib/tinyusb/src/device/usbd.c.o
                0x1000549c                tud_resume_cb
 .text.tud_mounted
                0x100054a0       0x10 CMakeFiles/main.dir/pico-sdk/lib/tinyusb/src/device/usbd.c.o
                0x100054a0                tud_mounted
 .text.tud_suspended
                0x100054b0       0x10 CMakeFiles/main.dir/pico-sdk/lib/tinyusb/src/device/usbd.c.o
                0x100054b0                tud_suspended
 .text.tud_rhport_init
                0x100054c0       0xf8 CMakeFiles/main.dir/pico-sdk/lib/tinyusb/src/device/usbd.c.o
                0x100054c0                tud_rhport_init
 .text.tud_task_ext
                0x100055b8      0x784 CMakeFiles/main.dir/pico-sdk/lib/tinyusb/src/device/usbd.c.o
                0x100055b8                tud_task_ext
 .text.usbd_open_edpt_pair
                0x10005d3c       0x9c CMakeFiles/main.dir/pico-sdk/lib/tinyusb/src/device/usbd.c.o
                0x10005d3c                usbd_open_edpt_pair
 .text.usbd_edpt_open
                0x10005dd8       0x44 CMakeFiles/main.dir/pico-sdk/lib/tinyusb/src/device/usbd.c.o
                0x10005dd8                usbd_edpt_open
 .text.usbd_edpt_claim
                0x10005e1c       0x24 CMakeFiles/main.dir/pico-sdk/lib/tinyusb/src/device/usbd.c.o
                0x10005e1c                usbd_edpt_claim
 .text.usbd_edpt_release
                0x10005e40       0x24 CMakeFiles/main.dir/pico-sdk/lib/tinyusb/src/device/usbd.c.o
                0x10005e40                usbd_edpt_release
 .text.usbd_edpt_xfer
                0x10005e64       0x70 CMakeFiles/main.dir/pico-sdk/lib/tinyusb/src/device/usbd.c.o
                0x10005e64                usbd_edpt_xfer
 .text.tud_control_status
                0x10005ed4       0x34 CMakeFiles/main.dir/pico-sdk/lib/tinyusb/src/device/usbd_control.c.o
                0x10005ed4                tud_control_status
 .text.tud_control_xfer
                0x10005f08       0xac CMakeFiles/main.dir/pico-sdk/lib/tinyusb/src/device/usbd_control.c.o
                0x10005f08                tud_control_xfer
 .text.usbd_control_reset
                0x10005fb4       0x14 CMakeFiles/main.dir/pico-sdk/lib/tinyusb/src/device/usbd_control.c.o
                0x10005fb4                usbd_control_reset
 .text.usbd_control_set_complete_callback
                0x10005fc8        0xc CMakeFiles/main.dir/pico-sdk/lib/tinyusb/src/device/usbd_control.c.o
                0x10005fc8                usbd_control_set_complete_callback
 .text.usbd_control_set_request
                0x10005fd4       0x1c CMakeFiles/main.dir/pico-sdk/lib/tinyusb/src/device/usbd_control.c.o
                0x10005fd4                usbd_control_set_request
 .text.usbd_control_xfer_cb
                0x10005ff0       0xfc CMakeFiles/main.dir/pico-sdk/lib/tinyusb/src/device/usbd_control.c.o
                0x10005ff0                usbd_control_xfer_cb
 .text._prep_out_transaction.isra.0
                0x100060ec       0x74 CMakeFiles/main.dir/pico-sdk/lib/tinyusb/src/class/cdc/cdc_device.c.o
 .text.tud_cdc_n_connected
                0x10006160       0x2c CMakeFiles/main.dir/pico-sdk/lib/tinyusb/src/class/cdc/cdc_device.c.o
                0x10006160                tud_cdc_n_connected
 .text.tud_cdc_n_available
                0x1000618c       0x18 CMakeFiles/main.dir/pico-sdk/lib/tinyusb/src/class/cdc/cdc_device.c.o
                0x1000618c                tud_cdc_n_available
 .text.tud_cdc_n_read
                0x100061a4       0x8c CMakeFiles/main.dir/pico-sdk/lib/tinyusb/src/class/cdc/cdc_device.c.o
                0x100061a4                tud_cdc_n_read
 .text.tud_cdc_n_write_flush
                0x10006230       0x8c CMakeFiles/main.dir/pico-sdk/lib/tinyusb/src/class/cdc/cdc_device.c.o
                0x10006230                tud_cdc_n_write_flush
 .text.tud_cdc_n_write
                0x100062bc       0x44 CMakeFiles/main.dir/pico-sdk/lib/tinyusb/src/class/cdc/cdc_device.c.o
                0x100062bc                tud_cdc_n_write
 .text.tud_cdc_n_write_available
                0x10006300       0x18 CMakeFiles/main.dir/pico-sdk/lib/tinyusb/src/class/cdc/cdc_device.c.o
                0x10006300                tud_cdc_n_write_available
 .text.cdcd_init
                0x10006318       0x70 CMakeFiles/main.dir/pico-sdk/lib/tinyusb/src/class/cdc/cdc_device.c.o
                0x10006318                cdcd_init
 .text.cdcd_deinit
                0x10006388       0x2c CMakeFiles/main.dir/pico-sdk/lib/tinyusb/src/class/cdc/cdc_device.c.o
                0x10006388                cdcd_deinit
 .text.cdcd_reset
                0x100063b4       0x4c CMakeFiles/main.dir/pico-sdk/lib/tinyusb/src/class/cdc/cdc_device.c.o
                0x100063b4                cdcd_reset
 .text.cdcd_open
                0x10006400       0xbc CMakeFiles/main.dir/pico-sdk/lib/tinyusb/src/class/cdc/cdc_device.c.o
                0x10006400                cdcd_open
 .text.cdcd_control_xfer_cb
                0x100064bc       0xc0 CMakeFiles/main.dir/pico-sdk/lib/tinyusb/src/class/cdc/cdc_device.c.o
                0x100064bc                cdcd_control_xfer_cb
 .text.cdcd_xfer_cb
                0x1000657c       0xfc CMakeFiles/main.dir/pico-sdk/lib/tinyusb/src/class/cdc/cdc_device.c.o
                0x1000657c                cdcd_xfer_cb
 .text.vendord_init
                0x10006678       0x5c CMakeFiles/main.dir/pico-sdk/lib/tinyusb/src/class/vendor/vendor_device.c.o
                0x10006678                vendord_init
 .text.vendord_deinit
                0x100066d4       0x1c CMakeFiles/main.dir/pico-sdk/lib/tinyusb/src/class/vendor/vendor_device.c.o
                0x100066d4                vendord_deinit
 .text.vendord_reset
                0x100066f0       0x24 CMakeFiles/main.dir/pico-sdk/lib/tinyusb/src/class/vendor/vendor_device.c.o
                0x100066f0                vendord_reset
 .text.vendord_open
                0x10006714      0x104 CMakeFiles/main.dir/pico-sdk/lib/tinyusb/src/class/vendor/vendor_device.c.o
                0x10006714                vendord_open
 .text.vendord_xfer_cb
                0x10006818       0x88 CMakeFiles/main.dir/pico-sdk/lib/tinyusb/src/class/vendor/vendor_device.c.o
                0x10006818                vendord_xfer_cb
 .text.tusb_rhport_init
                0x100068a0       0x60 CMakeFiles/main.dir/pico-sdk/lib/tinyusb/src/tusb.c.o
                0x100068a0                tusb_rhport_init
 .text.tu_edpt_claim
                0x10006900       0x54 CMakeFiles/main.dir/pico-sdk/lib/tinyusb/src/tusb.c.o
                0x10006900                tu_edpt_claim
 .text.tu_edpt_release
                0x10006954       0x38 CMakeFiles/main.dir/pico-sdk/lib/tinyusb/src/tusb.c.o
                0x10006954                tu_edpt_release
 .text.tu_edpt_validate
                0x1000698c       0x64 CMakeFiles/main.dir/pico-sdk/lib/tinyusb/src/tusb.c.o
                0x1000698c                tu_edpt_validate
 .text.tu_edpt_bind_driver
                0x100069f0       0x58 CMakeFiles/main.dir/pico-sdk/lib/tinyusb/src/tusb.c.o
                0x100069f0                tu_edpt_bind_driver
 .text.tu_edpt_stream_init
                0x10006a48       0x58 CMakeFiles/main.dir/pico-sdk/lib/tinyusb/src/tusb.c.o
                0x10006a48                tu_edpt_stream_init
 .text.tu_edpt_stream_deinit
                0x10006aa0        0x4 CMakeFiles/main.dir/pico-sdk/lib/tinyusb/src/tusb.c.o
                0x10006aa0                tu_edpt_stream_deinit
 .text.tu_edpt_stream_write_zlp_if_needed
                0x10006aa4       0x68 CMakeFiles/main.dir/pico-sdk/lib/tinyusb/src/tusb.c.o
                0x10006aa4                tu_edpt_stream_write_zlp_if_needed
 .text.tu_edpt_stream_write_xfer
                0x10006b0c       0x70 CMakeFiles/main.dir/pico-sdk/lib/tinyusb/src/tusb.c.o
                0x10006b0c                tu_edpt_stream_write_xfer
 .text.tu_edpt_stream_read_xfer
                0x10006b7c       0xd0 CMakeFiles/main.dir/pico-sdk/lib/tinyusb/src/tusb.c.o
                0x10006b7c                tu_edpt_stream_read_xfer
 .text.tu_fifo_config
                0x10006c4c       0x60 CMakeFiles/main.dir/pico-sdk/lib/tinyusb/src/common/tusb_fifo.c.o
                0x10006c4c                tu_fifo_config
 .text.tu_fifo_count
                0x10006cac       0x20 CMakeFiles/main.dir/pico-sdk/lib/tinyusb/src/common/tusb_fifo.c.o
                0x10006cac                tu_fifo_count
 .text.tu_fifo_empty
                0x10006ccc       0x14 CMakeFiles/main.dir/pico-sdk/lib/tinyusb/src/common/tusb_fifo.c.o
                0x10006ccc                tu_fifo_empty
 .text.tu_fifo_remaining
                0x10006ce0       0x24 CMakeFiles/main.dir/pico-sdk/lib/tinyusb/src/common/tusb_fifo.c.o
                0x10006ce0                tu_fifo_remaining
 .text.tu_fifo_read
                0x10006d04       0x94 CMakeFiles/main.dir/pico-sdk/lib/tinyusb/src/common/tusb_fifo.c.o
                0x10006d04                tu_fifo_read
 .text.tu_fifo_read_n
                0x10006d98       0xd8 CMakeFiles/main.dir/pico-sdk/lib/tinyusb/src/common/tusb_fifo.c.o
                0x10006d98                tu_fifo_read_n
 .text.tu_fifo_write
                0x10006e70       0xa0 CMakeFiles/main.dir/pico-sdk/lib/tinyusb/src/common/tusb_fifo.c.o
                0x10006e70                tu_fifo_write
 .text.tu_fifo_write_n
                0x10006f10      0x158 CMakeFiles/main.dir/pico-sdk/lib/tinyusb/src/common/tusb_fifo.c.o
                0x10006f10                tu_fifo_write_n
 .text.tu_fifo_clear
                0x10007068       0x38 CMakeFiles/main.dir/pico-sdk/lib/tinyusb/src/common/tusb_fifo.c.o
                0x10007068                tu_fifo_clear
 .text.tu_fifo_set_overwritable
                0x100070a0       0x3c CMakeFiles/main.dir/pico-sdk/lib/tinyusb/src/common/tusb_fifo.c.o
                0x100070a0                tu_fifo_set_overwritable
 .text.i2c_write_blocking_internal
                0x100070dc      0x180 CMakeFiles/main.dir/pico-sdk/src/rp2_common/hardware_i2c/i2c.c.o
 .text.i2c_read_blocking_internal
                0x1000725c       0xac CMakeFiles/main.dir/pico-sdk/src/rp2_common/hardware_i2c/i2c.c.o
 .text.i2c_set_baudrate
                0x10007308       0xa8 CMakeFiles/main.dir/pico-sdk/src/rp2_common/hardware_i2c/i2c.c.o
                0x10007308                i2c_set_baudrate
 .text.i2c_init
                0x100073b0       0x4c CMakeFiles/main.dir/pico-sdk/src/rp2_common/hardware_i2c/i2c.c.o
                0x100073b0                i2c_init
 .text.i2c_write_blocking_until
                0x100073fc       0x3c CMakeFiles/main.dir/pico-sdk/src/rp2_common/hardware_i2c/i2c.c.o
                0x100073fc                i2c_write_blocking_until
 .text.i2c_read_blocking_until
                0x10007438       0x3c CMakeFiles/main.dir/pico-sdk/src/rp2_common/hardware_i2c/i2c.c.o
                0x10007438                i2c_read_blocking_until
 .text._Z12i2chal_closeP9sh2_Hal_s
                0x10007474        0x4 BNO08x_Pico_Library/libBNO08x_Pico_Library.a(bno08x.cpp.o)
                0x10007474                i2chal_close(sh2_Hal_s*)
 .text._Z12hal_callbackPvP14sh2_AsyncEvent
                0x10007478        0xc BNO08x_Pico_Library/libBNO08x_Pico_Library.a(bno08x.cpp.o)
                0x10007478                hal_callback(void*, sh2_AsyncEvent*)
 .text._Z13hal_getTimeUsP9sh2_Hal_s
                0x10007484        0x8 BNO08x_Pico_Library/libBNO08x_Pico_Library.a(bno08x.cpp.o)
                0x10007484                hal_getTimeUs(sh2_Hal_s*)
 .text._Z13sensorHandlerPvP15sh2_SensorEvent
                0x1000748c       0x18 BNO08x_Pico_Library/libBNO08x_Pico_Library.a(bno08x.cpp.o)
                0x1000748c                sensorHandler(void*, sh2_SensorEvent*)
 .text._Z11i2chal_openP9sh2_Hal_s
                0x100074a4       0xdc BNO08x_Pico_Library/libBNO08x_Pico_Library.a(bno08x.cpp.o)
                0x100074a4                i2chal_open(sh2_Hal_s*)
 .text._Z12i2chal_writeP9sh2_Hal_sPhj
                0x10007580       0x98 BNO08x_Pico_Library/libBNO08x_Pico_Library.a(bno08x.cpp.o)
                0x10007580                i2chal_write(sh2_Hal_s*, unsigned char*, unsigned int)
 .text._Z11i2chal_readP9sh2_Hal_sPhjPm
                0x10007618      0x1f0 BNO08x_Pico_Library/libBNO08x_Pico_Library.a(bno08x.cpp.o)
                0x10007618                i2chal_read(sh2_Hal_s*, unsigned char*, unsigned int, unsigned long*)
 .text._ZN6BNO08x5beginEhP8i2c_instaa
                0x10007808      0x12c BNO08x_Pico_Library/libBNO08x_Pico_Library.a(bno08x.cpp.o)
                0x10007808                BNO08x::begin(unsigned char, i2c_inst*, signed char, signed char)
 *fill*         0x10007934        0x4 
 .text._ZN6BNO08x7getRollEv
                0x10007938       0xdc BNO08x_Pico_Library/libBNO08x_Pico_Library.a(bno08x.cpp.o)
                0x10007938                BNO08x::getRoll()
 *fill*         0x10007a14        0x4 
 .text._ZN6BNO08x8getPitchEv
                0x10007a18       0xe0 BNO08x_Pico_Library/libBNO08x_Pico_Library.a(bno08x.cpp.o)
                0x10007a18                BNO08x::getPitch()
 .text._ZN6BNO08x6getYawEv
                0x10007af8       0xdc BNO08x_Pico_Library/libBNO08x_Pico_Library.a(bno08x.cpp.o)
                0x10007af8                BNO08x::getYaw()
 .text._ZN6BNO08x20enableRotationVectorEt
                0x10007bd4       0x30 BNO08x_Pico_Library/libBNO08x_Pico_Library.a(bno08x.cpp.o)
                0x10007bd4                BNO08x::enableRotationVector(unsigned short)
 .text._ZN6BNO08x14getSensorEventEv
                0x10007c04       0x2c BNO08x_Pico_Library/libBNO08x_Pico_Library.a(bno08x.cpp.o)
                0x10007c04                BNO08x::getSensorEvent()
 .text._ZN6BNO08x16getSensorEventIDEv
                0x10007c30        0x8 BNO08x_Pico_Library/libBNO08x_Pico_Library.a(bno08x.cpp.o)
                0x10007c30                BNO08x::getSensorEventID()
 .text._Z14i2cBusRecoveryjj
                0x10007c38       0x90 BNO08x_Pico_Library/libBNO08x_Pico_Library.a(utils.cpp.o)
                0x10007c38                i2cBusRecovery(unsigned int, unsigned int)
 .text._Z7initI2CRP8i2c_instb
                0x10007cc8       0x70 BNO08x_Pico_Library/libBNO08x_Pico_Library.a(utils.cpp.o)
                0x10007cc8                initI2C(i2c_inst*&, bool)
 .text._Z14handleI2CErrorRP8i2c_inst
                0x10007d38       0x80 BNO08x_Pico_Library/libBNO08x_Pico_Library.a(utils.cpp.o)
                0x10007d38                handleI2CError(i2c_inst*&)
 .text          0x10007db8     0x1eac BNO08x_Pico_Library/sh2/libsh2.a(sh2.c.o)
                0x10008b4c                sh2_open
                0x10008c68                sh2_close
                0x10008c88                sh2_service
                0x10008c94                sh2_setSensorCallback
                0x10008ca4                sh2_devReset
                0x10008cc8                sh2_devOn
                0x10008cf0                sh2_devSleep
                0x10008d18                sh2_getProdIds
                0x10008d94                sh2_getSensorConfig
                0x10008e14                sh2_setSensorConfig
                0x10008e78                sh2_getMetadata
                0x10009054                sh2_getFrs
                0x100090f0                sh2_setFrs
                0x10009190                sh2_getErrors
                0x10009250                sh2_getCounts
                0x1000930c                sh2_clearCounts
                0x1000939c                sh2_setTareNow
                0x10009434                sh2_clearTare
                0x100094c0                sh2_persistTare
                0x1000954c                sh2_setReorientation
                0x1000964c                sh2_reinitialize
                0x100096f0                sh2_saveDcdNow
                0x10009790                sh2_getOscType
                0x10009834                sh2_setCalConfig
                0x10009888                sh2_getCalConfig
                0x10009930                sh2_setDcdAutoSave
                0x100099c8                sh2_flush
                0x10009a44                sh2_clearDcdAndReset
                0x10009acc                sh2_startCal
                0x10009b2c                sh2_finishCal
                0x10009bd4                sh2_setIZro
 .text          0x10009c64      0xff8 BNO08x_Pico_Library/sh2/libsh2.a(shtp.c.o)
                0x1000a38c                shtp_open
                0x1000a50c                shtp_close
                0x1000a528                shtp_setEventCallback
                0x1000a530                shtp_listenChan
                0x1000a6e8                shtp_listenAdvert
                0x1000a738                shtp_chanNo
                0x1000a864                shtp_send
                0x1000aae4                shtp_service
 .text          0x1000ac5c       0x40 BNO08x_Pico_Library/sh2/libsh2.a(sh2_util.c.o)
                0x1000ac5c                readu8
                0x1000ac60                writeu8
                0x1000ac64                readu16
                0x1000ac68                writeu16
                0x1000ac70                readu32
                0x1000ac74                writeu32
                0x1000ac78                read8
                0x1000ac80                write8
                0x1000ac84                read16
                0x1000ac8c                write16
                0x1000ac94                read32
                0x1000ac98                write32
 .text          0x1000ac9c      0x4b0 BNO08x_Pico_Library/sh2/libsh2.a(sh2_SensorValue.c.o)
                0x1000ac9c                sh2_decodeSensorEvent
 .text          0x1000b14c       0xa4 /usr/lib/gcc/arm-none-eabi/13.2.1/../../../arm-none-eabi/lib/thumb/v8-m.main+fp/softfp/libg.a(libc_a-memset.o)
                0x1000b14c                memset
 .text          0x1000b1f0      0x1bc /usr/lib/gcc/arm-none-eabi/13.2.1/../../../arm-none-eabi/lib/thumb/v8-m.main+fp/softfp/libg.a(libc_a-strcmp.o)
                0x1000b1f0                strcmp
 .text          0x1000b3ac       0x48 /usr/lib/gcc/arm-none-eabi/13.2.1/../../../arm-none-eabi/lib/thumb/v8-m.main+fp/softfp/libg.a(libc_a-stpcpy.o)
                0x1000b3ac                stpcpy
 .text          0x1000b3f4        0xc /usr/lib/gcc/arm-none-eabi/13.2.1/../../../arm-none-eabi/lib/thumb/v8-m.main+fp/softfp/libg.a(libc_a-errno.o)
                0x1000b3f4                __errno
 .text          0x1000b400       0xec /usr/lib/gcc/arm-none-eabi/13.2.1/../../../arm-none-eabi/lib/thumb/v8-m.main+fp/softfp/libg.a(libc_a-memcpy.o)
                0x1000b400                memcpy
 .text          0x1000b4ec        0xc /usr/lib/gcc/arm-none-eabi/13.2.1/../../../arm-none-eabi/lib/thumb/v8-m.main+fp/softfp/libg.a(libc_a-atexit.o)
                0x1000b4ec                atexit
 .text          0x1000b4f8       0x5c /usr/lib/gcc/arm-none-eabi/13.2.1/../../../arm-none-eabi/lib/thumb/v8-m.main+fp/softfp/libg.a(libc_a-strlen-stub.o)
                0x1000b4f8                strlen
 .text          0x1000b554       0xbc /usr/lib/gcc/arm-none-eabi/13.2.1/../../../arm-none-eabi/lib/thumb/v8-m.main+fp/softfp/libg.a(libc_a-strcpy.o)
                0x1000b554                strcpy
 .text          0x1000b610       0x28 /usr/lib/gcc/arm-none-eabi/13.2.1/../../../arm-none-eabi/lib/thumb/v8-m.main+fp/softfp/libg.a(libc_a-fini.o)
                0x1000b610                __libc_fini_array
 .text          0x1000b638       0x64 /usr/lib/gcc/arm-none-eabi/13.2.1/../../../arm-none-eabi/lib/thumb/v8-m.main+fp/softfp/libg.a(libc_a-__atexit.o)
                0x1000b638                __register_exitproc
 .text.startup  0x1000b69c       0x14 /usr/lib/gcc/arm-none-eabi/13.2.1/../../../arm-none-eabi/lib/thumb/v8-m.main+fp/softfp/libg.a(libc_a-__call_atexit.o)
 *(.fini)
 .fini          0x1000b6b0        0x4 /usr/lib/gcc/arm-none-eabi/13.2.1/thumb/v8-m.main+fp/softfp/crti.o
                0x1000b6b0                _fini
 *fill*         0x1000b6b4        0x4 
 .fini.__stub   0x1000b6b8       0x60 linker stubs
 *crtbegin.o(.ctors)
 *crtbegin?.o(.ctors)
 *(EXCLUDE_FILE(*crtend.o *crtend?.o) .ctors)
 *(SORT_BY_NAME(.ctors.*))
 *(.ctors)
 *crtbegin.o(.dtors)
 *crtbegin?.o(.dtors)
 *(EXCLUDE_FILE(*crtend.o *crtend?.o) .dtors)
 *(SORT_BY_NAME(.dtors.*))
 *(.dtors)
                0x1000b718                        . = ALIGN (0x4)
                0x1000b718                        PROVIDE (__preinit_array_start = .)
 *(SORT_BY_NAME(.preinit_array.*))
 .preinit_array.00050
                0x1000b718        0x4 CMakeFiles/main.dir/pico-sdk/src/rp2_common/pico_runtime_init/runtime_init.c.o
                0x1000b718                __pre_init_runtime_init_bootrom_reset
 .preinit_array.00100
                0x1000b71c        0x4 CMakeFiles/main.dir/pico-sdk/src/rp2_common/pico_runtime_init/runtime_init.c.o
                0x1000b71c                __pre_init_runtime_init_early_resets
 .preinit_array.00101
                0x1000b720        0x4 CMakeFiles/main.dir/pico-sdk/src/rp2_common/pico_runtime_init/runtime_init.c.o
                0x1000b720                __pre_init_runtime_init_usb_power_down
 .preinit_array.00500
                0x1000b724        0x4 CMakeFiles/main.dir/pico-sdk/src/rp2_common/pico_runtime_init/runtime_init.c.o
                0x1000b724                __pre_init_runtime_init_clocks
 .preinit_array.00600
                0x1000b728        0x4 CMakeFiles/main.dir/pico-sdk/src/rp2_common/pico_runtime_init/runtime_init.c.o
                0x1000b728                __pre_init_runtime_init_post_clock_resets
 .preinit_array.01000
                0x1000b72c        0x4 CMakeFiles/main.dir/pico-sdk/src/rp2_common/hardware_boot_lock/boot_lock.c.o
                0x1000b72c                __pre_init_runtime_init_boot_locks_reset
 .preinit_array.01000
                0x1000b730        0x4 CMakeFiles/main.dir/pico-sdk/src/rp2_common/pico_runtime_init/runtime_init.c.o
                0x1000b730                __pre_init_runtime_init_spin_locks_reset
 .preinit_array.01010
                0x1000b734        0x4 CMakeFiles/main.dir/pico-sdk/src/rp2_common/pico_bootrom/bootrom_lock.c.o
                0x1000b734                __pre_init_runtime_init_bootrom_locking_enable
 .preinit_array.01100
                0x1000b738        0x4 CMakeFiles/main.dir/pico-sdk/src/common/pico_sync/mutex.c.o
                0x1000b738                __pre_init_runtime_init_mutex
 .preinit_array.10080
                0x1000b73c        0x4 CMakeFiles/main.dir/pico-sdk/src/rp2_common/pico_runtime_init/runtime_init.c.o
                0x1000b73c                __pre_init_runtime_init_install_ram_vector_table
 .preinit_array.11000
                0x1000b740        0x4 CMakeFiles/main.dir/pico-sdk/src/common/pico_time/time.c.o
                0x1000b740                __pre_init_runtime_init_default_alarm_pool
 .preinit_array.YYYYY
                0x1000b744        0x4 CMakeFiles/main.dir/pico-sdk/src/rp2_common/pico_runtime/runtime.c.o
                0x1000b744                __pre_init_first_per_core_initializer
 .preinit_array.ZZZZZ.00051
                0x1000b748        0x4 CMakeFiles/main.dir/pico-sdk/src/rp2_common/pico_runtime_init/runtime_init.c.o
                0x1000b748                __pre_init_runtime_init_per_core_bootrom_reset
 .preinit_array.ZZZZZ.00200
                0x1000b74c        0x4 CMakeFiles/main.dir/pico-sdk/src/rp2_common/pico_runtime_init/runtime_init.c.o
                0x1000b74c                __pre_init_runtime_init_per_core_enable_coprocessors
 .preinit_array.ZZZZZ.01000
                0x1000b750        0x4 CMakeFiles/main.dir/pico-sdk/src/rp2_common/hardware_sync_spin_lock/sync_spin_lock.c.o
                0x1000b750                __pre_init_spinlock_set_extexclall
 .preinit_array.ZZZZZ.01200
                0x1000b754        0x4 CMakeFiles/main.dir/pico-sdk/src/rp2_common/hardware_irq/irq.c.o
                0x1000b754                __pre_init_runtime_init_per_core_irq_priorities
 *(.preinit_array)
                0x1000b758                        PROVIDE (__preinit_array_end = .)
                0x1000b758                        . = ALIGN (0x4)
                0x1000b758                        PROVIDE (__init_array_start = .)
 *(SORT_BY_NAME(.init_array.*))
 .init_array.00000
                0x1000b758        0x4 /usr/lib/gcc/arm-none-eabi/13.2.1/../../../arm-none-eabi/lib/thumb/v8-m.main+fp/softfp/libg.a(libc_a-__call_atexit.o)
 .init_array.01000
                0x1000b75c        0x4 CMakeFiles/main.dir/pico-sdk/src/rp2_common/pico_unique_id/unique_id.c.o
 *(.init_array)
 .init_array    0x1000b760        0x4 /usr/lib/gcc/arm-none-eabi/13.2.1/thumb/v8-m.main+fp/softfp/crtbegin.o
 .init_array    0x1000b764        0x4 CMakeFiles/main.dir/src/main.cpp.o
                0x1000b768                        PROVIDE (__init_array_end = .)
                0x1000b768                        . = ALIGN (0x4)
                0x1000b768                        PROVIDE (__fini_array_start = .)
 *(SORT_BY_NAME(.fini_array.*))
 *(.fini_array)
                0x1000b768                        PROVIDE (__fini_array_end = .)
 *(.eh_frame*)
 .eh_frame      0x1000b768        0x0 /usr/lib/gcc/arm-none-eabi/13.2.1/thumb/v8-m.main+fp/softfp/crtbegin.o
                0x1000b768                        . = ALIGN (0x4)

.glue_7         0x1000b768        0x0
 .glue_7        0x1000b768        0x0 linker stubs

.glue_7t        0x1000b768        0x0
 .glue_7t       0x1000b768        0x0 linker stubs

.vfp11_veneer   0x1000b768        0x0
 .vfp11_veneer  0x1000b768        0x0 linker stubs

.v4_bx          0x1000b768        0x0
 .v4_bx         0x1000b768        0x0 linker stubs

.iplt           0x1000b768        0x0
 .iplt          0x1000b768        0x0 /usr/lib/gcc/arm-none-eabi/13.2.1/thumb/v8-m.main+fp/softfp/crtbegin.o

.boot2          0x1000b768        0x0
                0x1000b768                        __boot2_start__ = .
 *(.boot2)
                0x1000b768                        __boot2_end__ = .
                0x00000001                        ASSERT (((__boot2_end__ - __boot2_start__) <= 0x100), ERROR: Pico second stage bootloader must be no more than 256 bytes in size)

.rodata         0x1000b768      0x638
 *(EXCLUDE_FILE(*libm.a: *libc.a:*lib_a-mem*.o *libgcc.a:) .rodata*)
 .rodata.main.str1.4
                0x1000b768      0x288 CMakeFiles/main.dir/src/main.cpp.o
                                 0xab (size before relaxing)
 .rodata.panic.str1.4
                0x1000b9f0       0x12 CMakeFiles/main.dir/pico-sdk/src/rp2_common/pico_platform_panic/panic.c.o
 .rodata.spin_lock_claim_unused.str1.4
                0x1000b9f0       0x1b CMakeFiles/main.dir/pico-sdk/src/rp2_common/hardware_sync/sync.c.o
 .rodata.user_irq_claim_unused.str1.4
                0x1000b9f0       0x1b CMakeFiles/main.dir/pico-sdk/src/rp2_common/hardware_irq/irq.c.o
 .rodata.timer_hardware_alarm_claim.str1.4
                0x1000b9f0       0x22 CMakeFiles/main.dir/pico-sdk/src/rp2_common/hardware_timer/timer.c.o
 .rodata.hard_assertion_failure.str1.4
                0x1000b9f0        0xc CMakeFiles/main.dir/pico-sdk/src/rp2_common/pico_runtime/runtime.c.o
 .rodata.str1.4
                0x1000b9f0       0x44 CMakeFiles/main.dir/pico-sdk/src/rp2_common/pico_standard_binary_info/standard_binary_info.c.o
 .rodata.__bi_84
                0x1000b9f0        0xc CMakeFiles/main.dir/pico-sdk/src/rp2_common/pico_standard_binary_info/standard_binary_info.c.o
 .rodata.__bi_78
                0x1000b9fc        0xc CMakeFiles/main.dir/pico-sdk/src/rp2_common/pico_standard_binary_info/standard_binary_info.c.o
 .rodata.__bi_54
                0x1000ba08        0xc CMakeFiles/main.dir/pico-sdk/src/rp2_common/pico_standard_binary_info/standard_binary_info.c.o
 .rodata.__bi_48
                0x1000ba14        0xc CMakeFiles/main.dir/pico-sdk/src/rp2_common/pico_standard_binary_info/standard_binary_info.c.o
 .rodata.__bi_42
                0x1000ba20        0xc CMakeFiles/main.dir/pico-sdk/src/rp2_common/pico_standard_binary_info/standard_binary_info.c.o
 .rodata.__bi_34
                0x1000ba2c        0xc CMakeFiles/main.dir/pico-sdk/src/rp2_common/pico_standard_binary_info/standard_binary_info.c.o
 .rodata.__bi_26
                0x1000ba38        0xc CMakeFiles/main.dir/pico-sdk/src/rp2_common/pico_standard_binary_info/standard_binary_info.c.o
 .rodata._ftoa.str1.4
                0x1000ba44       0x15 CMakeFiles/main.dir/pico-sdk/src/rp2_common/pico_printf/printf.c.o
 *fill*         0x1000ba44        0x4 
 .rodata.pow10.0
                0x1000ba48       0x50 CMakeFiles/main.dir/pico-sdk/src/rp2_common/pico_printf/printf.c.o
 .rodata.crlf_str.0
                0x1000ba98        0x2 CMakeFiles/main.dir/pico-sdk/src/rp2_common/pico_stdio/stdio.c.o
 *fill*         0x1000ba9a        0x2 
 .rodata._resetd_driver
                0x1000ba9c       0x20 CMakeFiles/main.dir/pico-sdk/src/rp2_common/pico_stdio_usb/reset_interface.c.o
 .rodata.desc_ms_os_20
                0x1000babc       0xa6 CMakeFiles/main.dir/pico-sdk/src/rp2_common/pico_stdio_usb/reset_interface.c.o
 *fill*         0x1000bb62        0x2 
 .rodata.desc_bos
                0x1000bb64       0x21 CMakeFiles/main.dir/pico-sdk/src/rp2_common/pico_stdio_usb/reset_interface.c.o
                0x1000bb64                desc_bos
 .rodata.str1.4
                0x1000bb85       0x13 CMakeFiles/main.dir/pico-sdk/src/rp2_common/pico_stdio_usb/stdio_usb.c.o
 *fill*         0x1000bb85        0x3 
 .rodata.__bi_202.0
                0x1000bb88        0xc CMakeFiles/main.dir/pico-sdk/src/rp2_common/pico_stdio_usb/stdio_usb.c.o
 .rodata.str1.4
                0x1000bb94       0x2a CMakeFiles/main.dir/pico-sdk/src/rp2_common/pico_stdio_usb/stdio_usb_descriptors.c.o
 .rodata.usbd_desc_str
                0x1000bb94       0x18 CMakeFiles/main.dir/pico-sdk/src/rp2_common/pico_stdio_usb/stdio_usb_descriptors.c.o
 .rodata.usbd_desc_cfg
                0x1000bbac       0x54 CMakeFiles/main.dir/pico-sdk/src/rp2_common/pico_stdio_usb/stdio_usb_descriptors.c.o
 .rodata.usbd_desc_device
                0x1000bc00       0x12 CMakeFiles/main.dir/pico-sdk/src/rp2_common/pico_stdio_usb/stdio_usb_descriptors.c.o
 .rodata.str1.4
                0x1000bc12       0x14 CMakeFiles/main.dir/pico-sdk/lib/tinyusb/src/portable/raspberrypi/rp2040/dcd_rp2040.c.o
 .rodata.str1.4
                0x1000bc12       0x48 CMakeFiles/main.dir/pico-sdk/lib/tinyusb/src/portable/raspberrypi/rp2040/rp2040_usb.c.o
 *fill*         0x1000bc12        0x2 
 .rodata._usbd_driver
                0x1000bc14       0x40 CMakeFiles/main.dir/pico-sdk/lib/tinyusb/src/device/usbd.c.o
 .rodata._ZN6BNO08x5beginEhP8i2c_instaa.str1.4
                0x1000bc54       0x12 BNO08x_Pico_Library/libBNO08x_Pico_Library.a(bno08x.cpp.o)
 .rodata        0x1000bc54        0x5 BNO08x_Pico_Library/libBNO08x_Pico_Library.a(bno08x.cpp.o)
 .rodata.str1.4
                0x1000bc59       0x4c BNO08x_Pico_Library/sh2/libsh2.a(sh2.c.o)
 *fill*         0x1000bc59        0x3 
 .rodata        0x1000bc5c      0x140 BNO08x_Pico_Library/sh2/libsh2.a(sh2.c.o)
                0x1000bc5c                getProdIdOp
                0x1000bc68                getSensorConfigOp
                0x1000bc74                setSensorConfigOp
                0x1000bd00                getFrsOp
                0x1000bd0c                setFrsOp
                0x1000bd18                getErrorsOp
                0x1000bd24                getCountsOp
                0x1000bd30                sendCmdOp
                0x1000bd3c                reinitOp
                0x1000bd48                saveDcdNowOp
                0x1000bd54                getOscTypeOp
                0x1000bd60                setCalConfigOp
                0x1000bd6c                getCalConfigOp
                0x1000bd78                forceFlushOp
                0x1000bd84                startCalOp
                0x1000bd90                finishCalOp
 .rodata.str1.4
                0x1000bd9c        0x8 BNO08x_Pico_Library/sh2/libsh2.a(shtp.c.o)
 .rodata        0x1000bd9c        0x2 BNO08x_Pico_Library/sh2/libsh2.a(shtp.c.o)
 *(.srodata*)
                0x1000bda4                        . = ALIGN (0x4)
 *fill*         0x1000bd9e        0x2 
 *(SORT_BY_ALIGNMENT(SORT_BY_NAME(.flashdata*)))
                0x1000bda0                        . = ALIGN (0x4)

.ARM.extab
 *(.ARM.extab* .gnu.linkonce.armextab.*)
                0x1000bda0                        __exidx_start = .

.ARM.exidx      0x1000bda0        0x8
 *(.ARM.exidx* .gnu.linkonce.armexidx.*)
 .ARM.exidx     0x1000bda0        0x8 /usr/lib/gcc/arm-none-eabi/13.2.1/../../../arm-none-eabi/lib/thumb/v8-m.main+fp/softfp/libg.a(libc_a-strcmp.o)
 .ARM.exidx     0x1000bda8        0x0 /usr/lib/gcc/arm-none-eabi/13.2.1/../../../arm-none-eabi/lib/thumb/v8-m.main+fp/softfp/libg.a(libc_a-memcpy.o)
                                  0x8 (size before relaxing)
 .ARM.exidx     0x1000bda8        0x0 /usr/lib/gcc/arm-none-eabi/13.2.1/thumb/v8-m.main+fp/softfp/libgcc.a(_udivmoddi4.o)
                                  0x8 (size before relaxing)
                0x1000bda8                        __exidx_end = .
                0x1000bda8                        . = ALIGN (0x4)
                0x1000bda8                        __binary_info_start = .

.binary_info    0x1000bda8       0x20
 *(.binary_info.keep.*)
 .binary_info.keep.__bi_ptr84
                0x1000bda8        0x4 CMakeFiles/main.dir/pico-sdk/src/rp2_common/pico_standard_binary_info/standard_binary_info.c.o
 .binary_info.keep.__bi_ptr78
                0x1000bdac        0x4 CMakeFiles/main.dir/pico-sdk/src/rp2_common/pico_standard_binary_info/standard_binary_info.c.o
 .binary_info.keep.__bi_ptr54
                0x1000bdb0        0x4 CMakeFiles/main.dir/pico-sdk/src/rp2_common/pico_standard_binary_info/standard_binary_info.c.o
 .binary_info.keep.__bi_ptr48
                0x1000bdb4        0x4 CMakeFiles/main.dir/pico-sdk/src/rp2_common/pico_standard_binary_info/standard_binary_info.c.o
 .binary_info.keep.__bi_ptr42
                0x1000bdb8        0x4 CMakeFiles/main.dir/pico-sdk/src/rp2_common/pico_standard_binary_info/standard_binary_info.c.o
 .binary_info.keep.__bi_ptr34
                0x1000bdbc        0x4 CMakeFiles/main.dir/pico-sdk/src/rp2_common/pico_standard_binary_info/standard_binary_info.c.o
 .binary_info.keep.__bi_ptr26
                0x1000bdc0        0x4 CMakeFiles/main.dir/pico-sdk/src/rp2_common/pico_standard_binary_info/standard_binary_info.c.o
 *(.binary_info.*)
 .binary_info.__bi_ptr202
                0x1000bdc4        0x4 CMakeFiles/main.dir/pico-sdk/src/rp2_common/pico_stdio_usb/stdio_usb.c.o
                0x1000bdc8                        __binary_info_end = .
                0x1000bdc8                        . = ALIGN (0x4)

.ram_vector_table
                0x20000000      0x110
 *(.ram_vector_table)
 .ram_vector_table
                0x20000000      0x110 CMakeFiles/main.dir/pico-sdk/src/rp2_common/pico_runtime_init/runtime_init.c.o
                0x20000000                ram_vector_table

.uninitialized_data
                0x20000110        0x0
                0x20000110                        . = ALIGN (0x4)
 *(.uninitialized_data*)

.data           0x20000110     0x15e0 load address 0x1000bdc8
                0x20000110                        __data_start__ = .
 *(vtable)
 *(.time_critical*)
 .time_critical.mutex_try_enter
                0x20000110       0x50 CMakeFiles/main.dir/pico-sdk/src/common/pico_sync/mutex.c.o
                0x20000110                mutex_try_enter
 .time_critical.mutex_enter_block_until
                0x20000160       0x70 CMakeFiles/main.dir/pico-sdk/src/common/pico_sync/mutex.c.o
                0x20000160                mutex_enter_block_until
 .time_critical.mutex_try_enter_block_until
                0x200001d0       0x6c CMakeFiles/main.dir/pico-sdk/src/common/pico_sync/mutex.c.o
                0x200001d0                mutex_try_enter_block_until
 .time_critical.mutex_enter_timeout_ms
                0x2000023c       0x38 CMakeFiles/main.dir/pico-sdk/src/common/pico_sync/mutex.c.o
                0x2000023c                mutex_enter_timeout_ms
 .time_critical.mutex_exit
                0x20000274       0x3c CMakeFiles/main.dir/pico-sdk/src/common/pico_sync/mutex.c.o
                0x20000274                mutex_exit
 .time_critical.reset_non_control_endpoints
                0x200002b0       0x64 CMakeFiles/main.dir/pico-sdk/lib/tinyusb/src/portable/raspberrypi/rp2040/dcd_rp2040.c.o
 .time_critical.hw_handle_buff_status
                0x20000314       0x94 CMakeFiles/main.dir/pico-sdk/lib/tinyusb/src/portable/raspberrypi/rp2040/dcd_rp2040.c.o
 .time_critical.dcd_rp2040_irq
                0x200003a8      0x510 CMakeFiles/main.dir/pico-sdk/lib/tinyusb/src/portable/raspberrypi/rp2040/dcd_rp2040.c.o
 .time_critical.prepare_ep_buffer
                0x200008b8       0xd0 CMakeFiles/main.dir/pico-sdk/lib/tinyusb/src/portable/raspberrypi/rp2040/rp2040_usb.c.o
 .time_critical.sync_ep_buffer
                0x20000988       0xb8 CMakeFiles/main.dir/pico-sdk/lib/tinyusb/src/portable/raspberrypi/rp2040/rp2040_usb.c.o
 .time_critical._hw_endpoint_xfer_sync
                0x20000a40       0x2c CMakeFiles/main.dir/pico-sdk/lib/tinyusb/src/portable/raspberrypi/rp2040/rp2040_usb.c.o
 .time_critical.e15_is_bulkin_ep
                0x20000a6c       0x28 CMakeFiles/main.dir/pico-sdk/lib/tinyusb/src/portable/raspberrypi/rp2040/rp2040_usb.c.o
 .time_critical.e15_is_critical_frame_period
                0x20000a94       0x28 CMakeFiles/main.dir/pico-sdk/lib/tinyusb/src/portable/raspberrypi/rp2040/rp2040_usb.c.o
 .time_critical.hw_endpoint_reset_transfer
                0x20000abc        0xc CMakeFiles/main.dir/pico-sdk/lib/tinyusb/src/portable/raspberrypi/rp2040/rp2040_usb.c.o
                0x20000abc                hw_endpoint_reset_transfer
 .time_critical._hw_endpoint_buffer_control_update32
                0x20000ac8       0x44 CMakeFiles/main.dir/pico-sdk/lib/tinyusb/src/portable/raspberrypi/rp2040/rp2040_usb.c.o
                0x20000ac8                _hw_endpoint_buffer_control_update32
 .time_critical.hw_endpoint_start_next_buffer
                0x20000b0c       0x64 CMakeFiles/main.dir/pico-sdk/lib/tinyusb/src/portable/raspberrypi/rp2040/rp2040_usb.c.o
                0x20000b0c                hw_endpoint_start_next_buffer
 .time_critical.hw_endpoint_xfer_continue
                0x20000b70       0x3c CMakeFiles/main.dir/pico-sdk/lib/tinyusb/src/portable/raspberrypi/rp2040/rp2040_usb.c.o
                0x20000b70                hw_endpoint_xfer_continue
 .time_critical.tinyusb
                0x20000bac      0x224 CMakeFiles/main.dir/pico-sdk/lib/tinyusb/src/device/usbd.c.o
                0x20000bac                dcd_event_handler
 *(.text*)
 .text          0x20000dd0       0x48 /usr/lib/gcc/arm-none-eabi/13.2.1/../../../arm-none-eabi/lib/thumb/v8-m.main+fp/softfp/libm.a(libm_a-wf_sqrt.o)
                0x20000dd0                sqrtf
 .text          0x20000e18       0x10 /usr/lib/gcc/arm-none-eabi/13.2.1/../../../arm-none-eabi/lib/thumb/v8-m.main+fp/softfp/libm.a(libm_a-ef_sqrt.o)
                0x20000e18                __ieee754_sqrtf
 .text          0x20000e28      0x378 /usr/lib/gcc/arm-none-eabi/13.2.1/thumb/v8-m.main+fp/softfp/libgcc.a(_arm_addsubdf3.o)
                0x20000e28                __aeabi_drsub
                0x20000e30                __aeabi_dsub
                0x20000e30                __subdf3
                0x20000e34                __adddf3
                0x20000e34                __aeabi_dadd
                0x200010ac                __aeabi_ui2d
                0x200010ac                __floatunsidf
                0x200010cc                __floatsidf
                0x200010cc                __aeabi_i2d
                0x200010f0                __extendsfdf2
                0x200010f0                __aeabi_f2d
                0x20001134                __aeabi_ul2d
                0x20001134                __floatundidf
                0x20001144                __floatdidf
                0x20001144                __aeabi_l2d
 .text          0x200011a0       0x30 /usr/lib/gcc/arm-none-eabi/13.2.1/thumb/v8-m.main+fp/softfp/libgcc.a(_aeabi_uldivmod.o)
                0x200011a0                __aeabi_uldivmod
 .text          0x200011d0      0x300 /usr/lib/gcc/arm-none-eabi/13.2.1/thumb/v8-m.main+fp/softfp/libgcc.a(_udivmoddi4.o)
                0x200011d0                __udivmoddi4
 .text          0x200014d0        0x4 /usr/lib/gcc/arm-none-eabi/13.2.1/thumb/v8-m.main+fp/softfp/libgcc.a(_dvmd_tls.o)
                0x200014d0                __aeabi_ldiv0
                0x200014d0                __aeabi_idiv0
 *fill*         0x200014d4        0x4 
 .text.__stub   0x200014d8       0x38 linker stubs
                0x20001510                        . = ALIGN (0x4)
 *(.rodata*)
                0x20001510                        . = ALIGN (0x4)
 *(.data*)
 .data.striped_spin_lock_num
                0x20001510        0x1 CMakeFiles/main.dir/pico-sdk/src/rp2_common/hardware_sync/sync.c.o
 *fill*         0x20001511        0x3 
 .data          0x20001514       0x48 CMakeFiles/main.dir/pico-sdk/src/rp2_common/hardware_irq/irq_handler_chain.S.o
                0x20001514                irq_handler_chain_slots
                0x20001544                irq_handler_chain_first_slot
                0x2000154e                irq_handler_chain_remove_tail
 .data.default_alarm_pool
                0x2000155c       0x18 CMakeFiles/main.dir/pico-sdk/src/common/pico_time/time.c.o
 .data.stdio_usb
                0x20001574       0x18 CMakeFiles/main.dir/pico-sdk/src/rp2_common/pico_stdio_usb/stdio_usb.c.o
                0x20001574                stdio_usb
 .data._usbd_qdef
                0x2000158c       0x1c CMakeFiles/main.dir/pico-sdk/lib/tinyusb/src/device/usbd.c.o
                0x2000158c                _usbd_qdef
 .data._usbd_rhport
                0x200015a8        0x1 CMakeFiles/main.dir/pico-sdk/lib/tinyusb/src/device/usbd.c.o
 *fill*         0x200015a9        0x3 
 .data.i2c0_inst
                0x200015ac        0x8 CMakeFiles/main.dir/pico-sdk/src/rp2_common/hardware_i2c/i2c.c.o
                0x200015ac                i2c0_inst
 .data._maxBufferSize
                0x200015b4        0x4 BNO08x_Pico_Library/libBNO08x_Pico_Library.a(bno08x.cpp.o)
                0x200015b4                _maxBufferSize
 .data._ZN6CONFIG14I2C_TIMEOUT_USE
                0x200015b8        0x4 BNO08x_Pico_Library/libBNO08x_Pico_Library.a(bno08x.cpp.o)
                0x200015b8                CONFIG::I2C_TIMEOUT_US
 *fill*         0x200015bc        0x4 
 .data          0x200015c0      0x128 /usr/lib/gcc/arm-none-eabi/13.2.1/../../../arm-none-eabi/lib/thumb/v8-m.main+fp/softfp/libg.a(libc_a-impure.o)
                0x200015c0                _impure_ptr
                0x200015c8                _impure_data
 *(.sdata*)
                0x200016e8                        . = ALIGN (0x4)
 *(.after_data.*)
                0x200016e8                        . = ALIGN (0x4)
                0x200016e8                        PROVIDE (__mutex_array_start = .)
 *(SORT_BY_NAME(.mutex_array.*))
 *(.mutex_array)
 .mutex_array   0x200016e8        0x8 CMakeFiles/main.dir/pico-sdk/src/rp2_common/pico_stdio/stdio.c.o
                0x200016f0                        PROVIDE (__mutex_array_end = .)
 *(.jcr)
                0x200016f0                        . = ALIGN (0x4)

.tm_clone_table
                0x200016f0        0x0 load address 0x1000d3a8
 .tm_clone_table
                0x200016f0        0x0 /usr/lib/gcc/arm-none-eabi/13.2.1/thumb/v8-m.main+fp/softfp/crtbegin.o
 .tm_clone_table
                0x200016f0        0x0 /usr/lib/gcc/arm-none-eabi/13.2.1/thumb/v8-m.main+fp/softfp/crtend.o

.igot.plt       0x200016f0        0x0 load address 0x1000d3a8
 .igot.plt      0x200016f0        0x0 /usr/lib/gcc/arm-none-eabi/13.2.1/thumb/v8-m.main+fp/softfp/crtbegin.o

.tdata          0x200016f0        0x0 load address 0x1000d3a8
                0x200016f0                        . = ALIGN (0x4)
 *(.tdata .tdata.* .gnu.linkonce.td.*)
                0x200016f0                        __tdata_end = .
                0x200016f0                        PROVIDE (__data_end__ = .)
                0x1000bdc8                        __etext = LOADADDR (.data)

.tbss           0x200016f0        0x0 load address 0x1000d3a8
                0x200016f0                        . = ALIGN (0x4)
                0x200016f0                        __bss_start__ = .
                0x200016f0                        __tls_base = .
 *(.tbss .tbss.* .gnu.linkonce.tb.*)
 *(.tcommon)
                0x200016f0                        __tls_end = .

.bss            0x200016f0     0x1a8c load address 0x1000d3a8
                0x200016f0                        . = ALIGN (0x4)
                0x200016f0                        __tbss_end = .
 *(SORT_BY_ALIGNMENT(SORT_BY_NAME(.bss*)))
 .bss.IMU       0x200016f0      0x120 CMakeFiles/main.dir/src/main.cpp.o
                0x200016f0                IMU
 .bss._cdcd_itf
                0x20001810       0xc8 CMakeFiles/main.dir/pico-sdk/lib/tinyusb/src/class/cdc/cdc_device.c.o
 .bss.default_alarm_pool_entries
                0x200018d8      0x180 CMakeFiles/main.dir/pico-sdk/src/common/pico_time/time.c.o
 .bss.last_avail_time.1
                0x20001a58        0x8 CMakeFiles/main.dir/pico-sdk/src/rp2_common/pico_stdio_usb/stdio_usb.c.o
 .bss           0x20001a60       0x1c /usr/lib/gcc/arm-none-eabi/13.2.1/thumb/v8-m.main+fp/softfp/crtbegin.o
 .bss           0x20001a7c      0x220 BNO08x_Pico_Library/sh2/libsh2.a(sh2.c.o)
                0x20001a98                _sh2
 .bss           0x20001c9c      0x835 BNO08x_Pico_Library/sh2/libsh2.a(shtp.c.o)
 *fill*         0x200024d1        0x3 
 .bss           0x200024d4      0x13c /usr/lib/gcc/arm-none-eabi/13.2.1/../../../arm-none-eabi/lib/thumb/v8-m.main+fp/softfp/libg.a(libc_a-findfp.o)
                0x200024d4                __sf
                0x2000260c                __stdio_exit_handler
 .bss           0x20002610      0x190 /usr/lib/gcc/arm-none-eabi/13.2.1/../../../arm-none-eabi/lib/thumb/v8-m.main+fp/softfp/libg.a(libc_a-__atexit.o)
                0x20002610                __atexit0
 .bss           0x200027a0        0x4 /usr/lib/gcc/arm-none-eabi/13.2.1/../../../arm-none-eabi/lib/thumb/v8-m.main+fp/softfp/libg.a(libc_a-__call_atexit.o)
                0x200027a0                __atexit
 .bss._ZL19i2c_reinit_attempts
                0x200027a4        0x4 BNO08x_Pico_Library/libBNO08x_Pico_Library.a(utils.cpp.o)
 .bss._ZZN6BNO08x12enableReportEhmmE6config
                0x200027a8       0x14 BNO08x_Pico_Library/libBNO08x_Pico_Library.a(bno08x.cpp.o)
 .bss._app_driver
                0x200027bc        0x4 CMakeFiles/main.dir/pico-sdk/lib/tinyusb/src/device/usbd.c.o
 .bss._cdcd_epbuf
                0x200027c0       0x80 CMakeFiles/main.dir/pico-sdk/lib/tinyusb/src/class/cdc/cdc_device.c.o
 .bss._cdcd_fifo_cfg
                0x20002840        0x1 CMakeFiles/main.dir/pico-sdk/lib/tinyusb/src/class/cdc/cdc_device.c.o
 *fill*         0x20002841        0x3 
 .bss._ctrl_epbuf
                0x20002844       0x40 CMakeFiles/main.dir/pico-sdk/lib/tinyusb/src/device/usbd_control.c.o
 .bss._ctrl_xfer
                0x20002884       0x14 CMakeFiles/main.dir/pico-sdk/lib/tinyusb/src/device/usbd_control.c.o
 .bss._sw_spin_locks
                0x20002898       0x20 CMakeFiles/main.dir/pico-sdk/src/rp2_common/hardware_sync_spin_lock/sync_spin_lock.c.o
                0x20002898                _sw_spin_locks
 .bss._tusb_rhport_role
                0x200028b8        0x2 CMakeFiles/main.dir/pico-sdk/lib/tinyusb/src/tusb.c.o
                0x200028b8                _tusb_rhport_role
 *fill*         0x200028ba        0x2 
 .bss._ubsd_mutexdef
                0x200028bc        0x8 CMakeFiles/main.dir/pico-sdk/lib/tinyusb/src/device/usbd.c.o
 .bss._usbd_dev
                0x200028c4       0x54 CMakeFiles/main.dir/pico-sdk/lib/tinyusb/src/device/usbd.c.o
 .bss._usbd_mutex
                0x20002918        0x4 CMakeFiles/main.dir/pico-sdk/lib/tinyusb/src/device/usbd.c.o
 .bss._usbd_q   0x2000291c        0x4 CMakeFiles/main.dir/pico-sdk/lib/tinyusb/src/device/usbd.c.o
 .bss._usbd_qdef_buf
                0x20002920       0xc0 CMakeFiles/main.dir/pico-sdk/lib/tinyusb/src/device/usbd.c.o
                0x20002920                _usbd_qdef_buf
 .bss._vendord_epbuf
                0x200029e0       0x80 CMakeFiles/main.dir/pico-sdk/lib/tinyusb/src/class/vendor/vendor_device.c.o
 .bss._vendord_itf
                0x20002a60      0x24c CMakeFiles/main.dir/pico-sdk/lib/tinyusb/src/class/vendor/vendor_device.c.o
 .bss.chars_available_callback
                0x20002cac        0x4 CMakeFiles/main.dir/pico-sdk/src/rp2_common/pico_stdio_usb/stdio_usb.c.o
 .bss.chars_available_param
                0x20002cb0        0x4 CMakeFiles/main.dir/pico-sdk/src/rp2_common/pico_stdio_usb/stdio_usb.c.o
 .bss.claimed   0x20002cb4        0x4 CMakeFiles/main.dir/pico-sdk/src/rp2_common/hardware_sync/sync.c.o
 .bss.claimed   0x20002cb8        0x2 CMakeFiles/main.dir/pico-sdk/src/rp2_common/hardware_timer/timer.c.o
 *fill*         0x20002cba        0x2 
 .bss.configured_freq
                0x20002cbc       0x28 CMakeFiles/main.dir/pico-sdk/src/rp2_common/hardware_clocks/clocks.c.o
 .bss.desc_str.0
                0x20002ce4       0x28 CMakeFiles/main.dir/pico-sdk/src/rp2_common/pico_stdio_usb/stdio_usb_descriptors.c.o
 .bss.drivers   0x20002d0c        0x4 CMakeFiles/main.dir/pico-sdk/src/rp2_common/pico_stdio/stdio.c.o
 .bss.e15_last_sof
                0x20002d10        0x4 CMakeFiles/main.dir/pico-sdk/lib/tinyusb/src/portable/raspberrypi/rp2040/rp2040_usb.c.o
                0x20002d10                e15_last_sof
 .bss.filter    0x20002d14        0x4 CMakeFiles/main.dir/pico-sdk/src/rp2_common/pico_stdio/stdio.c.o
 .bss.hw_endpoints
                0x20002d18      0x400 CMakeFiles/main.dir/pico-sdk/lib/tinyusb/src/portable/raspberrypi/rp2040/dcd_rp2040.c.o
 .bss.lazy_vsnprintf
                0x20003118        0x4 CMakeFiles/main.dir/pico-sdk/src/rp2_common/pico_printf/printf.c.o
 .bss.load_value
                0x2000311c        0x4 CMakeFiles/main.dir/pico-sdk/src/rp2_common/hardware_watchdog/watchdog.c.o
 .bss.next_buffer_ptr
                0x20003120        0x4 CMakeFiles/main.dir/pico-sdk/lib/tinyusb/src/portable/raspberrypi/rp2040/dcd_rp2040.c.o
 .bss.one_shot_timer_crit_sec
                0x20003124        0x8 CMakeFiles/main.dir/pico-sdk/src/rp2_common/pico_stdio_usb/stdio_usb.c.o
 .bss.pools     0x2000312c       0x20 CMakeFiles/main.dir/pico-sdk/src/common/pico_time/time.c.o
 .bss.retrieved_id
                0x2000314c        0x8 CMakeFiles/main.dir/pico-sdk/src/rp2_common/pico_unique_id/unique_id.c.o
 .bss.sleep_notifier
                0x20003154        0x4 CMakeFiles/main.dir/pico-sdk/src/common/pico_time/time.c.o
 .bss.stdio_usb_mutex
                0x20003158        0x8 CMakeFiles/main.dir/pico-sdk/src/rp2_common/pico_stdio_usb/stdio_usb.c.o
 .bss.usbd_serial_str
                0x20003160       0x11 CMakeFiles/main.dir/pico-sdk/src/rp2_common/pico_stdio_usb/stdio_usb_descriptors.c.o
 .bss._app_driver_count
                0x20003171        0x1 CMakeFiles/main.dir/pico-sdk/lib/tinyusb/src/device/usbd.c.o
 .bss._sof_enable
                0x20003172        0x1 CMakeFiles/main.dir/pico-sdk/lib/tinyusb/src/portable/raspberrypi/rp2040/dcd_rp2040.c.o
 .bss._usbd_queued_setup
                0x20003173        0x1 CMakeFiles/main.dir/pico-sdk/lib/tinyusb/src/device/usbd.c.o
 .bss.irq_handler_chain_free_slot_head
                0x20003174        0x1 CMakeFiles/main.dir/pico-sdk/src/rp2_common/hardware_irq/irq.c.o
 .bss.itf_num   0x20003175        0x1 CMakeFiles/main.dir/pico-sdk/src/rp2_common/pico_stdio_usb/reset_interface.c.o
 .bss.low_priority_irq_num
                0x20003176        0x1 CMakeFiles/main.dir/pico-sdk/src/rp2_common/pico_stdio_usb/stdio_usb.c.o
 .bss.one_shot_timer_pending
                0x20003177        0x1 CMakeFiles/main.dir/pico-sdk/src/rp2_common/pico_stdio_usb/stdio_usb.c.o
 .bss.user_irq_claimed
                0x20003178        0x1 CMakeFiles/main.dir/pico-sdk/src/rp2_common/hardware_irq/irq.c.o
 *(COMMON)
                [!provide]                        PROVIDE (__global_pointer$ = (. + 0x800))
 *(.sbss*)
                0x2000317c                        . = ALIGN (0x4)
 *fill*         0x20003179        0x3 
                0x2000317c                        __bss_end__ = .

.heap           0x2000317c      0x800 load address 0x1000d3a8
                0x2000317c                        __end__ = .
                0x2000317c                        end = __end__
 *(.heap*)
 .heap          0x2000317c      0x800 CMakeFiles/main.dir/pico-sdk/src/rp2_common/pico_crt0/crt0.S.o
                0x20080000                        __HeapLimit = (ORIGIN (RAM) + LENGTH (RAM))

.scratch_x      0x20080000        0x0 load address 0x1000d3a8
                0x20080000                        __scratch_x_start__ = .
 *(.scratch_x.*)
                0x20080000                        . = ALIGN (0x4)
                0x20080000                        __scratch_x_end__ = .
                0x1000d3a8                        __scratch_x_source__ = LOADADDR (.scratch_x)

.scratch_y      0x20081000        0x0 load address 0x1000d3a8
                0x20081000                        __scratch_y_start__ = .
 *(.scratch_y.*)
                0x20081000                        . = ALIGN (0x4)
                0x20081000                        __scratch_y_end__ = .
                0x1000d3a8                        __scratch_y_source__ = LOADADDR (.scratch_y)

.stack1_dummy
 *(.stack1*)

.stack_dummy    0x20081000      0x800
 *(.stack*)
 .stack         0x20081000      0x800 CMakeFiles/main.dir/pico-sdk/src/rp2_common/pico_crt0/crt0.S.o

.flash_end      0x1000d3a8       0x14
 *(.embedded_end_block*)
 .embedded_end_block
                0x1000d3a8       0x14 CMakeFiles/main.dir/pico-sdk/src/rp2_common/pico_crt0/crt0.S.o
                0x1000d3bc                        PROVIDE (__flash_binary_end = .)
                0x20080000                        __StackLimit = (ORIGIN (RAM) + LENGTH (RAM))
                0x20081000                        __StackOneTop = (ORIGIN (SCRATCH_X) + LENGTH (SCRATCH_X))
                0x20082000                        __StackTop = (ORIGIN (SCRATCH_Y) + LENGTH (SCRATCH_Y))
                0x20081000                        __StackOneBottom = (__StackOneTop - SIZEOF (.stack1_dummy))
                0x20081800                        __StackBottom = (__StackTop - SIZEOF (.stack_dummy))
                0x20082000                        PROVIDE (__stack = __StackTop)
                [!provide]                        PROVIDE (__heap_start = __end__)
                [!provide]                        PROVIDE (__heap_end = __HeapLimit)
                [!provide]                        PROVIDE (__tls_align = MAX (ALIGNOF (.tdata), ALIGNOF (.tbss)))
                [!provide]                        PROVIDE (__tls_size_align = (((__tls_size + __tls_align) - 0x1) & ~ ((__tls_align - 0x1))))
                [!provide]                        PROVIDE (__arm32_tls_tcb_offset = MAX (0x8, __tls_align))
                [!provide]                        PROVIDE (_end = __end__)
                [!provide]                        PROVIDE (__llvm_libc_heap_limit = __HeapLimit)
                0x00000001                        ASSERT ((__StackLimit >= __HeapLimit), region RAM overflowed)
                0x00000001                        ASSERT (((__binary_info_header_end - __logical_binary_start) <= 0x400), Binary info must be in first 1024 bytes of the binary)
                0x00000001                        ASSERT (((__embedded_block_end - __logical_binary_start) <= 0x1000), Embedded block must be in first 4096 bytes of the binary)
LOAD CMakeFiles/main.dir/src/main.cpp.o
LOAD CMakeFiles/main.dir/pico-sdk/src/rp2_common/pico_stdlib/stdlib.c.o
LOAD CMakeFiles/main.dir/pico-sdk/src/rp2_common/hardware_gpio/gpio.c.o
LOAD CMakeFiles/main.dir/pico-sdk/src/rp2350/pico_platform/platform.c.o
LOAD CMakeFiles/main.dir/pico-sdk/src/rp2_common/pico_platform_common/common.c.o
LOAD CMakeFiles/main.dir/pico-sdk/src/rp2_common/pico_platform_panic/panic.c.o
LOAD CMakeFiles/main.dir/pico-sdk/src/common/hardware_claim/claim.c.o
LOAD CMakeFiles/main.dir/pico-sdk/src/rp2_common/hardware_sync/sync.c.o
LOAD CMakeFiles/main.dir/pico-sdk/src/rp2_common/hardware_sync_spin_lock/sync_spin_lock.c.o
LOAD CMakeFiles/main.dir/pico-sdk/src/rp2_common/hardware_irq/irq.c.o
LOAD CMakeFiles/main.dir/pico-sdk/src/rp2_common/hardware_irq/irq_handler_chain.S.o
LOAD CMakeFiles/main.dir/pico-sdk/src/common/pico_sync/sem.c.o
LOAD CMakeFiles/main.dir/pico-sdk/src/common/pico_sync/lock_core.c.o
LOAD CMakeFiles/main.dir/pico-sdk/src/common/pico_sync/mutex.c.o
LOAD CMakeFiles/main.dir/pico-sdk/src/common/pico_sync/critical_section.c.o
LOAD CMakeFiles/main.dir/pico-sdk/src/common/pico_time/time.c.o
LOAD CMakeFiles/main.dir/pico-sdk/src/common/pico_time/timeout_helper.c.o
LOAD CMakeFiles/main.dir/pico-sdk/src/rp2_common/hardware_timer/timer.c.o
LOAD CMakeFiles/main.dir/pico-sdk/src/common/pico_util/datetime.c.o
LOAD CMakeFiles/main.dir/pico-sdk/src/common/pico_util/pheap.c.o
LOAD CMakeFiles/main.dir/pico-sdk/src/common/pico_util/queue.c.o
LOAD CMakeFiles/main.dir/pico-sdk/src/rp2_common/hardware_uart/uart.c.o
LOAD CMakeFiles/main.dir/pico-sdk/src/rp2_common/hardware_clocks/clocks.c.o
LOAD CMakeFiles/main.dir/pico-sdk/src/rp2_common/hardware_pll/pll.c.o
LOAD CMakeFiles/main.dir/pico-sdk/src/rp2_common/hardware_vreg/vreg.c.o
LOAD CMakeFiles/main.dir/pico-sdk/src/rp2_common/hardware_watchdog/watchdog.c.o
LOAD CMakeFiles/main.dir/pico-sdk/src/rp2_common/hardware_ticks/ticks.c.o
LOAD CMakeFiles/main.dir/pico-sdk/src/rp2_common/pico_bootrom/bootrom.c.o
LOAD CMakeFiles/main.dir/pico-sdk/src/rp2_common/pico_bootrom/bootrom_lock.c.o
LOAD CMakeFiles/main.dir/pico-sdk/src/rp2_common/hardware_boot_lock/boot_lock.c.o
LOAD CMakeFiles/main.dir/pico-sdk/src/rp2_common/pico_flash/flash.c.o
LOAD CMakeFiles/main.dir/pico-sdk/src/rp2_common/hardware_xosc/xosc.c.o