Archive member included to satisfy reference by file (symbol)

BNO08x_Pico_Library/libBNO08x_Pico_Library.a(bno08x.cpp.o)
                              CMakeFiles/main.dir/src/main.cpp.o (BNO08x::begin(unsigned char, i2c_inst*, signed char, signed char))
BNO08x_Pico_Library/libBNO08x_Pico_Library.a(utils.cpp.o)
                              BNO08x_Pico_Library/libBNO08x_Pico_Library.a(bno08x.cpp.o) (handleI2CError(i2c_inst*&))
BNO08x_Pico_Library/sh2/libsh2.a(sh2.c.o)
                              BNO08x_Pico_Library/libBNO08x_Pico_Library.a(bno08x.cpp.o) (sh2_open)
BNO08x_Pico_Library/sh2/libsh2.a(shtp.c.o)
                              BNO08x_Pico_Library/sh2/libsh2.a(sh2.c.o) (shtp_open)
BNO08x_Pico_Library/sh2/libsh2.a(sh2_util.c.o)
                              BNO08x_Pico_Library/sh2/libsh2.a(shtp.c.o) (readu8)
BNO08x_Pico_Library/sh2/libsh2.a(sh2_SensorValue.c.o)
                              BNO08x_Pico_Library/libBNO08x_Pico_Library.a(bno08x.cpp.o) (sh2_decodeSensorEvent)
/usr/lib/gcc/arm-none-eabi/13.2.1/../../../arm-none-eabi/lib/thumb/v8-m.main+fp/softfp/libm.a(libm_a-wf_sqrt.o)
                              CMakeFiles/main.dir/pico-sdk/src/rp2_common/pico_float/float_math.c.o (sqrtf)
/usr/lib/gcc/arm-none-eabi/13.2.1/../../../arm-none-eabi/lib/thumb/v8-m.main+fp/softfp/libm.a(libm_a-ef_sqrt.o)
                              /usr/lib/gcc/arm-none-eabi/13.2.1/../../../arm-none-eabi/lib/thumb/v8-m.main+fp/softfp/libm.a(libm_a-wf_sqrt.o) (__ieee754_sqrtf)
/usr/lib/gcc/arm-none-eabi/13.2.1/thumb/v8-m.main+fp/softfp/libgcc.a(_arm_addsubdf3.o)
                              CMakeFiles/main.dir/src/main.cpp.o (__aeabi_f2d)
/usr/lib/gcc/arm-none-eabi/13.2.1/thumb/v8-m.main+fp/softfp/libgcc.a(_aeabi_ldivmod.o)
                              CMakeFiles/main.dir/pico-sdk/src/common/pico_time/time.c.o (__aeabi_ldivmod)
/usr/lib/gcc/arm-none-eabi/13.2.1/thumb/v8-m.main+fp/softfp/libgcc.a(_aeabi_uldivmod.o)
                              CMakeFiles/main.dir/pico-sdk/src/rp2_common/hardware_clocks/clocks.c.o (__aeabi_uldivmod)
/usr/lib/gcc/arm-none-eabi/13.2.1/thumb/v8-m.main+fp/softfp/libgcc.a(_udivmoddi4.o)
                              /usr/lib/gcc/arm-none-eabi/13.2.1/thumb/v8-m.main+fp/softfp/libgcc.a(_aeabi_ldivmod.o) (__udivmoddi4)
/usr/lib/gcc/arm-none-eabi/13.2.1/thumb/v8-m.main+fp/softfp/libgcc.a(_dvmd_tls.o)
                              /usr/lib/gcc/arm-none-eabi/13.2.1/thumb/v8-m.main+fp/softfp/libgcc.a(_aeabi_ldivmod.o) (__aeabi_ldiv0)
/usr/lib/gcc/arm-none-eabi/13.2.1/../../../arm-none-eabi/lib/thumb/v8-m.main+fp/softfp/libg.a(libc_a-memset.o)
                              /usr/lib/gcc/arm-none-eabi/13.2.1/../../../arm-none-eabi/lib/thumb/v8-m.main+fp/softfp/crt0.o (memset)
/usr/lib/gcc/arm-none-eabi/13.2.1/../../../arm-none-eabi/lib/thumb/v8-m.main+fp/softfp/libg.a(libc_a-strcmp.o)
                              BNO08x_Pico_Library/sh2/libsh2.a(shtp.c.o) (strcmp)
/usr/lib/gcc/arm-none-eabi/13.2.1/../../../arm-none-eabi/lib/thumb/v8-m.main+fp/softfp/libg.a(libc_a-stpcpy.o)
                              BNO08x_Pico_Library/sh2/libsh2.a(shtp.c.o) (stpcpy)
/usr/lib/gcc/arm-none-eabi/13.2.1/../../../arm-none-eabi/lib/thumb/v8-m.main+fp/softfp/libg.a(libc_a-calloc.o)
                              CMakeFiles/main.dir/pico-sdk/src/rp2_common/pico_malloc/malloc.c.o (calloc)
/usr/lib/gcc/arm-none-eabi/13.2.1/../../../arm-none-eabi/lib/thumb/v8-m.main+fp/softfp/libg.a(libc_a-errno.o)
                              /usr/lib/gcc/arm-none-eabi/13.2.1/../../../arm-none-eabi/lib/thumb/v8-m.main+fp/softfp/libm.a(libm_a-wf_sqrt.o) (__errno)
/usr/lib/gcc/arm-none-eabi/13.2.1/../../../arm-none-eabi/lib/thumb/v8-m.main+fp/softfp/libg.a(libc_a-impure.o)
                              /usr/lib/gcc/arm-none-eabi/13.2.1/../../../arm-none-eabi/lib/thumb/v8-m.main+fp/softfp/libg.a(libc_a-calloc.o) (_impure_ptr)
/usr/lib/gcc/arm-none-eabi/13.2.1/../../../arm-none-eabi/lib/thumb/v8-m.main+fp/softfp/libg.a(libc_a-callocr.o)
                              /usr/lib/gcc/arm-none-eabi/13.2.1/../../../arm-none-eabi/lib/thumb/v8-m.main+fp/softfp/libg.a(libc_a-calloc.o) (_calloc_r)
/usr/lib/gcc/arm-none-eabi/13.2.1/../../../arm-none-eabi/lib/thumb/v8-m.main+fp/softfp/libg.a(libc_a-realloc.o)
                              CMakeFiles/main.dir/pico-sdk/src/rp2_common/pico_malloc/malloc.c.o (realloc)
/usr/lib/gcc/arm-none-eabi/13.2.1/../../../arm-none-eabi/lib/thumb/v8-m.main+fp/softfp/libg.a(libc_a-mallocr.o)
                              /usr/lib/gcc/arm-none-eabi/13.2.1/../../../arm-none-eabi/lib/thumb/v8-m.main+fp/softfp/libg.a(libc_a-callocr.o) (_malloc_r)
/usr/lib/gcc/arm-none-eabi/13.2.1/../../../arm-none-eabi/lib/thumb/v8-m.main+fp/softfp/libg.a(libc_a-freer.o)
                              /usr/lib/gcc/arm-none-eabi/13.2.1/../../../arm-none-eabi/lib/thumb/v8-m.main+fp/softfp/libg.a(libc_a-mallocr.o) (_free_r)
/usr/lib/gcc/arm-none-eabi/13.2.1/../../../arm-none-eabi/lib/thumb/v8-m.main+fp/softfp/libg.a(libc_a-memcmp.o)
[...]
Memory Configuration

Name             Origin             Length             Attributes
FLASH            0x10000000         0x00400000         xr
RAM              0x20000000         0x00080000         xrw
SCRATCH_X        0x20080000         0x00001000         xrw
SCRATCH_Y        0x20081000         0x00001000         xrw
*default*        0x00000000         0xffffffff

Linker script and memory map

LOAD /usr/lib/gcc/arm-none-eabi/13.2.1/thumb/v8-m.main+fp/softfp/crti.o
LOAD /usr/lib/gcc/arm-none-eabi/13.2.1/thumb/v8-m.main+fp/softfp/crtbegin.o
LOAD /usr/lib/gcc/arm-none-eabi/13.2.1/../../../arm-none-eabi/lib/thumb/v8-m.main+fp/softfp/crt0.o

.flash_begin    0x10000000        0x0
                0x10000000                        __flash_binary_start = .

.text           0x10000000     0xb890
                0x10000000                        __logical_binary_start = .
 *(.vectors)
 .vectors       0x10000000      0x124 CMakeFiles/main.dir/pico-sdk/src/rp2_common/pico_crt0/crt0.S.o
                0x10000000                __vectors
                0x10000000                __VECTOR_TABLE
                0x10000110                isr_securefault
                0x10000110                isr_irq30
                0x10000110                __unhandled_user_irq
                0x10000110                isr_irq49
                0x10000110                isr_irq13
                0x10000110                isr_irq43
                0x10000110                isr_irq45
                0x10000110                isr_irq27
                0x10000110                isr_irq32
                0x10000110                isr_irq31
                0x10000110                isr_irq5
                0x10000110                isr_irq11
                0x10000110                isr_irq23
                0x10000110                isr_usagefault
                0x10000110                isr_irq48
                0x10000110                isr_irq35
                0x10000110                isr_irq18
                0x10000110                isr_irq50
                0x10000110                isr_irq40
                0x10000110                isr_irq28
                0x10000110                isr_irq19
                0x10000110                isr_irq36
                0x10000110                isr_irq41
                0x10000110                isr_irq0
                0x10000110                isr_irq6
                0x10000110                isr_memmanage
                0x10000110                isr_irq37
                0x10000110                isr_irq42
                0x10000110                isr_irq22
                0x10000110                isr_irq17
                0x10000110                isr_irq38
                0x10000110                isr_irq14
                0x10000110                __vectors_end
                0x10000110                __default_isrs_start
                0x10000110                isr_irq2
                0x10000110                isr_irq10
                0x10000110                isr_irq8
                0x10000110                isr_debugmonitor
                0x10000110                isr_irq24
                0x10000110                isr_irq46
                0x10000110                isr_irq1
                0x10000110                isr_irq47
                0x10000110                isr_irq51
                0x10000110                isr_irq7
                0x10000110                isr_irq21
                0x10000110                isr_irq39
                0x10000110                isr_irq20
                0x10000110                isr_irq15
                0x10000110                isr_irq25
                0x10000110                isr_irq34
                0x10000110                isr_irq4
                0x10000110                isr_busfault
                0x10000110                isr_irq16
                0x10000110                isr_irq44
                0x10000110                isr_irq29
                0x10000110                isr_irq26
                0x10000110                isr_irq33
                0x10000110                isr_irq3
                0x10000110                isr_irq12
                0x10000110                isr_irq9
                0x10000116                unhandled_user_irq_num_in_r0
                0x10000118                isr_invalid
                0x1000011a                isr_nmi
                0x1000011c                isr_hardfault
                0x1000011e                isr_svcall
                0x10000120                isr_pendsv
                0x10000122                isr_systick
                0x10000124                __default_isrs_end
 *(.binary_info_header)
 .binary_info_header
                0x10000124       0x14 CMakeFiles/main.dir/pico-sdk/src/rp2_common/pico_crt0/crt0.S.o
                0x10000138                        __binary_info_header_end = .
 *(.embedded_block)
 .embedded_block
                0x10000138       0x14 CMakeFiles/main.dir/pico-sdk/src/rp2_common/pico_crt0/crt0.S.o
                0x1000014c                        __embedded_block_end = .
 *(.reset)
 .reset         0x1000014c       0x98 CMakeFiles/main.dir/pico-sdk/src/rp2_common/pico_crt0/crt0.S.o
                0x1000014c                _entry_point
 *(.init)
 .init          0x100001e4        0x4 /usr/lib/gcc/arm-none-eabi/13.2.1/thumb/v8-m.main+fp/softfp/crti.o
                0x100001e4                _init
 *libgcc.a:cmse_nonsecure_call.o()
 *(EXCLUDE_FILE(*libm.a: *libc.a:*lib_a-mem*.o *libgcc.a:) .text*)
 .text          0x100001e8       0x8c /usr/lib/gcc/arm-none-eabi/13.2.1/thumb/v8-m.main+fp/softfp/crtbegin.o
 *fill*         0x10000274        0x4 
 .text.startup.main
                0x10000278      0x210 CMakeFiles/main.dir/src/main.cpp.o
                0x10000278                main
 .text.startup._GLOBAL__sub_I_IMU
                0x10000488       0x48 CMakeFiles/main.dir/src/main.cpp.o
 .text.gpio_set_function
                0x100004d0       0x3c CMakeFiles/main.dir/pico-sdk/src/rp2_common/hardware_gpio/gpio.c.o
                0x100004d0                gpio_set_function
 .text.gpio_set_pulls
                0x1000050c       0x28 CMakeFiles/main.dir/pico-sdk/src/rp2_common/hardware_gpio/gpio.c.o
                0x1000050c                gpio_set_pulls
 .text.gpio_init
                0x10000534       0x48 CMakeFiles/main.dir/pico-sdk/src/rp2_common/hardware_gpio/gpio.c.o
                0x10000534                gpio_init
 .text.panic    0x1000057c       0x30 CMakeFiles/main.dir/pico-sdk/src/rp2_common/pico_platform_panic/panic.c.o
                0x1000057c                panic
 .text.hw_claim_or_assert
                0x100005ac       0x58 CMakeFiles/main.dir/pico-sdk/src/common/hardware_claim/claim.c.o
                0x100005ac                hw_claim_or_assert
 .text.hw_claim_unused_from_range
                0x10000604       0x9c CMakeFiles/main.dir/pico-sdk/src/common/hardware_claim/claim.c.o
                0x10000604                hw_claim_unused_from_range
 .text.next_striped_spin_lock_num
                0x100006a0       0x18 CMakeFiles/main.dir/pico-sdk/src/rp2_common/hardware_sync/sync.c.o
                0x100006a0                next_striped_spin_lock_num
 .text.spin_lock_claim_unused
                0x100006b8       0x20 CMakeFiles/main.dir/pico-sdk/src/rp2_common/hardware_sync/sync.c.o
                0x100006b8                spin_lock_claim_unused
 .text.spinlock_set_extexclall
                0x100006d8       0x10 CMakeFiles/main.dir/pico-sdk/src/rp2_common/hardware_sync_spin_lock/sync_spin_lock.c.o
 .text.spin_locks_reset
                0x100006e8       0x18 CMakeFiles/main.dir/pico-sdk/src/rp2_common/hardware_sync_spin_lock/sync_spin_lock.c.o
                0x100006e8                spin_locks_reset
 .text.runtime_init_per_core_irq_priorities
                0x10000700       0x40 CMakeFiles/main.dir/pico-sdk/src/rp2_common/hardware_irq/irq.c.o
                0x10000700                runtime_init_per_core_irq_priorities
 .text.irq_set_enabled
                0x10000740       0x2c CMakeFiles/main.dir/pico-sdk/src/rp2_common/hardware_irq/irq.c.o
                0x10000740                irq_set_enabled
 .text.irq_is_enabled
                0x1000076c       0x20 CMakeFiles/main.dir/pico-sdk/src/rp2_common/hardware_irq/irq.c.o
                0x1000076c                irq_is_enabled
 .text.irq_set_pending
                0x1000078c       0x18 CMakeFiles/main.dir/pico-sdk/src/rp2_common/hardware_irq/irq.c.o
                0x1000078c                irq_set_pending
 .text.irq_has_shared_handler
                0x100007a4       0x20 CMakeFiles/main.dir/pico-sdk/src/rp2_common/hardware_irq/irq.c.o
                0x100007a4                irq_has_shared_handler
 .text.irq_set_exclusive_handler
                0x100007c4       0x60 CMakeFiles/main.dir/pico-sdk/src/rp2_common/hardware_irq/irq.c.o
                0x100007c4                irq_set_exclusive_handler
 .text.irq_add_shared_handler
                0x10000824      0x1e8 CMakeFiles/main.dir/pico-sdk/src/rp2_common/hardware_irq/irq.c.o
                0x10000824                irq_add_shared_handler
 .text.irq_add_tail_to_free_list
                0x10000a0c       0xbc CMakeFiles/main.dir/pico-sdk/src/rp2_common/hardware_irq/irq.c.o
                0x10000a0c                irq_add_tail_to_free_list
 .text.user_irq_claim_unused
                0x10000ac8       0x28 CMakeFiles/main.dir/pico-sdk/src/rp2_common/hardware_irq/irq.c.o
                0x10000ac8                user_irq_claim_unused
 .text.lock_init
                0x10000af0        0xc CMakeFiles/main.dir/pico-sdk/src/common/pico_sync/lock_core.c.o
                0x10000af0                lock_init
 .text.runtime_init_mutex
                0x10000afc       0x4c CMakeFiles/main.dir/pico-sdk/src/common/pico_sync/mutex.c.o
                0x10000afc                runtime_init_mutex
 .text.mutex_init
                0x10000b48       0x1c CMakeFiles/main.dir/pico-sdk/src/common/pico_sync/mutex.c.o
                0x10000b48                mutex_init
 .text.critical_section_init
                0x10000b64       0x1c CMakeFiles/main.dir/pico-sdk/src/common/pico_sync/critical_section.c.o
                0x10000b64                critical_section_init
 .text.critical_section_init_with_lock_num
                0x10000b80       0x10 CMakeFiles/main.dir/pico-sdk/src/common/pico_sync/critical_section.c.o
                0x10000b80                critical_section_init_with_lock_num
 .text.sleep_until_callback
                0x10000b90       0x3c CMakeFiles/main.dir/pico-sdk/src/common/pico_time/time.c.o
 *fill*         0x10000bcc        0x4 
 .text.alarm_pool_irq_handler
                0x10000bd0      0x2f0 CMakeFiles/main.dir/pico-sdk/src/common/pico_time/time.c.o
 .text.runtime_init_default_alarm_pool
                0x10000ec0      0x100 CMakeFiles/main.dir/pico-sdk/src/common/pico_time/time.c.o
                0x10000ec0                runtime_init_default_alarm_pool
 .text.alarm_pool_get_default
                0x10000fc0        0x8 CMakeFiles/main.dir/pico-sdk/src/common/pico_time/time.c.o
                0x10000fc0                alarm_pool_get_default
 .text.alarm_pool_add_alarm_at
                0x10000fc8       0xdc CMakeFiles/main.dir/pico-sdk/src/common/pico_time/time.c.o
                0x10000fc8                alarm_pool_add_alarm_at
 .text.alarm_pool_add_alarm_at_force_in_context
                0x100010a4       0xc8 CMakeFiles/main.dir/pico-sdk/src/common/pico_time/time.c.o
                0x100010a4                alarm_pool_add_alarm_at_force_in_context
 .text.alarm_pool_cancel_alarm
                0x1000116c       0x80 CMakeFiles/main.dir/pico-sdk/src/common/pico_time/time.c.o
                0x1000116c                alarm_pool_cancel_alarm
 .text.alarm_pool_core_num
                0x100011ec        0x4 CMakeFiles/main.dir/pico-sdk/src/common/pico_time/time.c.o
                0x100011ec                alarm_pool_core_num
 .text.sleep_until
                0x100011f0       0xbc CMakeFiles/main.dir/pico-sdk/src/common/pico_time/time.c.o
                0x100011f0                sleep_until
 .text.sleep_ms
                0x100012ac       0x2c CMakeFiles/main.dir/pico-sdk/src/common/pico_time/time.c.o
                0x100012ac                sleep_ms
 .text.best_effort_wfe_or_timeout
                0x100012d8       0xbc CMakeFiles/main.dir/pico-sdk/src/common/pico_time/time.c.o
                0x100012d8                best_effort_wfe_or_timeout
 .text.check_single_timeout_us
                0x10001394       0x28 CMakeFiles/main.dir/pico-sdk/src/common/pico_time/timeout_helper.c.o
 .text.init_single_timeout_until
                0x100013bc       0x10 CMakeFiles/main.dir/pico-sdk/src/common/pico_time/timeout_helper.c.o
                0x100013bc                init_single_timeout_until
 .text.timer_hardware_alarm_claim
                0x100013cc       0x24 CMakeFiles/main.dir/pico-sdk/src/rp2_common/hardware_timer/timer.c.o
                0x100013cc                timer_hardware_alarm_claim
 .text.timer_time_us_64
                0x100013f0       0x10 CMakeFiles/main.dir/pico-sdk/src/rp2_common/hardware_timer/timer.c.o
                0x100013f0                timer_time_us_64
 .text.time_us_64
                0x10001400       0x14 CMakeFiles/main.dir/pico-sdk/src/rp2_common/hardware_timer/timer.c.o
                0x10001400                time_us_64
 .text.busy_wait_us
                0x10001414       0x64 CMakeFiles/main.dir/pico-sdk/src/rp2_common/hardware_timer/timer.c.o
                0x10001414                busy_wait_us
 .text.busy_wait_until
                0x10001478       0x24 CMakeFiles/main.dir/pico-sdk/src/rp2_common/hardware_timer/timer.c.o
                0x10001478                busy_wait_until
 .text.clock_configure_undivided
                0x1000149c       0xd0 CMakeFiles/main.dir/pico-sdk/src/rp2_common/hardware_clocks/clocks.c.o
                0x1000149c                clock_configure_undivided
 .text.clock_get_hz
                0x1000156c        0xc CMakeFiles/main.dir/pico-sdk/src/rp2_common/hardware_clocks/clocks.c.o
                0x1000156c                clock_get_hz
 .text.pll_init
                0x10001578       0x8c CMakeFiles/main.dir/pico-sdk/src/rp2_common/hardware_pll/pll.c.o
                0x10001578                pll_init
 .text.watchdog_reboot
                0x10001604       0x98 CMakeFiles/main.dir/pico-sdk/src/rp2_common/hardware_watchdog/watchdog.c.o
                0x10001604                watchdog_reboot
 .text.tick_start
                0x1000169c       0x18 CMakeFiles/main.dir/pico-sdk/src/rp2_common/hardware_ticks/ticks.c.o
                0x1000169c                tick_start
 .text.rom_reboot.constprop.0.isra.0
                0x100016b4       0x34 CMakeFiles/main.dir/pico-sdk/src/rp2_common/pico_bootrom/bootrom.c.o
 .text.rom_func_lookup
                0x100016e8       0x18 CMakeFiles/main.dir/pico-sdk/src/rp2_common/pico_bootrom/bootrom.c.o
                0x100016e8                rom_func_lookup
 .text.rom_reset_usb_boot_extra
                0x10001700       0x1c CMakeFiles/main.dir/pico-sdk/src/rp2_common/pico_bootrom/bootrom.c.o
                0x10001700                rom_reset_usb_boot_extra
 .text.runtime_init_bootrom_locking_enable
                0x1000171c       0x14 CMakeFiles/main.dir/pico-sdk/src/rp2_common/pico_bootrom/bootrom_lock.c.o
                0x1000171c                runtime_init_bootrom_locking_enable
 .text.runtime_init_boot_locks_reset
                0x10001730       0x1c CMakeFiles/main.dir/pico-sdk/src/rp2_common/hardware_boot_lock/boot_lock.c.o
                0x10001730                runtime_init_boot_locks_reset
 .text.xosc_init
                0x1000174c       0x30 CMakeFiles/main.dir/pico-sdk/src/rp2_common/hardware_xosc/xosc.c.o
                0x1000174c                xosc_init
 .text.first_per_core_initializer
                0x1000177c        0x4 CMakeFiles/main.dir/pico-sdk/src/rp2_common/pico_runtime/runtime.c.o
 .text.hard_assertion_failure
                0x10001780        0xc CMakeFiles/main.dir/pico-sdk/src/rp2_common/pico_runtime/runtime.c.o
                0x10001780                hard_assertion_failure
 .text.runtime_run_initializers
                0x1000178c       0x20 CMakeFiles/main.dir/pico-sdk/src/rp2_common/pico_runtime/runtime.c.o
                0x1000178c                runtime_run_initializers
 .text.runtime_init_early_resets
                0x100017ac       0x34 CMakeFiles/main.dir/pico-sdk/src/rp2_common/pico_runtime_init/runtime_init.c.o
                0x100017ac                runtime_init_early_resets
 .text.runtime_init_usb_power_down
                0x100017e0       0x1c CMakeFiles/main.dir/pico-sdk/src/rp2_common/pico_runtime_init/runtime_init.c.o
                0x100017e0                runtime_init_usb_power_down
 .text.runtime_init_per_core_enable_coprocessors
                0x100017fc       0x1c CMakeFiles/main.dir/pico-sdk/src/rp2_common/pico_runtime_init/runtime_init.c.o
                0x100017fc                runtime_init_per_core_enable_coprocessors
 .text.runtime_init_post_clock_resets
                0x10001818       0x20 CMakeFiles/main.dir/pico-sdk/src/rp2_common/pico_runtime_init/runtime_init.c.o
                0x10001818                runtime_init_post_clock_resets
 .text.runtime_init_bootrom_reset
                0x10001838       0x14 CMakeFiles/main.dir/pico-sdk/src/rp2_common/pico_runtime_init/runtime_init.c.o
                0x10001838                runtime_init_bootrom_reset
 .text.runtime_init_per_core_bootrom_reset
                0x1000184c       0x14 CMakeFiles/main.dir/pico-sdk/src/rp2_common/pico_runtime_init/runtime_init.c.o
                0x1000184c                runtime_init_per_core_bootrom_reset
 .text.runtime_init_spin_locks_reset
                0x10001860        0x4 CMakeFiles/main.dir/pico-sdk/src/rp2_common/pico_runtime_init/runtime_init.c.o
                0x10001860                runtime_init_spin_locks_reset
 .text.runtime_init_install_ram_vector_table
                0x10001864       0x68 CMakeFiles/main.dir/pico-sdk/src/rp2_common/pico_runtime_init/runtime_init.c.o
                0x10001864                runtime_init_install_ram_vector_table
 .text.runtime_init_clocks
                0x100018cc       0xdc CMakeFiles/main.dir/pico-sdk/src/rp2_common/pico_runtime_init/runtime_init_clocks.c.o
                0x100018cc                runtime_init_clocks
 .text.dpow_1   0x100019a8      0x264 CMakeFiles/main.dir/pico-sdk/src/rp2_common/pico_double/double_math.c.o
 .text.dpow_int2
                0x10001c0c      0x134 CMakeFiles/main.dir/pico-sdk/src/rp2_common/pico_double/double_math.c.o
 .text.dpow_0   0x10001d40      0x150 CMakeFiles/main.dir/pico-sdk/src/rp2_common/pico_double/double_math.c.o
 .text.__wrap_ldexp
                0x10001e90       0x44 CMakeFiles/main.dir/pico-sdk/src/rp2_common/pico_double/double_math.c.o
                0x10001e90                __wrap_ldexp
 .text.__wrap_round
                0x10001ed4       0x7c CMakeFiles/main.dir/pico-sdk/src/rp2_common/pico_double/double_math.c.o
                0x10001ed4                __wrap_round
 .text.__wrap_exp2
                0x10001f50       0xbc CMakeFiles/main.dir/pico-sdk/src/rp2_common/pico_double/double_math.c.o
                0x10001f50                __wrap_exp2
 .text.__wrap_pow
                0x1000200c      0x2cc CMakeFiles/main.dir/pico-sdk/src/rp2_common/pico_double/double_math.c.o
                0x1000200c                __wrap_pow
 .text.__rp2350_dcp_engaged_state_save_restore
                0x100022d8       0x3a CMakeFiles/main.dir/pico-sdk/src/rp2_common/pico_double/double_aeabi_dcp.S.o
 *fill*         0x10002312        0x2 
 .text.__wrap___aeabi_dadd
                0x10002314       0x28 CMakeFiles/main.dir/pico-sdk/src/rp2_common/pico_double/double_aeabi_dcp.S.o
                0x1000231c                __wrap___aeabi_dadd
 .text.__wrap___aeabi_dsub
                0x1000233c       0x28 CMakeFiles/main.dir/pico-sdk/src/rp2_common/pico_double/double_aeabi_dcp.S.o
                0x10002344                __wrap___aeabi_dsub
 .text.__wrap___aeabi_dmul
                0x10002364       0x4c CMakeFiles/main.dir/pico-sdk/src/rp2_common/pico_double/double_aeabi_dcp.S.o
                0x1000236c                __wrap___aeabi_dmul
 .text.__wrap___aeabi_ddiv
                0x100023b0       0x9c CMakeFiles/main.dir/pico-sdk/src/rp2_common/pico_double/double_aeabi_dcp.S.o
                0x100023b8                __wrap___aeabi_ddiv
 .text.__wrap___aeabi_d2f
                0x1000244c       0x1c CMakeFiles/main.dir/pico-sdk/src/rp2_common/pico_double/double_aeabi_dcp.S.o
                0x10002454                double2float
                0x10002454                __wrap___aeabi_d2f
 .text.__wrap___aeabi_i2d
                0x10002468       0x24 CMakeFiles/main.dir/pico-sdk/src/rp2_common/pico_double/double_aeabi_dcp.S.o
                0x10002470                __wrap___aeabi_i2d
                0x10002470                int2double
 .text.__wrap___aeabi_ui2d
                0x1000248c       0x24 CMakeFiles/main.dir/pico-sdk/src/rp2_common/pico_double/double_aeabi_dcp.S.o
                0x10002494                __wrap___aeabi_ui2d
                0x10002494                uint2double
 .text.__wrap___aeabi_d2iz
                0x100024b0       0x24 CMakeFiles/main.dir/pico-sdk/src/rp2_common/pico_double/double_aeabi_dcp.S.o
                0x100024b8                __wrap___aeabi_d2iz
                0x100024b8                double2int_z
 .text.__wrap___aeabi_d2uiz
                0x100024d4       0x24 CMakeFiles/main.dir/pico-sdk/src/rp2_common/pico_double/double_aeabi_dcp.S.o
                0x100024dc                double2uint_z
                0x100024dc                double2uint
                0x100024dc                __wrap___aeabi_d2uiz
 .text.__wrap___aeabi_dcmpun
                0x100024f8       0x24 CMakeFiles/main.dir/pico-sdk/src/rp2_common/pico_double/double_aeabi_dcp.S.o
                0x10002500                __wrap___aeabi_dcmpun
 .text.__wrap___aeabi_dcmpeq
                0x1000251c       0x24 CMakeFiles/main.dir/pico-sdk/src/rp2_common/pico_double/double_aeabi_dcp.S.o
                0x10002524                __wrap___aeabi_dcmpeq
 .text.__wrap___aeabi_dcmplt
                0x10002540       0x28 CMakeFiles/main.dir/pico-sdk/src/rp2_common/pico_double/double_aeabi_dcp.S.o
                0x10002548                __wrap___aeabi_dcmplt
 .text.__wrap___aeabi_dcmple
                0x10002568       0x28 CMakeFiles/main.dir/pico-sdk/src/rp2_common/pico_double/double_aeabi_dcp.S.o
                0x10002570                __wrap___aeabi_dcmple
 .text.__wrap___aeabi_dcmpge
                0x10002590       0x28 CMakeFiles/main.dir/pico-sdk/src/rp2_common/pico_double/double_aeabi_dcp.S.o
                0x10002598                __wrap___aeabi_dcmpge
 .text.__wrap___aeabi_dcmpgt
                0x100025b8       0x28 CMakeFiles/main.dir/pico-sdk/src/rp2_common/pico_double/double_aeabi_dcp.S.o
                0x100025c0                __wrap___aeabi_dcmpgt
 .text.dpack    0x100025e0       0x58 CMakeFiles/main.dir/pico-sdk/src/rp2_common/pico_double/double_sci_m33.S.o
 .text.dreduce  0x10002638       0x7a CMakeFiles/main.dir/pico-sdk/src/rp2_common/pico_double/double_sci_m33.S.o
 *fill*         0x100026b2        0x2 
 .text.exptab   0x100026b4      0x1fc CMakeFiles/main.dir/pico-sdk/src/rp2_common/pico_double/double_sci_m33.S.o
                0x100026b4                exptab0
                0x10002714                exptab1
                0x100027a4                exptab2
                0x10002824                logtab0
 .text.__wrap_exp
                0x100028b0      0x148 CMakeFiles/main.dir/pico-sdk/src/rp2_common/pico_double/double_sci_m33.S.o
                0x100028da                __wrap_exp
 .text.__wrap_log
                0x100029f8      0x358 CMakeFiles/main.dir/pico-sdk/src/rp2_common/pico_double/double_sci_m33.S.o
                0x10002bd6                __wrap_log
 .text.__wrap_asinf
                0x10002d50       0x64 CMakeFiles/main.dir/pico-sdk/src/rp2_common/pico_float/float_math.c.o
                0x10002d50                __wrap_asinf
 .text.__wrap_atan2f
                0x10002db4      0x2cc CMakeFiles/main.dir/pico-sdk/src/rp2_common/pico_float/float_sci_m33_vfp.S.o
                0x10002e10                __wrap_atan2f
 .text._out_null
                0x10003080        0x4 CMakeFiles/main.dir/pico-sdk/src/rp2_common/pico_printf/printf.c.o
 .text._out_rev
                0x10003084       0x9c CMakeFiles/main.dir/pico-sdk/src/rp2_common/pico_printf/printf.c.o
 .text._ntoa_format
                0x10003120      0x2a4 CMakeFiles/main.dir/pico-sdk/src/rp2_common/pico_printf/printf.c.o
 .text._out_char
                0x100033c4        0x8 CMakeFiles/main.dir/pico-sdk/src/rp2_common/pico_printf/printf.c.o
 .text._out_fct
                0x100033cc        0xc CMakeFiles/main.dir/pico-sdk/src/rp2_common/pico_printf/printf.c.o
 .text._etoa    0x100033d8      0x460 CMakeFiles/main.dir/pico-sdk/src/rp2_common/pico_printf/printf.c.o
 .text._ftoa    0x10003838      0x3f4 CMakeFiles/main.dir/pico-sdk/src/rp2_common/pico_printf/printf.c.o
 .text._vsnprintf
                0x10003c2c      0x9e8 CMakeFiles/main.dir/pico-sdk/src/rp2_common/pico_printf/printf.c.o
 .text.vfctprintf
                0x10004614       0x28 CMakeFiles/main.dir/pico-sdk/src/rp2_common/pico_printf/printf.c.o
                0x10004614                vfctprintf
 .text.weak_raw_vprintf
                0x1000463c       0x30 CMakeFiles/main.dir/pico-sdk/src/rp2_common/pico_printf/printf.c.o
                0x1000463c                weak_raw_vprintf
 .text._exit    0x1000466c        0x4 CMakeFiles/main.dir/pico-sdk/src/rp2_common/pico_clib_interface/newlib_interface.c.o
                0x1000466c                _exit
 .text.exit     0x10004670        0x8 CMakeFiles/main.dir/pico-sdk/src/rp2_common/pico_clib_interface/newlib_interface.c.o
                0x10004670                exit
 .text.runtime_init
                0x10004678       0x24 CMakeFiles/main.dir/pico-sdk/src/rp2_common/pico_clib_interface/newlib_interface.c.o
                0x10004678                runtime_init
 .text.stdio_out_chars_no_crlf
                0x1000469c        0x8 CMakeFiles/main.dir/pico-sdk/src/rp2_common/pico_stdio/stdio.c.o
 .text.stdio_out_chars_crlf
                0x100046a4       0xac CMakeFiles/main.dir/pico-sdk/src/rp2_common/pico_stdio/stdio.c.o
 .text.stdio_buffered_printer
                0x10004750       0x60 CMakeFiles/main.dir/pico-sdk/src/rp2_common/pico_stdio/stdio.c.o
 .text.stdio_put_string
                0x100047b0       0xf0 CMakeFiles/main.dir/pico-sdk/src/rp2_common/pico_stdio/stdio.c.o
                0x100047b0                stdio_put_string
 .text.stdio_set_driver_enabled
                0x100048a0       0x30 CMakeFiles/main.dir/pico-sdk/src/rp2_common/pico_stdio/stdio.c.o
                0x100048a0                stdio_set_driver_enabled
 .text.stdio_init_all
                0x100048d0        0x4 CMakeFiles/main.dir/pico-sdk/src/rp2_common/pico_stdio/stdio.c.o
                0x100048d0                stdio_init_all
 .text.__wrap_putchar
                0x100048d4       0x84 CMakeFiles/main.dir/pico-sdk/src/rp2_common/pico_stdio/stdio.c.o
                0x100048d4                stdio_putchar
                0x100048d4                __wrap_putchar
 .text.__wrap_puts
                0x10004958       0x3c CMakeFiles/main.dir/pico-sdk/src/rp2_common/pico_stdio/stdio.c.o
                0x10004958                __wrap_puts
                0x10004958                stdio_puts
 .text.__wrap_vprintf
                0x10004994       0xc8 CMakeFiles/main.dir/pico-sdk/src/rp2_common/pico_stdio/stdio.c.o
                0x10004994                __wrap_vprintf
                0x10004994                stdio_vprintf
 .text.__wrap_printf
                0x10004a5c       0x1c CMakeFiles/main.dir/pico-sdk/src/rp2_common/pico_stdio/stdio.c.o
                0x10004a5c                stdio_printf
                0x10004a5c                __wrap_printf
 .text.resetd_init
                0x10004a78        0x4 CMakeFiles/main.dir/pico-sdk/src/rp2_common/pico_stdio_usb/reset_interface.c.o
 .text.resetd_reset
                0x10004a7c        0xc CMakeFiles/main.dir/pico-sdk/src/rp2_common/pico_stdio_usb/reset_interface.c.o
 .text.resetd_open
                0x10004a88       0x28 CMakeFiles/main.dir/pico-sdk/src/rp2_common/pico_stdio_usb/reset_interface.c.o
 .text.resetd_xfer_cb
                0x10004ab0        0x4 CMakeFiles/main.dir/pico-sdk/src/rp2_common/pico_stdio_usb/reset_interface.c.o
 .text.resetd_control_xfer_cb
                0x10004ab4       0x50 CMakeFiles/main.dir/pico-sdk/src/rp2_common/pico_stdio_usb/reset_interface.c.o
 .text.tud_descriptor_bos_cb
                0x10004b04        0x8 CMakeFiles/main.dir/pico-sdk/src/rp2_common/pico_stdio_usb/reset_interface.c.o
                0x10004b04                tud_descriptor_bos_cb
 .text.tud_vendor_control_xfer_cb
                0x10004b0c       0x28 CMakeFiles/main.dir/pico-sdk/src/rp2_common/pico_stdio_usb/reset_interface.c.o
                0x10004b0c                tud_vendor_control_xfer_cb
 .text.usbd_app_driver_get_cb
                0x10004b34       0x10 CMakeFiles/main.dir/pico-sdk/src/rp2_common/pico_stdio_usb/reset_interface.c.o
                0x10004b34                usbd_app_driver_get_cb
 .text.tud_cdc_line_coding_cb
                0x10004b44       0x18 CMakeFiles/main.dir/pico-sdk/src/rp2_common/pico_stdio_usb/reset_interface.c.o
                0x10004b44                tud_cdc_line_coding_cb
 .text.stdio_usb_set_chars_available_callback
                0x10004b5c       0x14 CMakeFiles/main.dir/pico-sdk/src/rp2_common/pico_stdio_usb/stdio_usb.c.o
                0x10004b5c                stdio_usb_set_chars_available_callback
 .text.timer_task
                0x10004b70       0x70 CMakeFiles/main.dir/pico-sdk/src/rp2_common/pico_stdio_usb/stdio_usb.c.o
 .text.usb_irq  0x10004be0        0xc CMakeFiles/main.dir/pico-sdk/src/rp2_common/pico_stdio_usb/stdio_usb.c.o
 .text.stdio_usb_in_chars
                0x10004bec       0x88 CMakeFiles/main.dir/pico-sdk/src/rp2_common/pico_stdio_usb/stdio_usb.c.o
                0x10004bec                stdio_usb_in_chars
 .text.stdio_usb_out_flush
                0x10004c74       0x54 CMakeFiles/main.dir/pico-sdk/src/rp2_common/pico_stdio_usb/stdio_usb.c.o
 .text.stdio_usb_out_chars
                0x10004cc8       0xf4 CMakeFiles/main.dir/pico-sdk/src/rp2_common/pico_stdio_usb/stdio_usb.c.o
 .text.low_priority_worker_irq
                0x10004dbc       0xd8 CMakeFiles/main.dir/pico-sdk/src/rp2_common/pico_stdio_usb/stdio_usb.c.o
 .text.stdio_usb_init
                0x10004e94       0xe8 CMakeFiles/main.dir/pico-sdk/src/rp2_common/pico_stdio_usb/stdio_usb.c.o
                0x10004e94                stdio_usb_init
 .text.tud_descriptor_device_cb
                0x10004f7c        0x8 CMakeFiles/main.dir/pico-sdk/src/rp2_common/pico_stdio_usb/stdio_usb_descriptors.c.o
                0x10004f7c                tud_descriptor_device_cb
 .text.tud_descriptor_configuration_cb
                0x10004f84        0x8 CMakeFiles/main.dir/pico-sdk/src/rp2_common/pico_stdio_usb/stdio_usb_descriptors.c.o
                0x10004f84                tud_descriptor_configuration_cb
 .text.tud_descriptor_string_cb
                0x10004f8c       0x70 CMakeFiles/main.dir/pico-sdk/src/rp2_common/pico_stdio_usb/stdio_usb_descriptors.c.o
                0x10004f8c                tud_descriptor_string_cb
 .text.startup._retrieve_unique_id_on_boot
                0x10004ffc       0x30 CMakeFiles/main.dir/pico-sdk/src/rp2_common/pico_unique_id/unique_id.c.o
 .text.pico_get_unique_board_id_string
                0x1000502c      0x184 CMakeFiles/main.dir/pico-sdk/src/rp2_common/pico_unique_id/unique_id.c.o
                0x1000502c                pico_get_unique_board_id_string
 .text.dcd_init
                0x100051b0       0x90 CMakeFiles/main.dir/pico-sdk/lib/tinyusb/src/portable/raspberrypi/rp2040/dcd_rp2040.c.o
                0x100051b0                dcd_init
 .text.dcd_int_enable
                0x10005240        0x8 CMakeFiles/main.dir/pico-sdk/lib/tinyusb/src/portable/raspberrypi/rp2040/dcd_rp2040.c.o
                0x10005240                dcd_int_enable
 .text.dcd_set_address
                0x10005248       0x10 CMakeFiles/main.dir/pico-sdk/lib/tinyusb/src/portable/raspberrypi/rp2040/dcd_rp2040.c.o
                0x10005248                dcd_set_address
 .text.dcd_sof_enable
                0x10005258       0x1c CMakeFiles/main.dir/pico-sdk/lib/tinyusb/src/portable/raspberrypi/rp2040/dcd_rp2040.c.o
                0x10005258                dcd_sof_enable
 .text.dcd_edpt0_status_complete
                0x10005274       0x1c CMakeFiles/main.dir/pico-sdk/lib/tinyusb/src/portable/raspberrypi/rp2040/dcd_rp2040.c.o
                0x10005274                dcd_edpt0_status_complete
 .text.dcd_edpt_open
                0x10005290      0x108 CMakeFiles/main.dir/pico-sdk/lib/tinyusb/src/portable/raspberrypi/rp2040/dcd_rp2040.c.o
                0x10005290                dcd_edpt_open
 .text.dcd_edpt_close_all
                0x10005398        0x4 CMakeFiles/main.dir/pico-sdk/lib/tinyusb/src/portable/raspberrypi/rp2040/dcd_rp2040.c.o
                0x10005398                dcd_edpt_close_all
 .text.dcd_edpt_xfer
                0x1000539c       0x28 CMakeFiles/main.dir/pico-sdk/lib/tinyusb/src/portable/raspberrypi/rp2040/dcd_rp2040.c.o
                0x1000539c                dcd_edpt_xfer
 .text.dcd_edpt_stall
                0x100053c4       0x2c CMakeFiles/main.dir/pico-sdk/lib/tinyusb/src/portable/raspberrypi/rp2040/dcd_rp2040.c.o
                0x100053c4                dcd_edpt_stall
 .text.dcd_edpt_clear_stall
                0x100053f0       0x2c CMakeFiles/main.dir/pico-sdk/lib/tinyusb/src/portable/raspberrypi/rp2040/dcd_rp2040.c.o
                0x100053f0                dcd_edpt_clear_stall
 .text.rp2040_usb_init
                0x1000541c       0x40 CMakeFiles/main.dir/pico-sdk/lib/tinyusb/src/portable/raspberrypi/rp2040/rp2040_usb.c.o
                0x1000541c                rp2040_usb_init
 .text.hw_endpoint_xfer_start
                0x1000545c       0x40 CMakeFiles/main.dir/pico-sdk/lib/tinyusb/src/portable/raspberrypi/rp2040/rp2040_usb.c.o
                0x1000545c                hw_endpoint_xfer_start
 .text.configuration_reset
                0x1000549c       0x8c CMakeFiles/main.dir/pico-sdk/lib/tinyusb/src/device/usbd.c.o
 .text.tud_event_hook_cb
                0x10005528        0x4 CMakeFiles/main.dir/pico-sdk/lib/tinyusb/src/device/usbd.c.o
                0x10005528                tud_event_hook_cb
 .text.tud_sof_cb
                0x1000552c        0x4 CMakeFiles/main.dir/pico-sdk/lib/tinyusb/src/device/usbd.c.o
                0x1000552c                tud_sof_cb
 .text.tud_descriptor_device_qualifier_cb
                0x10005530        0x4 CMakeFiles/main.dir/pico-sdk/lib/tinyusb/src/device/usbd.c.o
                0x10005530                tud_descriptor_device_qualifier_cb
 .text.tud_descriptor_other_speed_configuration_cb
                0x10005534        0x4 CMakeFiles/main.dir/pico-sdk/lib/tinyusb/src/device/usbd.c.o
                0x10005534                tud_descriptor_other_speed_configuration_cb
 .text.tud_mount_cb
                0x10005538        0x4 CMakeFiles/main.dir/pico-sdk/lib/tinyusb/src/device/usbd.c.o
                0x10005538                tud_mount_cb
 .text.tud_umount_cb
                0x1000553c        0x4 CMakeFiles/main.dir/pico-sdk/lib/tinyusb/src/device/usbd.c.o
                0x1000553c                tud_umount_cb
 .text.tud_suspend_cb
                0x10005540        0x4 CMakeFiles/main.dir/pico-sdk/lib/tinyusb/src/device/usbd.c.o
                0x10005540                tud_suspend_cb
 .text.tud_resume_cb
                0x10005544        0x4 CMakeFiles/main.dir/pico-sdk/lib/tinyusb/src/device/usbd.c.o
                0x10005544                tud_resume_cb
 .text.tud_mounted
                0x10005548       0x10 CMakeFiles/main.dir/pico-sdk/lib/tinyusb/src/device/usbd.c.o
                0x10005548                tud_mounted
 .text.tud_suspended
                0x10005558       0x10 CMakeFiles/main.dir/pico-sdk/lib/tinyusb/src/device/usbd.c.o
                0x10005558                tud_suspended
 .text.tud_rhport_init
                0x10005568       0xf8 CMakeFiles/main.dir/pico-sdk/lib/tinyusb/src/device/usbd.c.o
                0x10005568                tud_rhport_init
 .text.tud_task_ext
                0x10005660      0x784 CMakeFiles/main.dir/pico-sdk/lib/tinyusb/src/device/usbd.c.o
                0x10005660                tud_task_ext
 .text.usbd_open_edpt_pair
                0x10005de4       0x9c CMakeFiles/main.dir/pico-sdk/lib/tinyusb/src/device/usbd.c.o
                0x10005de4                usbd_open_edpt_pair
 .text.usbd_edpt_open
                0x10005e80       0x44 CMakeFiles/main.dir/pico-sdk/lib/tinyusb/src/device/usbd.c.o
                0x10005e80                usbd_edpt_open
 .text.usbd_edpt_claim
                0x10005ec4       0x24 CMakeFiles/main.dir/pico-sdk/lib/tinyusb/src/device/usbd.c.o
                0x10005ec4                usbd_edpt_claim
 .text.usbd_edpt_release
                0x10005ee8       0x24 CMakeFiles/main.dir/pico-sdk/lib/tinyusb/src/device/usbd.c.o
                0x10005ee8                usbd_edpt_release
 .text.usbd_edpt_xfer
                0x10005f0c       0x70 CMakeFiles/main.dir/pico-sdk/lib/tinyusb/src/device/usbd.c.o
                0x10005f0c                usbd_edpt_xfer
 .text.tud_control_status
                0x10005f7c       0x34 CMakeFiles/main.dir/pico-sdk/lib/tinyusb/src/device/usbd_control.c.o
                0x10005f7c                tud_control_status
 .text.tud_control_xfer
                0x10005fb0       0xac CMakeFiles/main.dir/pico-sdk/lib/tinyusb/src/device/usbd_control.c.o
                0x10005fb0                tud_control_xfer
 .text.usbd_control_reset
                0x1000605c       0x14 CMakeFiles/main.dir/pico-sdk/lib/tinyusb/src/device/usbd_control.c.o
                0x1000605c                usbd_control_reset
 .text.usbd_control_set_complete_callback
                0x10006070        0xc CMakeFiles/main.dir/pico-sdk/lib/tinyusb/src/device/usbd_control.c.o
                0x10006070                usbd_control_set_complete_callback
 .text.usbd_control_set_request
                0x1000607c       0x1c CMakeFiles/main.dir/pico-sdk/lib/tinyusb/src/device/usbd_control.c.o
                0x1000607c                usbd_control_set_request
 .text.usbd_control_xfer_cb
                0x10006098       0xfc CMakeFiles/main.dir/pico-sdk/lib/tinyusb/src/device/usbd_control.c.o
                0x10006098                usbd_control_xfer_cb
 .text._prep_out_transaction.isra.0
                0x10006194       0x74 CMakeFiles/main.dir/pico-sdk/lib/tinyusb/src/class/cdc/cdc_device.c.o
 .text.tud_cdc_n_connected
                0x10006208       0x2c CMakeFiles/main.dir/pico-sdk/lib/tinyusb/src/class/cdc/cdc_device.c.o
                0x10006208                tud_cdc_n_connected
 .text.tud_cdc_n_available
                0x10006234       0x18 CMakeFiles/main.dir/pico-sdk/lib/tinyusb/src/class/cdc/cdc_device.c.o
                0x10006234                tud_cdc_n_available
 .text.tud_cdc_n_read
                0x1000624c       0x8c CMakeFiles/main.dir/pico-sdk/lib/tinyusb/src/class/cdc/cdc_device.c.o
                0x1000624c                tud_cdc_n_read
 .text.tud_cdc_n_write_flush
                0x100062d8       0x8c CMakeFiles/main.dir/pico-sdk/lib/tinyusb/src/class/cdc/cdc_device.c.o
                0x100062d8                tud_cdc_n_write_flush
 .text.tud_cdc_n_write
                0x10006364       0x44 CMakeFiles/main.dir/pico-sdk/lib/tinyusb/src/class/cdc/cdc_device.c.o
                0x10006364                tud_cdc_n_write
 .text.tud_cdc_n_write_available
                0x100063a8       0x18 CMakeFiles/main.dir/pico-sdk/lib/tinyusb/src/class/cdc/cdc_device.c.o
                0x100063a8                tud_cdc_n_write_available
 .text.cdcd_init
                0x100063c0       0x70 CMakeFiles/main.dir/pico-sdk/lib/tinyusb/src/class/cdc/cdc_device.c.o
                0x100063c0                cdcd_init
 .text.cdcd_deinit
                0x10006430       0x2c CMakeFiles/main.dir/pico-sdk/lib/tinyusb/src/class/cdc/cdc_device.c.o
                0x10006430                cdcd_deinit
 .text.cdcd_reset
                0x1000645c       0x4c CMakeFiles/main.dir/pico-sdk/lib/tinyusb/src/class/cdc/cdc_device.c.o
                0x1000645c                cdcd_reset
 .text.cdcd_open
                0x100064a8       0xbc CMakeFiles/main.dir/pico-sdk/lib/tinyusb/src/class/cdc/cdc_device.c.o
                0x100064a8                cdcd_open
 .text.cdcd_control_xfer_cb
                0x10006564       0xc0 CMakeFiles/main.dir/pico-sdk/lib/tinyusb/src/class/cdc/cdc_device.c.o
                0x10006564                cdcd_control_xfer_cb
 .text.cdcd_xfer_cb
                0x10006624       0xfc CMakeFiles/main.dir/pico-sdk/lib/tinyusb/src/class/cdc/cdc_device.c.o
                0x10006624                cdcd_xfer_cb
 .text.vendord_init
                0x10006720       0x5c CMakeFiles/main.dir/pico-sdk/lib/tinyusb/src/class/vendor/vendor_device.c.o
                0x10006720                vendord_init
 .text.vendord_deinit
                0x1000677c       0x1c CMakeFiles/main.dir/pico-sdk/lib/tinyusb/src/class/vendor/vendor_device.c.o
                0x1000677c                vendord_deinit
 .text.vendord_reset
                0x10006798       0x24 CMakeFiles/main.dir/pico-sdk/lib/tinyusb/src/class/vendor/vendor_device.c.o
                0x10006798                vendord_reset
 .text.vendord_open
                0x100067bc      0x104 CMakeFiles/main.dir/pico-sdk/lib/tinyusb/src/class/vendor/vendor_device.c.o
                0x100067bc                vendord_open
 .text.vendord_xfer_cb
                0x100068c0       0x88 CMakeFiles/main.dir/pico-sdk/lib/tinyusb/src/class/vendor/vendor_device.c.o
                0x100068c0                vendord_xfer_cb
 .text.tusb_rhport_init
                0x10006948       0x60 CMakeFiles/main.dir/pico-sdk/lib/tinyusb/src/tusb.c.o
                0x10006948                tusb_rhport_init
 .text.tu_edpt_claim
                0x100069a8       0x54 CMakeFiles/main.dir/pico-sdk/lib/tinyusb/src/tusb.c.o
                0x100069a8                tu_edpt_claim
 .text.tu_edpt_release
                0x100069fc       0x38 CMakeFiles/main.dir/pico-sdk/lib/tinyusb/src/tusb.c.o
                0x100069fc                tu_edpt_release
 .text.tu_edpt_validate
                0x10006a34       0x64 CMakeFiles/main.dir/pico-sdk/lib/tinyusb/src/tusb.c.o
                0x10006a34                tu_edpt_validate
 .text.tu_edpt_bind_driver
                0x10006a98       0x58 CMakeFiles/main.dir/pico-sdk/lib/tinyusb/src/tusb.c.o
                0x10006a98                tu_edpt_bind_driver
 .text.tu_edpt_stream_init
                0x10006af0       0x58 CMakeFiles/main.dir/pico-sdk/lib/tinyusb/src/tusb.c.o
                0x10006af0                tu_edpt_stream_init
 .text.tu_edpt_stream_deinit
                0x10006b48        0x4 CMakeFiles/main.dir/pico-sdk/lib/tinyusb/src/tusb.c.o
                0x10006b48                tu_edpt_stream_deinit
 .text.tu_edpt_stream_write_zlp_if_needed
                0x10006b4c       0x68 CMakeFiles/main.dir/pico-sdk/lib/tinyusb/src/tusb.c.o
                0x10006b4c                tu_edpt_stream_write_zlp_if_needed
 .text.tu_edpt_stream_write_xfer
                0x10006bb4       0x70 CMakeFiles/main.dir/pico-sdk/lib/tinyusb/src/tusb.c.o
                0x10006bb4                tu_edpt_stream_write_xfer
 .text.tu_edpt_stream_read_xfer
                0x10006c24       0xd0 CMakeFiles/main.dir/pico-sdk/lib/tinyusb/src/tusb.c.o
                0x10006c24                tu_edpt_stream_read_xfer
 .text.tu_fifo_config
                0x10006cf4       0x60 CMakeFiles/main.dir/pico-sdk/lib/tinyusb/src/common/tusb_fifo.c.o
                0x10006cf4                tu_fifo_config
 .text.tu_fifo_count
                0x10006d54       0x20 CMakeFiles/main.dir/pico-sdk/lib/tinyusb/src/common/tusb_fifo.c.o
                0x10006d54                tu_fifo_count
 .text.tu_fifo_empty
                0x10006d74       0x14 CMakeFiles/main.dir/pico-sdk/lib/tinyusb/src/common/tusb_fifo.c.o
                0x10006d74                tu_fifo_empty
 .text.tu_fifo_remaining
                0x10006d88       0x24 CMakeFiles/main.dir/pico-sdk/lib/tinyusb/src/common/tusb_fifo.c.o
                0x10006d88                tu_fifo_remaining
 .text.tu_fifo_read
                0x10006dac       0x94 CMakeFiles/main.dir/pico-sdk/lib/tinyusb/src/common/tusb_fifo.c.o
                0x10006dac                tu_fifo_read
 .text.tu_fifo_read_n
                0x10006e40       0xd8 CMakeFiles/main.dir/pico-sdk/lib/tinyusb/src/common/tusb_fifo.c.o
                0x10006e40                tu_fifo_read_n
 .text.tu_fifo_write
                0x10006f18       0xa0 CMakeFiles/main.dir/pico-sdk/lib/tinyusb/src/common/tusb_fifo.c.o
                0x10006f18                tu_fifo_write
 .text.tu_fifo_write_n
                0x10006fb8      0x158 CMakeFiles/main.dir/pico-sdk/lib/tinyusb/src/common/tusb_fifo.c.o
                0x10006fb8                tu_fifo_write_n
 .text.tu_fifo_clear
                0x10007110       0x38 CMakeFiles/main.dir/pico-sdk/lib/tinyusb/src/common/tusb_fifo.c.o
                0x10007110                tu_fifo_clear
 .text.tu_fifo_set_overwritable
                0x10007148       0x3c CMakeFiles/main.dir/pico-sdk/lib/tinyusb/src/common/tusb_fifo.c.o
                0x10007148                tu_fifo_set_overwritable
 .text.i2c_write_blocking_internal
                0x10007184      0x180 CMakeFiles/main.dir/pico-sdk/src/rp2_common/hardware_i2c/i2c.c.o
 .text.i2c_read_blocking_internal
                0x10007304       0xac CMakeFiles/main.dir/pico-sdk/src/rp2_common/hardware_i2c/i2c.c.o
 .text.i2c_read_blocking_internal.constprop.0
                0x100073b0       0x70 CMakeFiles/main.dir/pico-sdk/src/rp2_common/hardware_i2c/i2c.c.o
 .text.i2c_set_baudrate
                0x10007420       0xa8 CMakeFiles/main.dir/pico-sdk/src/rp2_common/hardware_i2c/i2c.c.o
                0x10007420                i2c_set_baudrate
 .text.i2c_init
                0x100074c8       0x4c CMakeFiles/main.dir/pico-sdk/src/rp2_common/hardware_i2c/i2c.c.o
                0x100074c8                i2c_init
 .text.i2c_write_blocking_until
                0x10007514       0x3c CMakeFiles/main.dir/pico-sdk/src/rp2_common/hardware_i2c/i2c.c.o
                0x10007514                i2c_write_blocking_until
 .text.i2c_read_blocking
                0x10007550       0x10 CMakeFiles/main.dir/pico-sdk/src/rp2_common/hardware_i2c/i2c.c.o
                0x10007550                i2c_read_blocking
 .text.i2c_read_blocking_until
                0x10007560       0x3c CMakeFiles/main.dir/pico-sdk/src/rp2_common/hardware_i2c/i2c.c.o
                0x10007560                i2c_read_blocking_until
 .text._Z12i2chal_closeP9sh2_Hal_s
                0x1000759c        0x4 BNO08x_Pico_Library/libBNO08x_Pico_Library.a(bno08x.cpp.o)
                0x1000759c                i2chal_close(sh2_Hal_s*)
 .text._Z12hal_callbackPvP14sh2_AsyncEvent
                0x100075a0        0xc BNO08x_Pico_Library/libBNO08x_Pico_Library.a(bno08x.cpp.o)
                0x100075a0                hal_callback(void*, sh2_AsyncEvent*)
 .text._Z13hal_getTimeUsP9sh2_Hal_s
                0x100075ac        0x8 BNO08x_Pico_Library/libBNO08x_Pico_Library.a(bno08x.cpp.o)
                0x100075ac                hal_getTimeUs(sh2_Hal_s*)
 .text._Z13sensorHandlerPvP15sh2_SensorEvent
                0x100075b4       0x18 BNO08x_Pico_Library/libBNO08x_Pico_Library.a(bno08x.cpp.o)
                0x100075b4                sensorHandler(void*, sh2_SensorEvent*)
 .text._Z11i2chal_openP9sh2_Hal_s
                0x100075cc       0xdc BNO08x_Pico_Library/libBNO08x_Pico_Library.a(bno08x.cpp.o)
                0x100075cc                i2chal_open(sh2_Hal_s*)
 .text._Z12i2chal_writeP9sh2_Hal_sPhj
                0x100076a8       0x98 BNO08x_Pico_Library/libBNO08x_Pico_Library.a(bno08x.cpp.o)
                0x100076a8                i2chal_write(sh2_Hal_s*, unsigned char*, unsigned int)
 .text._Z11i2chal_readP9sh2_Hal_sPhjPm
                0x10007740      0x1f0 BNO08x_Pico_Library/libBNO08x_Pico_Library.a(bno08x.cpp.o)
                0x10007740                i2chal_read(sh2_Hal_s*, unsigned char*, unsigned int, unsigned long*)
 .text._ZN6BNO08x5beginEhP8i2c_instaa
                0x10007930      0x12c BNO08x_Pico_Library/libBNO08x_Pico_Library.a(bno08x.cpp.o)
                0x10007930                BNO08x::begin(unsigned char, i2c_inst*, signed char, signed char)
 *fill*         0x10007a5c        0x4 
 .text._ZN6BNO08x7getRollEv
                0x10007a60       0xdc BNO08x_Pico_Library/libBNO08x_Pico_Library.a(bno08x.cpp.o)
                0x10007a60                BNO08x::getRoll()
 *fill*         0x10007b3c        0x4 
 .text._ZN6BNO08x8getPitchEv
                0x10007b40       0xe0 BNO08x_Pico_Library/libBNO08x_Pico_Library.a(bno08x.cpp.o)
                0x10007b40                BNO08x::getPitch()
 .text._ZN6BNO08x6getYawEv
                0x10007c20       0xdc BNO08x_Pico_Library/libBNO08x_Pico_Library.a(bno08x.cpp.o)
                0x10007c20                BNO08x::getYaw()
 .text._ZN6BNO08x20enableRotationVectorEt
                0x10007cfc       0x30 BNO08x_Pico_Library/libBNO08x_Pico_Library.a(bno08x.cpp.o)
                0x10007cfc                BNO08x::enableRotationVector(unsigned short)
 .text._ZN6BNO08x14getSensorEventEv
                0x10007d2c       0x2c BNO08x_Pico_Library/libBNO08x_Pico_Library.a(bno08x.cpp.o)
                0x10007d2c                BNO08x::getSensorEvent()
 .text._ZN6BNO08x16getSensorEventIDEv
                0x10007d58        0x8 BNO08x_Pico_Library/libBNO08x_Pico_Library.a(bno08x.cpp.o)
                0x10007d58                BNO08x::getSensorEventID()
 .text._Z14i2cBusRecoveryjj
                0x10007d60       0x90 BNO08x_Pico_Library/libBNO08x_Pico_Library.a(utils.cpp.o)
                0x10007d60                i2cBusRecovery(unsigned int, unsigned int)
 .text._Z7initI2CRP8i2c_instb
                0x10007df0       0x70 BNO08x_Pico_Library/libBNO08x_Pico_Library.a(utils.cpp.o)
                0x10007df0                initI2C(i2c_inst*&, bool)
 .text._Z14handleI2CErrorRP8i2c_inst
                0x10007e60       0x80 BNO08x_Pico_Library/libBNO08x_Pico_Library.a(utils.cpp.o)
                0x10007e60                handleI2CError(i2c_inst*&)
 .text          0x10007ee0     0x1eac BNO08x_Pico_Library/sh2/libsh2.a(sh2.c.o)
                0x10008c74                sh2_open
                0x10008d90                sh2_close
                0x10008db0                sh2_service
                0x10008dbc                sh2_setSensorCallback
                0x10008dcc                sh2_devReset
                0x10008df0                sh2_devOn
                0x10008e18                sh2_devSleep
                0x10008e40                sh2_getProdIds
                0x10008ebc                sh2_getSensorConfig
                0x10008f3c                sh2_setSensorConfig
                0x10008fa0                sh2_getMetadata
                0x1000917c                sh2_getFrs
                0x10009218                sh2_setFrs
                0x100092b8                sh2_getErrors
                0x10009378                sh2_getCounts
                0x10009434                sh2_clearCounts
                0x100094c4                sh2_setTareNow
                0x1000955c                sh2_clearTare
                0x100095e8                sh2_persistTare
                0x10009674                sh2_setReorientation
                0x10009774                sh2_reinitialize
                0x10009818                sh2_saveDcdNow
                0x100098b8                sh2_getOscType
                0x1000995c                sh2_setCalConfig
                0x100099b0                sh2_getCalConfig
                0x10009a58                sh2_setDcdAutoSave
                0x10009af0                sh2_flush
                0x10009b6c                sh2_clearDcdAndReset
                0x10009bf4                sh2_startCal
                0x10009c54                sh2_finishCal
                0x10009cfc                sh2_setIZro
 .text          0x10009d8c      0xff8 BNO08x_Pico_Library/sh2/libsh2.a(shtp.c.o)
                0x1000a4b4                shtp_open
                0x1000a634                shtp_close
                0x1000a650                shtp_setEventCallback
                0x1000a658                shtp_listenChan
                0x1000a810                shtp_listenAdvert
                0x1000a860                shtp_chanNo
                0x1000a98c                shtp_send
                0x1000ac0c                shtp_service
 .text          0x1000ad84       0x40 BNO08x_Pico_Library/sh2/libsh2.a(sh2_util.c.o)
                0x1000ad84                readu8
                0x1000ad88                writeu8
                0x1000ad8c                readu16
                0x1000ad90                writeu16
                0x1000ad98                readu32
                0x1000ad9c                writeu32
                0x1000ada0                read8
                0x1000ada8                write8
                0x1000adac                read16
                0x1000adb4                write16
                0x1000adbc                read32
                0x1000adc0                write32
 .text          0x1000adc4      0x4b0 BNO08x_Pico_Library/sh2/libsh2.a(sh2_SensorValue.c.o)
                0x1000adc4                sh2_decodeSensorEvent
 .text          0x1000b274       0xa4 /usr/lib/gcc/arm-none-eabi/13.2.1/../../../arm-none-eabi/lib/thumb/v8-m.main+fp/softfp/libg.a(libc_a-memset.o)
                0x1000b274                memset
 .text          0x1000b318      0x1bc /usr/lib/gcc/arm-none-eabi/13.2.1/../../../arm-none-eabi/lib/thumb/v8-m.main+fp/softfp/libg.a(libc_a-strcmp.o)
                0x1000b318                strcmp
 .text          0x1000b4d4       0x48 /usr/lib/gcc/arm-none-eabi/13.2.1/../../../arm-none-eabi/lib/thumb/v8-m.main+fp/softfp/libg.a(libc_a-stpcpy.o)
                0x1000b4d4                stpcpy
 .text          0x1000b51c        0xc /usr/lib/gcc/arm-none-eabi/13.2.1/../../../arm-none-eabi/lib/thumb/v8-m.main+fp/softfp/libg.a(libc_a-errno.o)
                0x1000b51c                __errno
 .text          0x1000b528       0xec /usr/lib/gcc/arm-none-eabi/13.2.1/../../../arm-none-eabi/lib/thumb/v8-m.main+fp/softfp/libg.a(libc_a-memcpy.o)
                0x1000b528                memcpy
 .text          0x1000b614        0xc /usr/lib/gcc/arm-none-eabi/13.2.1/../../../arm-none-eabi/lib/thumb/v8-m.main+fp/softfp/libg.a(libc_a-atexit.o)
                0x1000b614                atexit
 .text          0x1000b620       0x5c /usr/lib/gcc/arm-none-eabi/13.2.1/../../../arm-none-eabi/lib/thumb/v8-m.main+fp/softfp/libg.a(libc_a-strlen-stub.o)
                0x1000b620                strlen
 .text          0x1000b67c       0xbc /usr/lib/gcc/arm-none-eabi/13.2.1/../../../arm-none-eabi/lib/thumb/v8-m.main+fp/softfp/libg.a(libc_a-strcpy.o)
                0x1000b67c                strcpy
 .text          0x1000b738       0x28 /usr/lib/gcc/arm-none-eabi/13.2.1/../../../arm-none-eabi/lib/thumb/v8-m.main+fp/softfp/libg.a(libc_a-fini.o)
                0x1000b738                __libc_fini_array
 .text          0x1000b760       0x64 /usr/lib/gcc/arm-none-eabi/13.2.1/../../../arm-none-eabi/lib/thumb/v8-m.main+fp/softfp/libg.a(libc_a-__atexit.o)
                0x1000b760                __register_exitproc
 .text.startup  0x1000b7c4       0x14 /usr/lib/gcc/arm-none-eabi/13.2.1/../../../arm-none-eabi/lib/thumb/v8-m.main+fp/softfp/libg.a(libc_a-__call_atexit.o)
 *(.fini)
 .fini          0x1000b7d8        0x4 /usr/lib/gcc/arm-none-eabi/13.2.1/thumb/v8-m.main+fp/softfp/crti.o
                0x1000b7d8                _fini
 *fill*         0x1000b7dc        0x4 
 .fini.__stub   0x1000b7e0       0x60 linker stubs
 *crtbegin.o(.ctors)
 *crtbegin?.o(.ctors)
 *(EXCLUDE_FILE(*crtend.o *crtend?.o) .ctors)
 *(SORT_BY_NAME(.ctors.*))
 *(.ctors)
 *crtbegin.o(.dtors)
 *crtbegin?.o(.dtors)
 *(EXCLUDE_FILE(*crtend.o *crtend?.o) .dtors)
 *(SORT_BY_NAME(.dtors.*))
 *(.dtors)
                0x1000b840                        . = ALIGN (0x4)
                0x1000b840                        PROVIDE (__preinit_array_start = .)
 *(SORT_BY_NAME(.preinit_array.*))
 .preinit_array.00050
                0x1000b840        0x4 CMakeFiles/main.dir/pico-sdk/src/rp2_common/pico_runtime_init/runtime_init.c.o
                0x1000b840                __pre_init_runtime_init_bootrom_reset
 .preinit_array.00100
                0x1000b844        0x4 CMakeFiles/main.dir/pico-sdk/src/rp2_common/pico_runtime_init/runtime_init.c.o
                0x1000b844                __pre_init_runtime_init_early_resets
 .preinit_array.00101
                0x1000b848        0x4 CMakeFiles/main.dir/pico-sdk/src/rp2_common/pico_runtime_init/runtime_init.c.o
                0x1000b848                __pre_init_runtime_init_usb_power_down
 .preinit_array.00500
                0x1000b84c        0x4 CMakeFiles/main.dir/pico-sdk/src/rp2_common/pico_runtime_init/runtime_init.c.o
                0x1000b84c                __pre_init_runtime_init_clocks
 .preinit_array.00600
                0x1000b850        0x4 CMakeFiles/main.dir/pico-sdk/src/rp2_common/pico_runtime_init/runtime_init.c.o
                0x1000b850                __pre_init_runtime_init_post_clock_resets
 .preinit_array.01000
                0x1000b854        0x4 CMakeFiles/main.dir/pico-sdk/src/rp2_common/hardware_boot_lock/boot_lock.c.o
                0x1000b854                __pre_init_runtime_init_boot_locks_reset
 .preinit_array.01000
                0x1000b858        0x4 CMakeFiles/main.dir/pico-sdk/src/rp2_common/pico_runtime_init/runtime_init.c.o
                0x1000b858                __pre_init_runtime_init_spin_locks_reset
 .preinit_array.01010
                0x1000b85c        0x4 CMakeFiles/main.dir/pico-sdk/src/rp2_common/pico_bootrom/bootrom_lock.c.o
                0x1000b85c                __pre_init_runtime_init_bootrom_locking_enable
 .preinit_array.01100
                0x1000b860        0x4 CMakeFiles/main.dir/pico-sdk/src/common/pico_sync/mutex.c.o
                0x1000b860                __pre_init_runtime_init_mutex
 .preinit_array.10080
                0x1000b864        0x4 CMakeFiles/main.dir/pico-sdk/src/rp2_common/pico_runtime_init/runtime_init.c.o
                0x1000b864                __pre_init_runtime_init_install_ram_vector_table
 .preinit_array.11000
                0x1000b868        0x4 CMakeFiles/main.dir/pico-sdk/src/common/pico_time/time.c.o
                0x1000b868                __pre_init_runtime_init_default_alarm_pool
 .preinit_array.YYYYY
                0x1000b86c        0x4 CMakeFiles/main.dir/pico-sdk/src/rp2_common/pico_runtime/runtime.c.o
                0x1000b86c                __pre_init_first_per_core_initializer
 .preinit_array.ZZZZZ.00051
                0x1000b870        0x4 CMakeFiles/main.dir/pico-sdk/src/rp2_common/pico_runtime_init/runtime_init.c.o
                0x1000b870                __pre_init_runtime_init_per_core_bootrom_reset
 .preinit_array.ZZZZZ.00200
                0x1000b874        0x4 CMakeFiles/main.dir/pico-sdk/src/rp2_common/pico_runtime_init/runtime_init.c.o
                0x1000b874                __pre_init_runtime_init_per_core_enable_coprocessors
 .preinit_array.ZZZZZ.01000
                0x1000b878        0x4 CMakeFiles/main.dir/pico-sdk/src/rp2_common/hardware_sync_spin_lock/sync_spin_lock.c.o
                0x1000b878                __pre_init_spinlock_set_extexclall
 .preinit_array.ZZZZZ.01200
                0x1000b87c        0x4 CMakeFiles/main.dir/pico-sdk/src/rp2_common/hardware_irq/irq.c.o
                0x1000b87c                __pre_init_runtime_init_per_core_irq_priorities
 *(.preinit_array)
                0x1000b880                        PROVIDE (__preinit_array_end = .)
                0x1000b880                        . = ALIGN (0x4)
                0x1000b880                        PROVIDE (__init_array_start = .)
 *(SORT_BY_NAME(.init_array.*))
 .init_array.00000
                0x1000b880        0x4 /usr/lib/gcc/arm-none-eabi/13.2.1/../../../arm-none-eabi/lib/thumb/v8-m.main+fp/softfp/libg.a(libc_a-__call_atexit.o)
 .init_array.01000
                0x1000b884        0x4 CMakeFiles/main.dir/pico-sdk/src/rp2_common/pico_unique_id/unique_id.c.o
 *(.init_array)
 .init_array    0x1000b888        0x4 /usr/lib/gcc/arm-none-eabi/13.2.1/thumb/v8-m.main+fp/softfp/crtbegin.o
 .init_array    0x1000b88c        0x4 CMakeFiles/main.dir/src/main.cpp.o
                0x1000b890                        PROVIDE (__init_array_end = .)
                0x1000b890                        . = ALIGN (0x4)
                0x1000b890                        PROVIDE (__fini_array_start = .)
 *(SORT_BY_NAME(.fini_array.*))
 *(.fini_array)
                0x1000b890                        PROVIDE (__fini_array_end = .)
 *(.eh_frame*)
 .eh_frame      0x1000b890        0x0 /usr/lib/gcc/arm-none-eabi/13.2.1/thumb/v8-m.main+fp/softfp/crtbegin.o
                0x1000b890                        . = ALIGN (0x4)

.glue_7         0x1000b890        0x0
 .glue_7        0x1000b890        0x0 linker stubs

.glue_7t        0x1000b890        0x0
 .glue_7t       0x1000b890        0x0 linker stubs

.vfp11_veneer   0x1000b890        0x0
 .vfp11_veneer  0x1000b890        0x0 linker stubs

.v4_bx          0x1000b890        0x0
 .v4_bx         0x1000b890        0x0 linker stubs

.iplt           0x1000b890        0x0
 .iplt          0x1000b890        0x0 /usr/lib/gcc/arm-none-eabi/13.2.1/thumb/v8-m.main+fp/softfp/crtbegin.o

.boot2          0x1000b890        0x0
                0x1000b890                        __boot2_start__ = .
 *(.boot2)
                0x1000b890                        __boot2_end__ = .
                0x00000001                        ASSERT (((__boot2_end__ - __boot2_start__) <= 0x100), ERROR: Pico second stage bootloader must be no more than 256 bytes in size)

.rodata         0x1000b890      0x660
 *(EXCLUDE_FILE(*libm.a: *libc.a:*lib_a-mem*.o *libgcc.a:) .rodata*)
 .rodata.main.str1.4
                0x1000b890      0x2b4 CMakeFiles/main.dir/src/main.cpp.o
                                 0xd5 (size before relaxing)
 .rodata.panic.str1.4
                0x1000bb44       0x12 CMakeFiles/main.dir/pico-sdk/src/rp2_common/pico_platform_panic/panic.c.o
 .rodata.spin_lock_claim_unused.str1.4
                0x1000bb44       0x1b CMakeFiles/main.dir/pico-sdk/src/rp2_common/hardware_sync/sync.c.o
 .rodata.user_irq_claim_unused.str1.4
                0x1000bb44       0x1b CMakeFiles/main.dir/pico-sdk/src/rp2_common/hardware_irq/irq.c.o
 .rodata.timer_hardware_alarm_claim.str1.4
                0x1000bb44       0x22 CMakeFiles/main.dir/pico-sdk/src/rp2_common/hardware_timer/timer.c.o
 .rodata.hard_assertion_failure.str1.4
                0x1000bb44        0xc CMakeFiles/main.dir/pico-sdk/src/rp2_common/pico_runtime/runtime.c.o
 .rodata.str1.4
                0x1000bb44       0x44 CMakeFiles/main.dir/pico-sdk/src/rp2_common/pico_standard_binary_info/standard_binary_info.c.o
 .rodata.__bi_84
                0x1000bb44        0xc CMakeFiles/main.dir/pico-sdk/src/rp2_common/pico_standard_binary_info/standard_binary_info.c.o
 .rodata.__bi_78
                0x1000bb50        0xc CMakeFiles/main.dir/pico-sdk/src/rp2_common/pico_standard_binary_info/standard_binary_info.c.o
 .rodata.__bi_54
                0x1000bb5c        0xc CMakeFiles/main.dir/pico-sdk/src/rp2_common/pico_standard_binary_info/standard_binary_info.c.o
 .rodata.__bi_48
                0x1000bb68        0xc CMakeFiles/main.dir/pico-sdk/src/rp2_common/pico_standard_binary_info/standard_binary_info.c.o
 .rodata.__bi_42
                0x1000bb74        0xc CMakeFiles/main.dir/pico-sdk/src/rp2_common/pico_standard_binary_info/standard_binary_info.c.o
 .rodata.__bi_34
                0x1000bb80        0xc CMakeFiles/main.dir/pico-sdk/src/rp2_common/pico_standard_binary_info/standard_binary_info.c.o
 .rodata.__bi_26
                0x1000bb8c        0xc CMakeFiles/main.dir/pico-sdk/src/rp2_common/pico_standard_binary_info/standard_binary_info.c.o
 .rodata._ftoa.str1.4
                0x1000bb98       0x15 CMakeFiles/main.dir/pico-sdk/src/rp2_common/pico_printf/printf.c.o
 .rodata.pow10.0
                0x1000bb98       0x50 CMakeFiles/main.dir/pico-sdk/src/rp2_common/pico_printf/printf.c.o
 .rodata.crlf_str.0
                0x1000bbe8        0x2 CMakeFiles/main.dir/pico-sdk/src/rp2_common/pico_stdio/stdio.c.o
 *fill*         0x1000bbea        0x2 
 .rodata._resetd_driver
                0x1000bbec       0x20 CMakeFiles/main.dir/pico-sdk/src/rp2_common/pico_stdio_usb/reset_interface.c.o
 .rodata.desc_ms_os_20
                0x1000bc0c       0xa6 CMakeFiles/main.dir/pico-sdk/src/rp2_common/pico_stdio_usb/reset_interface.c.o
 *fill*         0x1000bcb2        0x2 
 .rodata.desc_bos
                0x1000bcb4       0x21 CMakeFiles/main.dir/pico-sdk/src/rp2_common/pico_stdio_usb/reset_interface.c.o
                0x1000bcb4                desc_bos
 .rodata.str1.4
                0x1000bcd5       0x13 CMakeFiles/main.dir/pico-sdk/src/rp2_common/pico_stdio_usb/stdio_usb.c.o
 *fill*         0x1000bcd5        0x3 
 .rodata.__bi_202.0
                0x1000bcd8        0xc CMakeFiles/main.dir/pico-sdk/src/rp2_common/pico_stdio_usb/stdio_usb.c.o
 .rodata.str1.4
                0x1000bce4       0x2a CMakeFiles/main.dir/pico-sdk/src/rp2_common/pico_stdio_usb/stdio_usb_descriptors.c.o
 .rodata.usbd_desc_str
                0x1000bce4       0x18 CMakeFiles/main.dir/pico-sdk/src/rp2_common/pico_stdio_usb/stdio_usb_descriptors.c.o
 .rodata.usbd_desc_cfg
                0x1000bcfc       0x54 CMakeFiles/main.dir/pico-sdk/src/rp2_common/pico_stdio_usb/stdio_usb_descriptors.c.o
 .rodata.usbd_desc_device
                0x1000bd50       0x12 CMakeFiles/main.dir/pico-sdk/src/rp2_common/pico_stdio_usb/stdio_usb_descriptors.c.o
 .rodata.str1.4
                0x1000bd62       0x14 CMakeFiles/main.dir/pico-sdk/lib/tinyusb/src/portable/raspberrypi/rp2040/dcd_rp2040.c.o
 .rodata.str1.4
                0x1000bd62       0x48 CMakeFiles/main.dir/pico-sdk/lib/tinyusb/src/portable/raspberrypi/rp2040/rp2040_usb.c.o
 *fill*         0x1000bd62        0x2 
 .rodata._usbd_driver
                0x1000bd64       0x40 CMakeFiles/main.dir/pico-sdk/lib/tinyusb/src/device/usbd.c.o
 .rodata._ZN6BNO08x5beginEhP8i2c_instaa.str1.4
                0x1000bda4       0x12 BNO08x_Pico_Library/libBNO08x_Pico_Library.a(bno08x.cpp.o)
 .rodata        0x1000bda4        0x5 BNO08x_Pico_Library/libBNO08x_Pico_Library.a(bno08x.cpp.o)
 .rodata.str1.4
                0x1000bda9       0x4c BNO08x_Pico_Library/sh2/libsh2.a(sh2.c.o)
 *fill*         0x1000bda9        0x3 
 .rodata        0x1000bdac      0x140 BNO08x_Pico_Library/sh2/libsh2.a(sh2.c.o)
                0x1000bdac                getProdIdOp
                0x1000bdb8                getSensorConfigOp
                0x1000bdc4                setSensorConfigOp
                0x1000be50                getFrsOp
                0x1000be5c                setFrsOp
                0x1000be68                getErrorsOp
                0x1000be74                getCountsOp
                0x1000be80                sendCmdOp
                0x1000be8c                reinitOp
                0x1000be98                saveDcdNowOp
                0x1000bea4                getOscTypeOp
                0x1000beb0                setCalConfigOp
                0x1000bebc                getCalConfigOp
                0x1000bec8                forceFlushOp
                0x1000bed4                startCalOp
                0x1000bee0                finishCalOp
 .rodata.str1.4
                0x1000beec        0x8 BNO08x_Pico_Library/sh2/libsh2.a(shtp.c.o)
 .rodata        0x1000beec        0x2 BNO08x_Pico_Library/sh2/libsh2.a(shtp.c.o)
 *(.srodata*)
                0x1000bef4                        . = ALIGN (0x4)
 *fill*         0x1000beee        0x2 
 *(SORT_BY_ALIGNMENT(SORT_BY_NAME(.flashdata*)))
                0x1000bef0                        . = ALIGN (0x4)

.ARM.extab
 *(.ARM.extab* .gnu.linkonce.armextab.*)
                0x1000bef0                        __exidx_start = .

.ARM.exidx      0x1000bef0        0x8
 *(.ARM.exidx* .gnu.linkonce.armexidx.*)
 .ARM.exidx     0x1000bef0        0x8 /usr/lib/gcc/arm-none-eabi/13.2.1/../../../arm-none-eabi/lib/thumb/v8-m.main+fp/softfp/libg.a(libc_a-strcmp.o)
 .ARM.exidx     0x1000bef8        0x0 /usr/lib/gcc/arm-none-eabi/13.2.1/../../../arm-none-eabi/lib/thumb/v8-m.main+fp/softfp/libg.a(libc_a-memcpy.o)
                                  0x8 (size before relaxing)
 .ARM.exidx     0x1000bef8        0x0 /usr/lib/gcc/arm-none-eabi/13.2.1/thumb/v8-m.main+fp/softfp/libgcc.a(_udivmoddi4.o)
                                  0x8 (size before relaxing)
                0x1000bef8                        __exidx_end = .
                0x1000bef8                        . = ALIGN (0x4)
                0x1000bef8                        __binary_info_start = .

.binary_info    0x1000bef8       0x20
 *(.binary_info.keep.*)
 .binary_info.keep.__bi_ptr84
                0x1000bef8        0x4 CMakeFiles/main.dir/pico-sdk/src/rp2_common/pico_standard_binary_info/standard_binary_info.c.o
 .binary_info.keep.__bi_ptr78
                0x1000befc        0x4 CMakeFiles/main.dir/pico-sdk/src/rp2_common/pico_standard_binary_info/standard_binary_info.c.o
 .binary_info.keep.__bi_ptr54
                0x1000bf00        0x4 CMakeFiles/main.dir/pico-sdk/src/rp2_common/pico_standard_binary_info/standard_binary_info.c.o
 .binary_info.keep.__bi_ptr48
                0x1000bf04        0x4 CMakeFiles/main.dir/pico-sdk/src/rp2_common/pico_standard_binary_info/standard_binary_info.c.o
 .binary_info.keep.__bi_ptr42
                0x1000bf08        0x4 CMakeFiles/main.dir/pico-sdk/src/rp2_common/pico_standard_binary_info/standard_binary_info.c.o
 .binary_info.keep.__bi_ptr34
                0x1000bf0c        0x4 CMakeFiles/main.dir/pico-sdk/src/rp2_common/pico_standard_binary_info/standard_binary_info.c.o
 .binary_info.keep.__bi_ptr26
                0x1000bf10        0x4 CMakeFiles/main.dir/pico-sdk/src/rp2_common/pico_standard_binary_info/standard_binary_info.c.o
 *(.binary_info.*)
 .binary_info.__bi_ptr202
                0x1000bf14        0x4 CMakeFiles/main.dir/pico-sdk/src/rp2_common/pico_stdio_usb/stdio_usb.c.o
                0x1000bf18                        __binary_info_end = .
                0x1000bf18                        . = ALIGN (0x4)

.ram_vector_table
                0x20000000      0x110
 *(.ram_vector_table)
 .ram_vector_table
                0x20000000      0x110 CMakeFiles/main.dir/pico-sdk/src/rp2_common/pico_runtime_init/runtime_init.c.o
                0x20000000                ram_vector_table

.uninitialized_data
                0x20000110        0x0
                0x20000110                        . = ALIGN (0x4)
 *(.uninitialized_data*)

.data           0x20000110     0x15e0 load address 0x1000bf18
                0x20000110                        __data_start__ = .
 *(vtable)
 *(.time_critical*)
 .time_critical.mutex_try_enter
                0x20000110       0x50 CMakeFiles/main.dir/pico-sdk/src/common/pico_sync/mutex.c.o
                0x20000110                mutex_try_enter
 .time_critical.mutex_enter_block_until
                0x20000160       0x70 CMakeFiles/main.dir/pico-sdk/src/common/pico_sync/mutex.c.o
                0x20000160                mutex_enter_block_until
 .time_critical.mutex_try_enter_block_until
                0x200001d0       0x6c CMakeFiles/main.dir/pico-sdk/src/common/pico_sync/mutex.c.o
                0x200001d0                mutex_try_enter_block_until
 .time_critical.mutex_enter_timeout_ms
                0x2000023c       0x38 CMakeFiles/main.dir/pico-sdk/src/common/pico_sync/mutex.c.o
                0x2000023c                mutex_enter_timeout_ms
 .time_critical.mutex_exit
                0x20000274       0x3c CMakeFiles/main.dir/pico-sdk/src/common/pico_sync/mutex.c.o
                0x20000274                mutex_exit
 .time_critical.reset_non_control_endpoints
                0x200002b0       0x64 CMakeFiles/main.dir/pico-sdk/lib/tinyusb/src/portable/raspberrypi/rp2040/dcd_rp2040.c.o
 .time_critical.hw_handle_buff_status
                0x20000314       0x94 CMakeFiles/main.dir/pico-sdk/lib/tinyusb/src/portable/raspberrypi/rp2040/dcd_rp2040.c.o
 .time_critical.dcd_rp2040_irq
                0x200003a8      0x510 CMakeFiles/main.dir/pico-sdk/lib/tinyusb/src/portable/raspberrypi/rp2040/dcd_rp2040.c.o
 .time_critical.prepare_ep_buffer
                0x200008b8       0xd0 CMakeFiles/main.dir/pico-sdk/lib/tinyusb/src/portable/raspberrypi/rp2040/rp2040_usb.c.o
 .time_critical.sync_ep_buffer
                0x20000988       0xb8 CMakeFiles/main.dir/pico-sdk/lib/tinyusb/src/portable/raspberrypi/rp2040/rp2040_usb.c.o
 .time_critical._hw_endpoint_xfer_sync
                0x20000a40       0x2c CMakeFiles/main.dir/pico-sdk/lib/tinyusb/src/portable/raspberrypi/rp2040/rp2040_usb.c.o
 .time_critical.e15_is_bulkin_ep
                0x20000a6c       0x28 CMakeFiles/main.dir/pico-sdk/lib/tinyusb/src/portable/raspberrypi/rp2040/rp2040_usb.c.o
 .time_critical.e15_is_critical_frame_period
                0x20000a94       0x28 CMakeFiles/main.dir/pico-sdk/lib/tinyusb/src/portable/raspberrypi/rp2040/rp2040_usb.c.o
 .time_critical.hw_endpoint_reset_transfer
                0x20000abc        0xc CMakeFiles/main.dir/pico-sdk/lib/tinyusb/src/portable/raspberrypi/rp2040/rp2040_usb.c.o
                0x20000abc                hw_endpoint_reset_transfer
 .time_critical._hw_endpoint_buffer_control_update32
                0x20000ac8       0x44 CMakeFiles/main.dir/pico-sdk/lib/tinyusb/src/portable/raspberrypi/rp2040/rp2040_usb.c.o
                0x20000ac8                _hw_endpoint_buffer_control_update32
 .time_critical.hw_endpoint_start_next_buffer
                0x20000b0c       0x64 CMakeFiles/main.dir/pico-sdk/lib/tinyusb/src/portable/raspberrypi/rp2040/rp2040_usb.c.o
                0x20000b0c                hw_endpoint_start_next_buffer
 .time_critical.hw_endpoint_xfer_continue
                0x20000b70       0x3c CMakeFiles/main.dir/pico-sdk/lib/tinyusb/src/portable/raspberrypi/rp2040/rp2040_usb.c.o
                0x20000b70                hw_endpoint_xfer_continue
 .time_critical.tinyusb
                0x20000bac      0x224 CMakeFiles/main.dir/pico-sdk/lib/tinyusb/src/device/usbd.c.o
                0x20000bac                dcd_event_handler
 *(.text*)
 .text          0x20000dd0       0x48 /usr/lib/gcc/arm-none-eabi/13.2.1/../../../arm-none-eabi/lib/thumb/v8-m.main+fp/softfp/libm.a(libm_a-wf_sqrt.o)
                0x20000dd0                sqrtf
 .text          0x20000e18       0x10 /usr/lib/gcc/arm-none-eabi/13.2.1/../../../arm-none-eabi/lib/thumb/v8-m.main+fp/softfp/libm.a(libm_a-ef_sqrt.o)
                0x20000e18                __ieee754_sqrtf
 .text          0x20000e28      0x378 /usr/lib/gcc/arm-none-eabi/13.2.1/thumb/v8-m.main+fp/softfp/libgcc.a(_arm_addsubdf3.o)
                0x20000e28                __aeabi_drsub
                0x20000e30                __aeabi_dsub
                0x20000e30                __subdf3
                0x20000e34                __adddf3
                0x20000e34                __aeabi_dadd
                0x200010ac                __aeabi_ui2d
                0x200010ac                __floatunsidf
                0x200010cc                __floatsidf
                0x200010cc                __aeabi_i2d
                0x200010f0                __extendsfdf2
                0x200010f0                __aeabi_f2d
                0x20001134                __aeabi_ul2d
                0x20001134                __floatundidf
                0x20001144                __floatdidf
                0x20001144                __aeabi_l2d
 .text          0x200011a0       0x30 /usr/lib/gcc/arm-none-eabi/13.2.1/thumb/v8-m.main+fp/softfp/libgcc.a(_aeabi_uldivmod.o)
                0x200011a0                __aeabi_uldivmod
 .text          0x200011d0      0x300 /usr/lib/gcc/arm-none-eabi/13.2.1/thumb/v8-m.main+fp/softfp/libgcc.a(_udivmoddi4.o)
                0x200011d0                __udivmoddi4
 .text          0x200014d0        0x4 /usr/lib/gcc/arm-none-eabi/13.2.1/thumb/v8-m.main+fp/softfp/libgcc.a(_dvmd_tls.o)
                0x200014d0                __aeabi_ldiv0
                0x200014d0                __aeabi_idiv0
 *fill*         0x200014d4        0x4 
 .text.__stub   0x200014d8       0x38 linker stubs
                0x20001510                        . = ALIGN (0x4)
 *(.rodata*)
                0x20001510                        . = ALIGN (0x4)
 *(.data*)
 .data.striped_spin_lock_num
                0x20001510        0x1 CMakeFiles/main.dir/pico-sdk/src/rp2_common/hardware_sync/sync.c.o
 *fill*         0x20001511        0x3 
 .data          0x20001514       0x48 CMakeFiles/main.dir/pico-sdk/src/rp2_common/hardware_irq/irq_handler_chain.S.o
                0x20001514                irq_handler_chain_slots
                0x20001544                irq_handler_chain_first_slot
                0x2000154e                irq_handler_chain_remove_tail
 .data.default_alarm_pool
                0x2000155c       0x18 CMakeFiles/main.dir/pico-sdk/src/common/pico_time/time.c.o
 .data.stdio_usb
                0x20001574       0x18 CMakeFiles/main.dir/pico-sdk/src/rp2_common/pico_stdio_usb/stdio_usb.c.o
                0x20001574                stdio_usb
 .data._usbd_qdef
                0x2000158c       0x1c CMakeFiles/main.dir/pico-sdk/lib/tinyusb/src/device/usbd.c.o
                0x2000158c                _usbd_qdef
 .data._usbd_rhport
                0x200015a8        0x1 CMakeFiles/main.dir/pico-sdk/lib/tinyusb/src/device/usbd.c.o
 *fill*         0x200015a9        0x3 
 .data.i2c0_inst
                0x200015ac        0x8 CMakeFiles/main.dir/pico-sdk/src/rp2_common/hardware_i2c/i2c.c.o
                0x200015ac                i2c0_inst
 .data._maxBufferSize
                0x200015b4        0x4 BNO08x_Pico_Library/libBNO08x_Pico_Library.a(bno08x.cpp.o)
                0x200015b4                _maxBufferSize
 .data._ZN6CONFIG14I2C_TIMEOUT_USE
                0x200015b8        0x4 BNO08x_Pico_Library/libBNO08x_Pico_Library.a(bno08x.cpp.o)
                0x200015b8                CONFIG::I2C_TIMEOUT_US
 *fill*         0x200015bc        0x4 
 .data          0x200015c0      0x128 /usr/lib/gcc/arm-none-eabi/13.2.1/../../../arm-none-eabi/lib/thumb/v8-m.main+fp/softfp/libg.a(libc_a-impure.o)
                0x200015c0                _impure_ptr
                0x200015c8                _impure_data
 *(.sdata*)
                0x200016e8                        . = ALIGN (0x4)
 *(.after_data.*)
                0x200016e8                        . = ALIGN (0x4)
                0x200016e8                        PROVIDE (__mutex_array_start = .)
 *(SORT_BY_NAME(.mutex_array.*))
 *(.mutex_array)
 .mutex_array   0x200016e8        0x8 CMakeFiles/main.dir/pico-sdk/src/rp2_common/pico_stdio/stdio.c.o
                0x200016f0                        PROVIDE (__mutex_array_end = .)
 *(.jcr)
                0x200016f0                        . = ALIGN (0x4)

.tm_clone_table
                0x200016f0        0x0 load address 0x1000d4f8
 .tm_clone_table
                0x200016f0        0x0 /usr/lib/gcc/arm-none-eabi/13.2.1/thumb/v8-m.main+fp/softfp/crtbegin.o
 .tm_clone_table
                0x200016f0        0x0 /usr/lib/gcc/arm-none-eabi/13.2.1/thumb/v8-m.main+fp/softfp/crtend.o

.igot.plt       0x200016f0        0x0 load address 0x1000d4f8
 .igot.plt      0x200016f0        0x0 /usr/lib/gcc/arm-none-eabi/13.2.1/thumb/v8-m.main+fp/softfp/crtbegin.o

.tdata          0x200016f0        0x0 load address 0x1000d4f8
                0x200016f0                        . = ALIGN (0x4)
 *(.tdata .tdata.* .gnu.linkonce.td.*)
                0x200016f0                        __tdata_end = .
                0x200016f0                        PROVIDE (__data_end__ = .)
                0x1000bf18                        __etext = LOADADDR (.data)

.tbss           0x200016f0        0x0 load address 0x1000d4f8
                0x200016f0                        . = ALIGN (0x4)
                0x200016f0                        __bss_start__ = .
                0x200016f0                        __tls_base = .
 *(.tbss .tbss.* .gnu.linkonce.tb.*)
 *(.tcommon)
                0x200016f0                        __tls_end = .

.bss            0x200016f0     0x1a8c load address 0x1000d4f8
                0x200016f0                        . = ALIGN (0x4)
                0x200016f0                        __tbss_end = .
 *(SORT_BY_ALIGNMENT(SORT_BY_NAME(.bss*)))
 .bss.IMU       0x200016f0      0x120 CMakeFiles/main.dir/src/main.cpp.o
                0x200016f0                IMU
 .bss._cdcd_itf
                0x20001810       0xc8 CMakeFiles/main.dir/pico-sdk/lib/tinyusb/src/class/cdc/cdc_device.c.o
 .bss.default_alarm_pool_entries
                0x200018d8      0x180 CMakeFiles/main.dir/pico-sdk/src/common/pico_time/time.c.o
 .bss.last_avail_time.1
                0x20001a58        0x8 CMakeFiles/main.dir/pico-sdk/src/rp2_common/pico_stdio_usb/stdio_usb.c.o
 .bss           0x20001a60       0x1c /usr/lib/gcc/arm-none-eabi/13.2.1/thumb/v8-m.main+fp/softfp/crtbegin.o
 .bss           0x20001a7c      0x220 BNO08x_Pico_Library/sh2/libsh2.a(sh2.c.o)
                0x20001a98                _sh2
 .bss           0x20001c9c      0x835 BNO08x_Pico_Library/sh2/libsh2.a(shtp.c.o)
 *fill*         0x200024d1        0x3 
 .bss           0x200024d4      0x13c /usr/lib/gcc/arm-none-eabi/13.2.1/../../../arm-none-eabi/lib/thumb/v8-m.main+fp/softfp/libg.a(libc_a-findfp.o)
                0x200024d4                __sf
                0x2000260c                __stdio_exit_handler
 .bss           0x20002610      0x190 /usr/lib/gcc/arm-none-eabi/13.2.1/../../../arm-none-eabi/lib/thumb/v8-m.main+fp/softfp/libg.a(libc_a-__atexit.o)
                0x20002610                __atexit0
 .bss           0x200027a0        0x4 /usr/lib/gcc/arm-none-eabi/13.2.1/../../../arm-none-eabi/lib/thumb/v8-m.main+fp/softfp/libg.a(libc_a-__call_atexit.o)
                0x200027a0                __atexit
 .bss._ZL19i2c_reinit_attempts
                0x200027a4        0x4 BNO08x_Pico_Library/libBNO08x_Pico_Library.a(utils.cpp.o)
 .bss._ZZN6BNO08x12enableReportEhmmE6config
                0x200027a8       0x14 BNO08x_Pico_Library/libBNO08x_Pico_Library.a(bno08x.cpp.o)
 .bss._app_driver
                0x200027bc        0x4 CMakeFiles/main.dir/pico-sdk/lib/tinyusb/src/device/usbd.c.o
 .bss._cdcd_epbuf
                0x200027c0       0x80 CMakeFiles/main.dir/pico-sdk/lib/tinyusb/src/class/cdc/cdc_device.c.o
 .bss._cdcd_fifo_cfg
                0x20002840        0x1 CMakeFiles/main.dir/pico-sdk/lib/tinyusb/src/class/cdc/cdc_device.c.o
 *fill*         0x20002841        0x3 
 .bss._ctrl_epbuf
                0x20002844       0x40 CMakeFiles/main.dir/pico-sdk/lib/tinyusb/src/device/usbd_control.c.o
 .bss._ctrl_xfer
                0x20002884       0x14 CMakeFiles/main.dir/pico-sdk/lib/tinyusb/src/device/usbd_control.c.o
 .bss._sw_spin_locks
                0x20002898       0x20 CMakeFiles/main.dir/pico-sdk/src/rp2_common/hardware_sync_spin_lock/sync_spin_lock.c.o
                0x20002898                _sw_spin_locks
 .bss._tusb_rhport_role
                0x200028b8        0x2 CMakeFiles/main.dir/pico-sdk/lib/tinyusb/src/tusb.c.o
                0x200028b8                _tusb_rhport_role
 *fill*         0x200028ba        0x2 
 .bss._ubsd_mutexdef
                0x200028bc        0x8 CMakeFiles/main.dir/pico-sdk/lib/tinyusb/src/device/usbd.c.o
 .bss._usbd_dev
                0x200028c4       0x54 CMakeFiles/main.dir/pico-sdk/lib/tinyusb/src/device/usbd.c.o
 .bss._usbd_mutex
                0x20002918        0x4 CMakeFiles/main.dir/pico-sdk/lib/tinyusb/src/device/usbd.c.o
 .bss._usbd_q   0x2000291c        0x4 CMakeFiles/main.dir/pico-sdk/lib/tinyusb/src/device/usbd.c.o
 .bss._usbd_qdef_buf
                0x20002920       0xc0 CMakeFiles/main.dir/pico-sdk/lib/tinyusb/src/device/usbd.c.o
                0x20002920                _usbd_qdef_buf
 .bss._vendord_epbuf
                0x200029e0       0x80 CMakeFiles/main.dir/pico-sdk/lib/tinyusb/src/class/vendor/vendor_device.c.o
 .bss._vendord_itf
                0x20002a60      0x24c CMakeFiles/main.dir/pico-sdk/lib/tinyusb/src/class/vendor/vendor_device.c.o
 .bss.chars_available_callback
                0x20002cac        0x4 CMakeFiles/main.dir/pico-sdk/src/rp2_common/pico_stdio_usb/stdio_usb.c.o
 .bss.chars_available_param
                0x20002cb0        0x4 CMakeFiles/main.dir/pico-sdk/src/rp2_common/pico_stdio_usb/stdio_usb.c.o
 .bss.claimed   0x20002cb4        0x4 CMakeFiles/main.dir/pico-sdk/src/rp2_common/hardware_sync/sync.c.o
 .bss.claimed   0x20002cb8        0x2 CMakeFiles/main.dir/pico-sdk/src/rp2_common/hardware_timer/timer.c.o
 *fill*         0x20002cba        0x2 
 .bss.configured_freq
                0x20002cbc       0x28 CMakeFiles/main.dir/pico-sdk/src/rp2_common/hardware_clocks/clocks.c.o
 .bss.desc_str.0
                0x20002ce4       0x28 CMakeFiles/main.dir/pico-sdk/src/rp2_common/pico_stdio_usb/stdio_usb_descriptors.c.o
 .bss.drivers   0x20002d0c        0x4 CMakeFiles/main.dir/pico-sdk/src/rp2_common/pico_stdio/stdio.c.o
 .bss.e15_last_sof
                0x20002d10        0x4 CMakeFiles/main.dir/pico-sdk/lib/tinyusb/src/portable/raspberrypi/rp2040/rp2040_usb.c.o
                0x20002d10                e15_last_sof
 .bss.filter    0x20002d14        0x4 CMakeFiles/main.dir/pico-sdk/src/rp2_common/pico_stdio/stdio.c.o
 .bss.hw_endpoints
                0x20002d18      0x400 CMakeFiles/main.dir/pico-sdk/lib/tinyusb/src/portable/raspberrypi/rp2040/dcd_rp2040.c.o
 .bss.lazy_vsnprintf
                0x20003118        0x4 CMakeFiles/main.dir/pico-sdk/src/rp2_common/pico_printf/printf.c.o
 .bss.load_value
                0x2000311c        0x4 CMakeFiles/main.dir/pico-sdk/src/rp2_common/hardware_watchdog/watchdog.c.o
 .bss.next_buffer_ptr
                0x20003120        0x4 CMakeFiles/main.dir/pico-sdk/lib/tinyusb/src/portable/raspberrypi/rp2040/dcd_rp2040.c.o
 .bss.one_shot_timer_crit_sec
                0x20003124        0x8 CMakeFiles/main.dir/pico-sdk/src/rp2_common/pico_stdio_usb/stdio_usb.c.o
 .bss.pools     0x2000312c       0x20 CMakeFiles/main.dir/pico-sdk/src/common/pico_time/time.c.o
 .bss.retrieved_id
                0x2000314c        0x8 CMakeFiles/main.dir/pico-sdk/src/rp2_common/pico_unique_id/unique_id.c.o
 .bss.sleep_notifier
                0x20003154        0x4 CMakeFiles/main.dir/pico-sdk/src/common/pico_time/time.c.o
 .bss.stdio_usb_mutex
                0x20003158        0x8 CMakeFiles/main.dir/pico-sdk/src/rp2_common/pico_stdio_usb/stdio_usb.c.o
 .bss.usbd_serial_str
                0x20003160       0x11 CMakeFiles/main.dir/pico-sdk/src/rp2_common/pico_stdio_usb/stdio_usb_descriptors.c.o
 .bss._app_driver_count
                0x20003171        0x1 CMakeFiles/main.dir/pico-sdk/lib/tinyusb/src/device/usbd.c.o
 .bss._sof_enable
                0x20003172        0x1 CMakeFiles/main.dir/pico-sdk/lib/tinyusb/src/portable/raspberrypi/rp2040/dcd_rp2040.c.o
 .bss._usbd_queued_setup
                0x20003173        0x1 CMakeFiles/main.dir/pico-sdk/lib/tinyusb/src/device/usbd.c.o
 .bss.irq_handler_chain_free_slot_head
                0x20003174        0x1 CMakeFiles/main.dir/pico-sdk/src/rp2_common/hardware_irq/irq.c.o
 .bss.itf_num   0x20003175        0x1 CMakeFiles/main.dir/pico-sdk/src/rp2_common/pico_stdio_usb/reset_interface.c.o
 .bss.low_priority_irq_num
                0x20003176        0x1 CMakeFiles/main.dir/pico-sdk/src/rp2_common/pico_stdio_usb/stdio_usb.c.o
 .bss.one_shot_timer_pending
                0x20003177        0x1 CMakeFiles/main.dir/pico-sdk/src/rp2_common/pico_stdio_usb/stdio_usb.c.o
 .bss.user_irq_claimed
                0x20003178        0x1 CMakeFiles/main.dir/pico-sdk/src/rp2_common/hardware_irq/irq.c.o
 *(COMMON)
                [!provide]                        PROVIDE (__global_pointer$ = (. + 0x800))
 *(.sbss*)
                0x2000317c                        . = ALIGN (0x4)
 *fill*         0x20003179        0x3 
                0x2000317c                        __bss_end__ = .

.heap           0x2000317c      0x800 load address 0x1000d4f8
                0x2000317c                        __end__ = .
                0x2000317c                        end = __end__
 *(.heap*)
 .heap          0x2000317c      0x800 CMakeFiles/main.dir/pico-sdk/src/rp2_common/pico_crt0/crt0.S.o
                0x20080000                        __HeapLimit = (ORIGIN (RAM) + LENGTH (RAM))

.scratch_x      0x20080000        0x0 load address 0x1000d4f8
                0x20080000                        __scratch_x_start__ = .
 *(.scratch_x.*)
                0x20080000                        . = ALIGN (0x4)
                0x20080000                        __scratch_x_end__ = .
                0x1000d4f8                        __scratch_x_source__ = LOADADDR (.scratch_x)

.scratch_y      0x20081000        0x0 load address 0x1000d4f8
                0x20081000                        __scratch_y_start__ = .
 *(.scratch_y.*)
                0x20081000                        . = ALIGN (0x4)
                0x20081000                        __scratch_y_end__ = .
                0x1000d4f8                        __scratch_y_source__ = LOADADDR (.scratch_y)

.stack1_dummy
 *(.stack1*)

.stack_dummy    0x20081000      0x800
 *(.stack*)
 .stack         0x20081000      0x800 CMakeFiles/main.dir/pico-sdk/src/rp2_common/pico_crt0/crt0.S.o

.flash_end      0x1000d4f8       0x14
 *(.embedded_end_block*)
 .embedded_end_block
                0x1000d4f8       0x14 CMakeFiles/main.dir/pico-sdk/src/rp2_common/pico_crt0/crt0.S.o
                0x1000d50c                        PROVIDE (__flash_binary_end = .)
                0x20080000                        __StackLimit = (ORIGIN (RAM) + LENGTH (RAM))
                0x20081000                        __StackOneTop = (ORIGIN (SCRATCH_X) + LENGTH (SCRATCH_X))
                0x20082000                        __StackTop = (ORIGIN (SCRATCH_Y) + LENGTH (SCRATCH_Y))
                0x20081000                        __StackOneBottom = (__StackOneTop - SIZEOF (.stack1_dummy))
                0x20081800                        __StackBottom = (__StackTop - SIZEOF (.stack_dummy))
                0x20082000                        PROVIDE (__stack = __StackTop)
                [!provide]                        PROVIDE (__heap_start = __end__)
                [!provide]                        PROVIDE (__heap_end = __HeapLimit)
                [!provide]                        PROVIDE (__tls_align = MAX (ALIGNOF (.tdata), ALIGNOF (.tbss)))
                [!provide]                        PROVIDE (__tls_size_align = (((__tls_size + __tls_align) - 0x1) & ~ ((__tls_align - 0x1))))
                [!provide]                        PROVIDE (__arm32_tls_tcb_offset = MAX (0x8, __tls_align))
                [!provide]                        PROVIDE (_end = __end__)
                [!provide]                        PROVIDE (__llvm_libc_heap_limit = __HeapLimit)
                0x00000001                        ASSERT ((__StackLimit >= __HeapLimit), region RAM overflowed)
                0x00000001                        ASSERT (((__binary_info_header_end - __logical_binary_start) <= 0x400), Binary info must be in first 1024 bytes of the binary)
                0x00000001                        ASSERT (((__embedded_block_end - __logical_binary_start) <= 0x1000), Embedded block must be in first 4096 bytes of the binary)
LOAD CMakeFiles/main.dir/src/main.cpp.o
LOAD CMakeFiles/main.dir/pico-sdk/src/rp2_common/pico_stdlib/stdlib.c.o
LOAD CMakeFiles/main.dir/pico-sdk/src/rp2_common/hardware_gpio/gpio.c.o
LOAD CMakeFiles/main.dir/pico-sdk/src/rp2350/pico_platform/platform.c.o
LOAD CMakeFiles/main.dir/pico-sdk/src/rp2_common/pico_platform_common/common.c.o
LOAD CMakeFiles/main.dir/pico-sdk/src/rp2_common/pico_platform_panic/panic.c.o
LOAD CMakeFiles/main.dir/pico-sdk/src/common/hardware_claim/claim.c.o
LOAD CMakeFiles/main.dir/pico-sdk/src/rp2_common/hardware_sync/sync.c.o
LOAD CMakeFiles/main.dir/pico-sdk/src/rp2_common/hardware_sync_spin_lock/sync_spin_lock.c.o
LOAD CMakeFiles/main.dir/pico-sdk/src/rp2_common/hardware_irq/irq.c.o
LOAD CMakeFiles/main.dir/pico-sdk/src/rp2_common/hardware_irq/irq_handler_chain.S.o
LOAD CMakeFiles/main.dir/pico-sdk/src/common/pico_sync/sem.c.o
LOAD CMakeFiles/main.dir/pico-sdk/src/common/pico_sync/lock_core.c.o
LOAD CMakeFiles/main.dir/pico-sdk/src/common/pico_sync/mutex.c.o
LOAD CMakeFiles/main.dir/pico-sdk/src/common/pico_sync/critical_section.c.o
LOAD CMakeFiles/main.dir/pico-sdk/src/common/pico_time/time.c.o
LOAD CMakeFiles/main.dir/pico-sdk/src/common/pico_time/timeout_helper.c.o
LOAD CMakeFiles/main.dir/pico-sdk/src/rp2_common/hardware_timer/timer.c.o
LOAD CMakeFiles/main.dir/pico-sdk/src/common/pico_util/datetime.c.o
LOAD CMakeFiles/main.dir/pico-sdk/src/common/pico_util/pheap.c.o
LOAD CMakeFiles/main.dir/pico-sdk/src/common/pico_util/queue.c.o
LOAD CMakeFiles/main.dir/pico-sdk/src/rp2_common/hardware_uart/uart.c.o
LOAD CMakeFiles/main.dir/pico-sdk/src/rp2_common/hardware_clocks/clocks.c.o
LOAD CMakeFiles/main.dir/pico-sdk/src/rp2_common/hardware_pll/pll.c.o
LOAD CMakeFiles/main.dir/pico-sdk/src/rp2_common/hardware_vreg/vreg.c.o
LOAD CMakeFiles/main.dir/pico-sdk/src/rp2_common/hardware_watchdog/watchdog.c.o
LOAD CMakeFiles/main.dir/pico-sdk/src/rp2_common/hardware_ticks/ticks.c.o
LOAD CMakeFiles/main.dir/pico-sdk/src/rp2_common/pico_bootrom/bootrom.c.o